Archive member included to satisfy reference by file (symbol)

/usr/lib/gcc/arm-none-eabi/14.1.0/../../../../arm-none-eabi/lib/thumb/v7-m/nofp/libg_nano.a(libc_a-rand.o)
                              ./output/main.o (rand)
/usr/lib/gcc/arm-none-eabi/14.1.0/../../../../arm-none-eabi/lib/thumb/v7-m/nofp/libg_nano.a(libc_a-fflush.o)
                              ./output/startup_gcc.o (fflush)
/usr/lib/gcc/arm-none-eabi/14.1.0/../../../../arm-none-eabi/lib/thumb/v7-m/nofp/libg_nano.a(libc_a-findfp.o)
                              /usr/lib/gcc/arm-none-eabi/14.1.0/../../../../arm-none-eabi/lib/thumb/v7-m/nofp/libg_nano.a(libc_a-fflush.o) (__sglue)
/usr/lib/gcc/arm-none-eabi/14.1.0/../../../../arm-none-eabi/lib/thumb/v7-m/nofp/libg_nano.a(libc_a-fwalk.o)
                              /usr/lib/gcc/arm-none-eabi/14.1.0/../../../../arm-none-eabi/lib/thumb/v7-m/nofp/libg_nano.a(libc_a-fflush.o) (_fwalk_sglue)
/usr/lib/gcc/arm-none-eabi/14.1.0/../../../../arm-none-eabi/lib/thumb/v7-m/nofp/libg_nano.a(libc_a-stdio.o)
                              /usr/lib/gcc/arm-none-eabi/14.1.0/../../../../arm-none-eabi/lib/thumb/v7-m/nofp/libg_nano.a(libc_a-findfp.o) (__sread)
/usr/lib/gcc/arm-none-eabi/14.1.0/../../../../arm-none-eabi/lib/thumb/v7-m/nofp/libg_nano.a(libc_a-memset.o)
                              ./output/tasks.o (memset)
/usr/lib/gcc/arm-none-eabi/14.1.0/../../../../arm-none-eabi/lib/thumb/v7-m/nofp/libg_nano.a(libc_a-closer.o)
                              /usr/lib/gcc/arm-none-eabi/14.1.0/../../../../arm-none-eabi/lib/thumb/v7-m/nofp/libg_nano.a(libc_a-stdio.o) (_close_r)
/usr/lib/gcc/arm-none-eabi/14.1.0/../../../../arm-none-eabi/lib/thumb/v7-m/nofp/libg_nano.a(libc_a-reent.o)
                              /usr/lib/gcc/arm-none-eabi/14.1.0/../../../../arm-none-eabi/lib/thumb/v7-m/nofp/libg_nano.a(libc_a-closer.o) (errno)
/usr/lib/gcc/arm-none-eabi/14.1.0/../../../../arm-none-eabi/lib/thumb/v7-m/nofp/libg_nano.a(libc_a-impure.o)
                              ./output/startup_gcc.o (_impure_ptr)
/usr/lib/gcc/arm-none-eabi/14.1.0/../../../../arm-none-eabi/lib/thumb/v7-m/nofp/libg_nano.a(libc_a-lseekr.o)
                              /usr/lib/gcc/arm-none-eabi/14.1.0/../../../../arm-none-eabi/lib/thumb/v7-m/nofp/libg_nano.a(libc_a-stdio.o) (_lseek_r)
/usr/lib/gcc/arm-none-eabi/14.1.0/../../../../arm-none-eabi/lib/thumb/v7-m/nofp/libg_nano.a(libc_a-readr.o)
                              /usr/lib/gcc/arm-none-eabi/14.1.0/../../../../arm-none-eabi/lib/thumb/v7-m/nofp/libg_nano.a(libc_a-stdio.o) (_read_r)
/usr/lib/gcc/arm-none-eabi/14.1.0/../../../../arm-none-eabi/lib/thumb/v7-m/nofp/libg_nano.a(libc_a-writer.o)
                              /usr/lib/gcc/arm-none-eabi/14.1.0/../../../../arm-none-eabi/lib/thumb/v7-m/nofp/libg_nano.a(libc_a-stdio.o) (_write_r)
/usr/lib/gcc/arm-none-eabi/14.1.0/../../../../arm-none-eabi/lib/thumb/v7-m/nofp/libg_nano.a(libc_a-lock.o)
                              /usr/lib/gcc/arm-none-eabi/14.1.0/../../../../arm-none-eabi/lib/thumb/v7-m/nofp/libg_nano.a(libc_a-findfp.o) (__retarget_lock_init_recursive)
/usr/lib/gcc/arm-none-eabi/14.1.0/../../../../arm-none-eabi/lib/thumb/v7-m/nofp/libg_nano.a(libc_a-memcpy-stub.o)
                              ./output/queue.o (memcpy)
/usr/lib/gcc/arm-none-eabi/14.1.0/../../../../arm-none-eabi/lib/thumb/v7-m/nofp/libg_nano.a(libc_a-assert.o)
                              /usr/lib/gcc/arm-none-eabi/14.1.0/../../../../arm-none-eabi/lib/thumb/v7-m/nofp/libg_nano.a(libc_a-rand.o) (__assert_func)
/usr/lib/gcc/arm-none-eabi/14.1.0/../../../../arm-none-eabi/lib/thumb/v7-m/nofp/libg_nano.a(libc_a-freer.o)
                              /usr/lib/gcc/arm-none-eabi/14.1.0/../../../../arm-none-eabi/lib/thumb/v7-m/nofp/libg_nano.a(libc_a-fflush.o) (_free_r)
/usr/lib/gcc/arm-none-eabi/14.1.0/../../../../arm-none-eabi/lib/thumb/v7-m/nofp/libg_nano.a(libc_a-malloc.o)
                              /usr/lib/gcc/arm-none-eabi/14.1.0/../../../../arm-none-eabi/lib/thumb/v7-m/nofp/libg_nano.a(libc_a-rand.o) (malloc)
/usr/lib/gcc/arm-none-eabi/14.1.0/../../../../arm-none-eabi/lib/thumb/v7-m/nofp/libg_nano.a(libc_a-mallocr.o)
                              /usr/lib/gcc/arm-none-eabi/14.1.0/../../../../arm-none-eabi/lib/thumb/v7-m/nofp/libg_nano.a(libc_a-findfp.o) (_malloc_r)
/usr/lib/gcc/arm-none-eabi/14.1.0/../../../../arm-none-eabi/lib/thumb/v7-m/nofp/libg_nano.a(libc_a-mlock.o)
                              /usr/lib/gcc/arm-none-eabi/14.1.0/../../../../arm-none-eabi/lib/thumb/v7-m/nofp/libg_nano.a(libc_a-freer.o) (__malloc_lock)
/usr/lib/gcc/arm-none-eabi/14.1.0/../../../../arm-none-eabi/lib/thumb/v7-m/nofp/libg_nano.a(libc_a-fprintf.o)
                              /usr/lib/gcc/arm-none-eabi/14.1.0/../../../../arm-none-eabi/lib/thumb/v7-m/nofp/libg_nano.a(libc_a-assert.o) (fiprintf)
/usr/lib/gcc/arm-none-eabi/14.1.0/../../../../arm-none-eabi/lib/thumb/v7-m/nofp/libg_nano.a(libc_a-sbrkr.o)
[...]
Memory Configuration

Name             Origin             Length             Attributes
FLASH            0x00000000         0x00400000         xr
RAM              0x20000000         0x00400000         rw
*default*        0x00000000         0xffffffff

Linker script and memory map

LOAD ./output/tasks.o
LOAD ./output/list.o
LOAD ./output/queue.o
LOAD ./output/event_groups.o
LOAD ./output/stream_buffer.o
LOAD ./output/heap_4.o
LOAD ./output/port.o
LOAD ./output/main.o
LOAD ./output/startup_gcc.o
LOAD ./output/IntTimer.o
LOAD ./output/printf-stdarg.o
START GROUP
LOAD /usr/lib/gcc/arm-none-eabi/14.1.0/thumb/v7-m/nofp/libgcc.a
LOAD /usr/lib/gcc/arm-none-eabi/14.1.0/../../../../arm-none-eabi/lib/thumb/v7-m/nofp/libg_nano.a
LOAD /usr/lib/gcc/arm-none-eabi/14.1.0/../../../../arm-none-eabi/lib/thumb/v7-m/nofp/libc_nano.a
END GROUP
START GROUP
LOAD /usr/lib/gcc/arm-none-eabi/14.1.0/thumb/v7-m/nofp/libgcc.a
LOAD /usr/lib/gcc/arm-none-eabi/14.1.0/../../../../arm-none-eabi/lib/thumb/v7-m/nofp/libc_nano.a
LOAD /usr/lib/gcc/arm-none-eabi/14.1.0/../../../../arm-none-eabi/lib/thumb/v7-m/nofp/libnosys.a
END GROUP
START GROUP
LOAD /usr/lib/gcc/arm-none-eabi/14.1.0/thumb/v7-m/nofp/libgcc.a
LOAD /usr/lib/gcc/arm-none-eabi/14.1.0/../../../../arm-none-eabi/lib/thumb/v7-m/nofp/libc_nano.a
LOAD /usr/lib/gcc/arm-none-eabi/14.1.0/../../../../arm-none-eabi/lib/thumb/v7-m/nofp/libnosys.a
END GROUP
                0x00000008                        _Min_Heap_Size = 0x8
                0x00000400                        _Min_Stack_Size = 0x400
                0x20400000                        _estack = (ORIGIN (RAM) + LENGTH (RAM))

.isr_vector     0x00000000       0x78
                0x00000000                        __vector_table = .
 *(.isr_vector)
 .isr_vector    0x00000000       0x78 ./output/startup_gcc.o
                0x00000000                isr_vector
                0x00000078                        . = ALIGN (0x4)

.text           0x00000078      0x148
 *(.text)
 *(.rodata*)
 .rodata.vTaskStartScheduler.str1.1
                0x00000078      0x142 ./output/tasks.o
                                  0x5 (size before relaxing)
 *fill*         0x000001ba        0x2 
 .rodata.uxTopUsedPriority
                0x000001bc        0x4 ./output/tasks.o
 .rodata.taskA.str1.1
                0x000001c0       0x33 ./output/main.o
 .rodata.main.str1.1
                0x000001c0        0x6 ./output/main.o
 .rodata.prvGetRegistersFromStack.str1.1
                0x000001c0       0x36 ./output/startup_gcc.o
 .rodata.Timer0_Handler.str1.1
                0x000001c0       0x15 ./output/IntTimer.o
 .rodata.tiny_print.str1.1
                0x000001c0        0x7 ./output/printf-stdarg.o
 .rodata.srand.str1.1
                0x000001c0       0x43 /usr/lib/gcc/arm-none-eabi/14.1.0/../../../../arm-none-eabi/lib/thumb/v7-m/nofp/libg_nano.a(libc_a-rand.o)
 .rodata.__assert_func.str1.1
                0x000001c0       0x3d /usr/lib/gcc/arm-none-eabi/14.1.0/../../../../arm-none-eabi/lib/thumb/v7-m/nofp/libg_nano.a(libc_a-assert.o)
 .rodata._vfprintf_r.str1.1
                0x000001c0       0x11 /usr/lib/gcc/arm-none-eabi/14.1.0/../../../../arm-none-eabi/lib/thumb/v7-m/nofp/libg_nano.a(libc_a-nano-vfprintf.o)
 .rodata._printf_i.str1.1
                0x000001c0       0x22 /usr/lib/gcc/arm-none-eabi/14.1.0/../../../../arm-none-eabi/lib/thumb/v7-m/nofp/libg_nano.a(libc_a-nano-vfprintf_i.o)
 *(.constdata*)
                0x000001c0                        _etext = .
                0x000001c0                        _sidata = .

.glue_7         0x000001c0        0x0
 .glue_7        0x000001c0        0x0 linker stubs

.glue_7t        0x000001c0        0x0
 .glue_7t       0x000001c0        0x0 linker stubs

.vfp11_veneer   0x000001c0        0x0
 .vfp11_veneer  0x000001c0        0x0 linker stubs

.v4_bx          0x000001c0        0x0
 .v4_bx         0x000001c0        0x0 linker stubs

.text.prvAddCurrentTaskToDelayedList
                0x000001c0       0xb4
 .text.prvAddCurrentTaskToDelayedList
                0x000001c0       0xb4 ./output/tasks.o

.text.prvResetNextTaskUnblockTime
                0x00000274       0x24
 .text.prvResetNextTaskUnblockTime
                0x00000274       0x24 ./output/tasks.o

.text.prvCheckTasksWaitingTermination
                0x00000298       0x48
 .text.prvCheckTasksWaitingTermination
                0x00000298       0x48 ./output/tasks.o

.text.prvIdleTask
                0x000002e0        0x8
 .text.prvIdleTask
                0x000002e0        0x8 ./output/tasks.o

.text.xTaskCreate
                0x000002e8      0x1c0
 .text.xTaskCreate
                0x000002e8      0x1c0 ./output/tasks.o
                0x000002e8                xTaskCreate

.text.vTaskStartScheduler
                0x000004a8       0x74
 .text.vTaskStartScheduler
                0x000004a8       0x74 ./output/tasks.o
                0x000004a8                vTaskStartScheduler

.text.vTaskSuspendAll
                0x0000051c       0x10
 .text.vTaskSuspendAll
                0x0000051c       0x10 ./output/tasks.o
                0x0000051c                vTaskSuspendAll

.text.uxTaskGetNumberOfTasks
                0x0000052c        0xc
 .text.uxTaskGetNumberOfTasks
                0x0000052c        0xc ./output/tasks.o
                0x0000052c                uxTaskGetNumberOfTasks

.text.xTaskIncrementTick
                0x00000538      0x178
 .text.xTaskIncrementTick
                0x00000538      0x178 ./output/tasks.o
                0x00000538                xTaskIncrementTick

.text.xTaskResumeAll
                0x000006b0      0x14c
 .text.xTaskResumeAll
                0x000006b0      0x14c ./output/tasks.o
                0x000006b0                xTaskResumeAll

.text.vTaskSwitchContext
                0x000007fc       0x58
 .text.vTaskSwitchContext
                0x000007fc       0x58 ./output/tasks.o
                0x000007fc                vTaskSwitchContext

.text.vTaskPlaceOnEventList
                0x00000854       0x20
 .text.vTaskPlaceOnEventList
                0x00000854       0x20 ./output/tasks.o
                0x00000854                vTaskPlaceOnEventList

.text.xTaskRemoveFromEventList
                0x00000874       0xb8
 .text.xTaskRemoveFromEventList
                0x00000874       0xb8 ./output/tasks.o
                0x00000874                xTaskRemoveFromEventList

.text.vTaskInternalSetTimeOutState
                0x0000092c       0x18
 .text.vTaskInternalSetTimeOutState
                0x0000092c       0x18 ./output/tasks.o
                0x0000092c                vTaskInternalSetTimeOutState

.text.xTaskCheckForTimeOut
                0x00000944       0x68
 .text.xTaskCheckForTimeOut
                0x00000944       0x68 ./output/tasks.o
                0x00000944                xTaskCheckForTimeOut

.text.vTaskMissedYield
                0x000009ac        0xc
 .text.vTaskMissedYield
                0x000009ac        0xc ./output/tasks.o
                0x000009ac                vTaskMissedYield

.text.xTaskPriorityInherit
                0x000009b8       0xa0
 .text.xTaskPriorityInherit
                0x000009b8       0xa0 ./output/tasks.o
                0x000009b8                xTaskPriorityInherit

.text.xTaskPriorityDisinherit
                0x00000a58       0x74
 .text.xTaskPriorityDisinherit
                0x00000a58       0x74 ./output/tasks.o
                0x00000a58                xTaskPriorityDisinherit

.text.vTaskPriorityDisinheritAfterTimeout
                0x00000acc       0x80
 .text.vTaskPriorityDisinheritAfterTimeout
                0x00000acc       0x80 ./output/tasks.o
                0x00000acc                vTaskPriorityDisinheritAfterTimeout

.text.pvTaskIncrementMutexHeldCount
                0x00000b4c       0x14
 .text.pvTaskIncrementMutexHeldCount
                0x00000b4c       0x14 ./output/tasks.o
                0x00000b4c                pvTaskIncrementMutexHeldCount

.iplt           0x00000b60        0x0
 .iplt          0x00000b60        0x0 ./output/tasks.o

.text.vListInitialise
                0x00000b60       0x16
 .text.vListInitialise
                0x00000b60       0x16 ./output/list.o
                0x00000b60                vListInitialise

.text.vListInitialiseItem
                0x00000b76        0x6
 .text.vListInitialiseItem
                0x00000b76        0x6 ./output/list.o
                0x00000b76                vListInitialiseItem

.text.vListInsert
                0x00000b7c       0x2e
 .text.vListInsert
                0x00000b7c       0x2e ./output/list.o
                0x00000b7c                vListInsert

.text.uxListRemove
                0x00000baa       0x1e
 .text.uxListRemove
                0x00000baa       0x1e ./output/list.o
                0x00000baa                uxListRemove

.text.prvIsQueueEmpty
                0x00000bc8       0x16
 .text.prvIsQueueEmpty
                0x00000bc8       0x16 ./output/queue.o

.text.prvCopyDataToQueue
                0x00000bde       0x66
 .text.prvCopyDataToQueue
                0x00000bde       0x66 ./output/queue.o

.text.prvNotifyQueueSetContainer
                0x00000c44       0x52
 .text.prvNotifyQueueSetContainer
                0x00000c44       0x52 ./output/queue.o

.text.prvUnlockQueue
                0x00000c96       0x78
 .text.prvUnlockQueue
                0x00000c96       0x78 ./output/queue.o

.text.xQueueGenericReset
                0x00000d0e       0x7a
 .text.xQueueGenericReset
                0x00000d0e       0x7a ./output/queue.o
                0x00000d0e                xQueueGenericReset

.text.xQueueGenericCreate
                0x00000d88       0x48
 .text.xQueueGenericCreate
                0x00000d88       0x48 ./output/queue.o
                0x00000d88                xQueueGenericCreate

.text.xQueueGiveFromISR
                0x00000dd0       0x70
 .text.xQueueGiveFromISR
                0x00000dd0       0x70 ./output/queue.o
                0x00000dd0                xQueueGiveFromISR

.text.xQueueSemaphoreTake
                0x00000e40      0x11c
 .text.xQueueSemaphoreTake
                0x00000e40      0x11c ./output/queue.o
                0x00000e40                xQueueSemaphoreTake

.text.pvPortMalloc
                0x00000f5c       0xf8
 .text.pvPortMalloc
                0x00000f5c       0xf8 ./output/heap_4.o
                0x00000f5c                pvPortMalloc

.text.vPortFree
                0x00001054       0x94
 .text.vPortFree
                0x00001054       0x94 ./output/heap_4.o
                0x00001054                vPortFree

.text.prvTaskExitError
                0x000010e8       0x20
 .text.prvTaskExitError
                0x000010e8       0x20 ./output/port.o

.text.prvPortStartFirstTask
                0x00001108       0x20
 .text.prvPortStartFirstTask
                0x00001108       0x20 ./output/port.o

.text.pxPortInitialiseStack
                0x00001128       0x24
 .text.pxPortInitialiseStack
                0x00001128       0x24 ./output/port.o
                0x00001128                pxPortInitialiseStack

.text.vPortSVCHandler
                0x0000114c       0x24
 .text.vPortSVCHandler
                0x0000114c       0x24 ./output/port.o
                0x0000114c                vPortSVCHandler

.text.vPortEnterCritical
                0x00001170       0x20
 .text.vPortEnterCritical
                0x00001170       0x20 ./output/port.o
                0x00001170                vPortEnterCritical

.text.vPortExitCritical
                0x00001190       0x14
 .text.vPortExitCritical
                0x00001190       0x14 ./output/port.o
                0x00001190                vPortExitCritical

.text.xPortPendSVHandler
                0x000011a4       0x44
 .text.xPortPendSVHandler
                0x000011a4       0x44 ./output/port.o
                0x000011a4                xPortPendSVHandler

.text.xPortSysTickHandler
                0x000011e8       0x2c
 .text.xPortSysTickHandler
                0x000011e8       0x2c ./output/port.o
                0x000011e8                xPortSysTickHandler

.text.vPortSetupTimerInterrupt
                0x00001214       0x16
 .text.vPortSetupTimerInterrupt
                0x00001214       0x16 ./output/port.o
                0x00001214                vPortSetupTimerInterrupt

.text.xPortStartScheduler
                0x0000122c       0x40
 .text.xPortStartScheduler
                0x0000122c       0x40 ./output/port.o
                0x0000122c                xPortStartScheduler

.text.taskA     0x0000126c       0x48
 .text.taskA    0x0000126c       0x48 ./output/main.o
                0x0000126c                taskA

.text.startup.main
                0x000012b4       0x44
 .text.startup.main
                0x000012b4       0x44 ./output/main.o
                0x000012b4                main

.text.Default_Handler
                0x00001300        0xc
 .text.Default_Handler
                0x00001300        0xc ./output/startup_gcc.o

.text.HardFault_Handler
                0x00001400       0x18
 .text.HardFault_Handler
                0x00001400       0x18 ./output/startup_gcc.o

.text.Reset_Handler
                0x00001418        0x4
 .text.Reset_Handler
                0x00001418        0x4 ./output/startup_gcc.o
                0x00001418                Reset_Handler

.text.prvGetRegistersFromStack
                0x0000141c       0x6c
 .text.prvGetRegistersFromStack
                0x0000141c       0x6c ./output/startup_gcc.o
                0x0000141c                prvGetRegistersFromStack

.text.vInitialiseTimers
                0x00001488       0x24
 .text.vInitialiseTimers
                0x00001488       0x24 ./output/IntTimer.o
                0x00001488                vInitialiseTimers

.text.Timer0_Handler
                0x000014ac       0x50
 .text.Timer0_Handler
                0x000014ac       0x50 ./output/IntTimer.o
                0x000014ac                Timer0_Handler

.text.printchar
                0x000014fc       0x1e
 .text.printchar
                0x000014fc       0x1e ./output/printf-stdarg.o

.text.prints    0x0000151a       0x8a
 .text.prints   0x0000151a       0x8a ./output/printf-stdarg.o

.text.printi    0x000015a4       0xa0
 .text.printi   0x000015a4       0xa0 ./output/printf-stdarg.o

.text.tiny_print
                0x00001644      0x124
 .text.tiny_print
                0x00001644      0x124 ./output/printf-stdarg.o

.text.printf    0x00001768       0x1e
 .text.printf   0x00001768       0x1e ./output/printf-stdarg.o
                0x00001768                printf

.text.rand      0x00001788       0x7c
 .text.rand     0x00001788       0x7c /usr/lib/gcc/arm-none-eabi/14.1.0/../../../../arm-none-eabi/lib/thumb/v7-m/nofp/libg_nano.a(libc_a-rand.o)
                0x00001788                rand

.text.__sflush_r
                0x00001804       0xfc
 .text.__sflush_r
                0x00001804       0xfc /usr/lib/gcc/arm-none-eabi/14.1.0/../../../../arm-none-eabi/lib/thumb/v7-m/nofp/libg_nano.a(libc_a-fflush.o)
                0x00001804                __sflush_r

.text._fflush_r
                0x00001900       0x50
 .text._fflush_r
                0x00001900       0x50 /usr/lib/gcc/arm-none-eabi/14.1.0/../../../../arm-none-eabi/lib/thumb/v7-m/nofp/libg_nano.a(libc_a-fflush.o)
                0x00001900                _fflush_r

.text.fflush    0x00001950       0x28
 .text.fflush   0x00001950       0x28 /usr/lib/gcc/arm-none-eabi/14.1.0/../../../../arm-none-eabi/lib/thumb/v7-m/nofp/libg_nano.a(libc_a-fflush.o)
                0x00001950                fflush

.text.std       0x00001978       0x6c
 .text.std      0x00001978       0x6c /usr/lib/gcc/arm-none-eabi/14.1.0/../../../../arm-none-eabi/lib/thumb/v7-m/nofp/libg_nano.a(libc_a-findfp.o)

.text.stdio_exit_handler
                0x000019e4       0x18
 .text.stdio_exit_handler
                0x000019e4       0x18 /usr/lib/gcc/arm-none-eabi/14.1.0/../../../../arm-none-eabi/lib/thumb/v7-m/nofp/libg_nano.a(libc_a-findfp.o)

.text.cleanup_stdio
                0x000019fc       0x40
 .text.cleanup_stdio
                0x000019fc       0x40 /usr/lib/gcc/arm-none-eabi/14.1.0/../../../../arm-none-eabi/lib/thumb/v7-m/nofp/libg_nano.a(libc_a-findfp.o)

.text.global_stdio_init.part.0
                0x00001a3c       0x40
 .text.global_stdio_init.part.0
                0x00001a3c       0x40 /usr/lib/gcc/arm-none-eabi/14.1.0/../../../../arm-none-eabi/lib/thumb/v7-m/nofp/libg_nano.a(libc_a-findfp.o)

.text.__sfp_lock_acquire
                0x00001a7c        0xc
 .text.__sfp_lock_acquire
                0x00001a7c        0xc /usr/lib/gcc/arm-none-eabi/14.1.0/../../../../arm-none-eabi/lib/thumb/v7-m/nofp/libg_nano.a(libc_a-findfp.o)
                0x00001a7c                __sfp_lock_acquire

.text.__sfp_lock_release
                0x00001a88        0xc
 .text.__sfp_lock_release
                0x00001a88        0xc /usr/lib/gcc/arm-none-eabi/14.1.0/../../../../arm-none-eabi/lib/thumb/v7-m/nofp/libg_nano.a(libc_a-findfp.o)
                0x00001a88                __sfp_lock_release

.text.__sinit   0x00001a94       0x30
 .text.__sinit  0x00001a94       0x30 /usr/lib/gcc/arm-none-eabi/14.1.0/../../../../arm-none-eabi/lib/thumb/v7-m/nofp/libg_nano.a(libc_a-findfp.o)
                0x00001a94                __sinit

.text._fwalk_sglue
                0x00001ac4       0x3c
 .text._fwalk_sglue
                0x00001ac4       0x3c /usr/lib/gcc/arm-none-eabi/14.1.0/../../../../arm-none-eabi/lib/thumb/v7-m/nofp/libg_nano.a(libc_a-fwalk.o)
                0x00001ac4                _fwalk_sglue

.text.__sread   0x00001b00       0x22
 .text.__sread  0x00001b00       0x22 /usr/lib/gcc/arm-none-eabi/14.1.0/../../../../arm-none-eabi/lib/thumb/v7-m/nofp/libg_nano.a(libc_a-stdio.o)
                0x00001b00                __sread

.text.__swrite  0x00001b22       0x38
 .text.__swrite
                0x00001b22       0x38 /usr/lib/gcc/arm-none-eabi/14.1.0/../../../../arm-none-eabi/lib/thumb/v7-m/nofp/libg_nano.a(libc_a-stdio.o)
                0x00001b22                __swrite

.text.__sseek   0x00001b5a       0x26
 .text.__sseek  0x00001b5a       0x26 /usr/lib/gcc/arm-none-eabi/14.1.0/../../../../arm-none-eabi/lib/thumb/v7-m/nofp/libg_nano.a(libc_a-stdio.o)
                0x00001b5a                __sseek

.text.__sclose  0x00001b80        0x8
 .text.__sclose
                0x00001b80        0x8 /usr/lib/gcc/arm-none-eabi/14.1.0/../../../../arm-none-eabi/lib/thumb/v7-m/nofp/libg_nano.a(libc_a-stdio.o)
                0x00001b80                __sclose

.text.memset    0x00001b88       0x10
 .text.memset   0x00001b88       0x10 /usr/lib/gcc/arm-none-eabi/14.1.0/../../../../arm-none-eabi/lib/thumb/v7-m/nofp/libg_nano.a(libc_a-memset.o)
                0x00001b88                memset

.text._close_r  0x00001b98       0x20
 .text._close_r
                0x00001b98       0x20 /usr/lib/gcc/arm-none-eabi/14.1.0/../../../../arm-none-eabi/lib/thumb/v7-m/nofp/libg_nano.a(libc_a-closer.o)
                0x00001b98                _close_r

.text._lseek_r  0x00001bb8       0x24
 .text._lseek_r
                0x00001bb8       0x24 /usr/lib/gcc/arm-none-eabi/14.1.0/../../../../arm-none-eabi/lib/thumb/v7-m/nofp/libg_nano.a(libc_a-lseekr.o)
                0x00001bb8                _lseek_r

.text._read_r   0x00001bdc       0x24
 .text._read_r  0x00001bdc       0x24 /usr/lib/gcc/arm-none-eabi/14.1.0/../../../../arm-none-eabi/lib/thumb/v7-m/nofp/libg_nano.a(libc_a-readr.o)
                0x00001bdc                _read_r

.text._write_r  0x00001c00       0x24
 .text._write_r
                0x00001c00       0x24 /usr/lib/gcc/arm-none-eabi/14.1.0/../../../../arm-none-eabi/lib/thumb/v7-m/nofp/libg_nano.a(libc_a-writer.o)
                0x00001c00                _write_r

.text.__retarget_lock_init_recursive
                0x00001c24        0x2
 .text.__retarget_lock_init_recursive
                0x00001c24        0x2 /usr/lib/gcc/arm-none-eabi/14.1.0/../../../../arm-none-eabi/lib/thumb/v7-m/nofp/libg_nano.a(libc_a-lock.o)
                0x00001c24                __retarget_lock_init_recursive

.text.__retarget_lock_acquire_recursive
                0x00001c26        0x2
 .text.__retarget_lock_acquire_recursive
                0x00001c26        0x2 /usr/lib/gcc/arm-none-eabi/14.1.0/../../../../arm-none-eabi/lib/thumb/v7-m/nofp/libg_nano.a(libc_a-lock.o)
                0x00001c26                __retarget_lock_acquire_recursive

.text.__retarget_lock_release_recursive
                0x00001c28        0x2
 .text.__retarget_lock_release_recursive
                0x00001c28        0x2 /usr/lib/gcc/arm-none-eabi/14.1.0/../../../../arm-none-eabi/lib/thumb/v7-m/nofp/libg_nano.a(libc_a-lock.o)
                0x00001c28                __retarget_lock_release_recursive

.text.memcpy    0x00001c2a       0x1c
 .text.memcpy   0x00001c2a       0x1c /usr/lib/gcc/arm-none-eabi/14.1.0/../../../../arm-none-eabi/lib/thumb/v7-m/nofp/libg_nano.a(libc_a-memcpy-stub.o)
                0x00001c2a                memcpy

.text.__assert_func
                0x00001c48       0x3c
 .text.__assert_func
                0x00001c48       0x3c /usr/lib/gcc/arm-none-eabi/14.1.0/../../../../arm-none-eabi/lib/thumb/v7-m/nofp/libg_nano.a(libc_a-assert.o)
                0x00001c48                __assert_func

.text._free_r   0x00001c84       0x90
 .text._free_r  0x00001c84       0x90 /usr/lib/gcc/arm-none-eabi/14.1.0/../../../../arm-none-eabi/lib/thumb/v7-m/nofp/libg_nano.a(libc_a-freer.o)
                0x00001c84                _free_r

.text.malloc    0x00001d14       0x10
 .text.malloc   0x00001d14       0x10 /usr/lib/gcc/arm-none-eabi/14.1.0/../../../../arm-none-eabi/lib/thumb/v7-m/nofp/libg_nano.a(libc_a-malloc.o)
                0x00001d14                malloc

.text.sbrk_aligned
                0x00001d24       0x44
 .text.sbrk_aligned
                0x00001d24       0x44 /usr/lib/gcc/arm-none-eabi/14.1.0/../../../../arm-none-eabi/lib/thumb/v7-m/nofp/libg_nano.a(libc_a-mallocr.o)

.text._malloc_r
                0x00001d68      0x100
 .text._malloc_r
                0x00001d68      0x100 /usr/lib/gcc/arm-none-eabi/14.1.0/../../../../arm-none-eabi/lib/thumb/v7-m/nofp/libg_nano.a(libc_a-mallocr.o)
                0x00001d68                _malloc_r

.text.__malloc_lock
                0x00001e68        0xc
 .text.__malloc_lock
                0x00001e68        0xc /usr/lib/gcc/arm-none-eabi/14.1.0/../../../../arm-none-eabi/lib/thumb/v7-m/nofp/libg_nano.a(libc_a-mlock.o)
                0x00001e68                __malloc_lock

.text.__malloc_unlock
                0x00001e74        0xc
 .text.__malloc_unlock
                0x00001e74        0xc /usr/lib/gcc/arm-none-eabi/14.1.0/../../../../arm-none-eabi/lib/thumb/v7-m/nofp/libg_nano.a(libc_a-mlock.o)
                0x00001e74                __malloc_unlock

.text.fprintf   0x00001e80       0x24
 .text.fprintf  0x00001e80       0x24 /usr/lib/gcc/arm-none-eabi/14.1.0/../../../../arm-none-eabi/lib/thumb/v7-m/nofp/libg_nano.a(libc_a-fprintf.o)
                0x00001e80                fprintf
                0x00001e80                fiprintf

.text._sbrk_r   0x00001ea4       0x20
 .text._sbrk_r  0x00001ea4       0x20 /usr/lib/gcc/arm-none-eabi/14.1.0/../../../../arm-none-eabi/lib/thumb/v7-m/nofp/libg_nano.a(libc_a-sbrkr.o)
                0x00001ea4                _sbrk_r

.text.abort     0x00001ec4        0xe
 .text.abort    0x00001ec4        0xe /usr/lib/gcc/arm-none-eabi/14.1.0/../../../../arm-none-eabi/lib/thumb/v7-m/nofp/libg_nano.a(libc_a-abort.o)
                0x00001ec4                abort

.text.__sfputc_r
                0x00001ed2       0x2a
 .text.__sfputc_r
                0x00001ed2       0x2a /usr/lib/gcc/arm-none-eabi/14.1.0/../../../../arm-none-eabi/lib/thumb/v7-m/nofp/libg_nano.a(libc_a-nano-vfprintf.o)

.text.__sfputs_r
                0x00001efc       0x24
 .text.__sfputs_r
                0x00001efc       0x24 /usr/lib/gcc/arm-none-eabi/14.1.0/../../../../arm-none-eabi/lib/thumb/v7-m/nofp/libg_nano.a(libc_a-nano-vfprintf.o)
                0x00001efc                __sfputs_r

.text._vfprintf_r
                0x00001f20      0x230
 .text._vfprintf_r
                0x00001f20      0x230 /usr/lib/gcc/arm-none-eabi/14.1.0/../../../../arm-none-eabi/lib/thumb/v7-m/nofp/libg_nano.a(libc_a-nano-vfprintf.o)
                0x00001f20                _vfiprintf_r
                0x00001f20                _vfprintf_r

.text._printf_common
                0x00002150       0xe4
 .text._printf_common
                0x00002150       0xe4 /usr/lib/gcc/arm-none-eabi/14.1.0/../../../../arm-none-eabi/lib/thumb/v7-m/nofp/libg_nano.a(libc_a-nano-vfprintf_i.o)
                0x00002150                _printf_common

.text._printf_i
                0x00002234      0x240
 .text._printf_i
                0x00002234      0x240 /usr/lib/gcc/arm-none-eabi/14.1.0/../../../../arm-none-eabi/lib/thumb/v7-m/nofp/libg_nano.a(libc_a-nano-vfprintf_i.o)
                0x00002234                _printf_i

.text.__swbuf_r
                0x00002474       0x7c
 .text.__swbuf_r
                0x00002474       0x7c /usr/lib/gcc/arm-none-eabi/14.1.0/../../../../arm-none-eabi/lib/thumb/v7-m/nofp/libg_nano.a(libc_a-wbuf.o)
                0x00002474                __swbuf_r

.text.__swsetup_r
                0x000024f0       0xa8
 .text.__swsetup_r
                0x000024f0       0xa8 /usr/lib/gcc/arm-none-eabi/14.1.0/../../../../arm-none-eabi/lib/thumb/v7-m/nofp/libg_nano.a(libc_a-wsetup.o)
                0x000024f0                __swsetup_r

.text._raise_r  0x00002598       0x50
 .text._raise_r
                0x00002598       0x50 /usr/lib/gcc/arm-none-eabi/14.1.0/../../../../arm-none-eabi/lib/thumb/v7-m/nofp/libg_nano.a(libc_a-signal.o)
                0x00002598                _raise_r

.text.raise     0x000025e8       0x10
 .text.raise    0x000025e8       0x10 /usr/lib/gcc/arm-none-eabi/14.1.0/../../../../arm-none-eabi/lib/thumb/v7-m/nofp/libg_nano.a(libc_a-signal.o)
                0x000025e8                raise

.text._kill_r   0x000025f8       0x24
 .text._kill_r  0x000025f8       0x24 /usr/lib/gcc/arm-none-eabi/14.1.0/../../../../arm-none-eabi/lib/thumb/v7-m/nofp/libg_nano.a(libc_a-signalr.o)
                0x000025f8                _kill_r

.text._getpid_r
                0x0000261c        0x4
 .text._getpid_r
                0x0000261c        0x4 /usr/lib/gcc/arm-none-eabi/14.1.0/../../../../arm-none-eabi/lib/thumb/v7-m/nofp/libg_nano.a(libc_a-signalr.o)
                0x0000261c                _getpid_r

.text.memchr    0x00002620       0x1c
 .text.memchr   0x00002620       0x1c /usr/lib/gcc/arm-none-eabi/14.1.0/../../../../arm-none-eabi/lib/thumb/v7-m/nofp/libg_nano.a(libc_a-memchr-stub.o)
                0x00002620                memchr

.text.__swhatbuf_r
                0x0000263c       0x48
 .text.__swhatbuf_r
                0x0000263c       0x48 /usr/lib/gcc/arm-none-eabi/14.1.0/../../../../arm-none-eabi/lib/thumb/v7-m/nofp/libg_nano.a(libc_a-makebuf.o)
                0x0000263c                __swhatbuf_r

.text.__smakebuf_r
                0x00002684       0x72
 .text.__smakebuf_r
                0x00002684       0x72 /usr/lib/gcc/arm-none-eabi/14.1.0/../../../../arm-none-eabi/lib/thumb/v7-m/nofp/libg_nano.a(libc_a-makebuf.o)
                0x00002684                __smakebuf_r

.text._fstat_r  0x000026f8       0x24
 .text._fstat_r
                0x000026f8       0x24 /usr/lib/gcc/arm-none-eabi/14.1.0/../../../../arm-none-eabi/lib/thumb/v7-m/nofp/libg_nano.a(libc_a-fstatr.o)
                0x000026f8                _fstat_r

.text._isatty_r
                0x0000271c       0x20
 .text._isatty_r
                0x0000271c       0x20 /usr/lib/gcc/arm-none-eabi/14.1.0/../../../../arm-none-eabi/lib/thumb/v7-m/nofp/libg_nano.a(libc_a-isattyr.o)
                0x0000271c                _isatty_r

.text._close    0x0000273c       0x10
 .text._close   0x0000273c       0x10 /usr/lib/gcc/arm-none-eabi/14.1.0/../../../../arm-none-eabi/lib/thumb/v7-m/nofp/libnosys.a(close.o)
                0x0000273c                _close

.text._fstat    0x0000274c       0x10
 .text._fstat   0x0000274c       0x10 /usr/lib/gcc/arm-none-eabi/14.1.0/../../../../arm-none-eabi/lib/thumb/v7-m/nofp/libnosys.a(fstat.o)
                0x0000274c                _fstat

.text._getpid   0x0000275c       0x10
 .text._getpid  0x0000275c       0x10 /usr/lib/gcc/arm-none-eabi/14.1.0/../../../../arm-none-eabi/lib/thumb/v7-m/nofp/libnosys.a(getpid.o)
                0x0000275c                _getpid

.text._isatty   0x0000276c       0x10
 .text._isatty  0x0000276c       0x10 /usr/lib/gcc/arm-none-eabi/14.1.0/../../../../arm-none-eabi/lib/thumb/v7-m/nofp/libnosys.a(isatty.o)
                0x0000276c                _isatty

.text._kill     0x0000277c       0x10
 .text._kill    0x0000277c       0x10 /usr/lib/gcc/arm-none-eabi/14.1.0/../../../../arm-none-eabi/lib/thumb/v7-m/nofp/libnosys.a(kill.o)
                0x0000277c                _kill

.text._lseek    0x0000278c       0x10
 .text._lseek   0x0000278c       0x10 /usr/lib/gcc/arm-none-eabi/14.1.0/../../../../arm-none-eabi/lib/thumb/v7-m/nofp/libnosys.a(lseek.o)
                0x0000278c                _lseek

.text._read     0x0000279c       0x10
 .text._read    0x0000279c       0x10 /usr/lib/gcc/arm-none-eabi/14.1.0/../../../../arm-none-eabi/lib/thumb/v7-m/nofp/libnosys.a(read.o)
                0x0000279c                _read

.text._sbrk     0x000027ac       0x1c
 .text._sbrk    0x000027ac       0x1c /usr/lib/gcc/arm-none-eabi/14.1.0/../../../../arm-none-eabi/lib/thumb/v7-m/nofp/libnosys.a(sbrk.o)
                0x000027ac                _sbrk

.text._write    0x000027c8       0x10
 .text._write   0x000027c8       0x10 /usr/lib/gcc/arm-none-eabi/14.1.0/../../../../arm-none-eabi/lib/thumb/v7-m/nofp/libnosys.a(write.o)
                0x000027c8                _write

.text._exit     0x000027d8        0x4
 .text._exit    0x000027d8        0x4 /usr/lib/gcc/arm-none-eabi/14.1.0/../../../../arm-none-eabi/lib/thumb/v7-m/nofp/libnosys.a(_exit.o)
                0x000027d8                _exit

.rel.dyn        0x000027dc        0x0
 .rel.iplt      0x000027dc        0x0 ./output/tasks.o

.data           0x20000000        0x0
                0x20000000                        . = ALIGN (0x8)
                0x20000000                        _data = .
                0x20000000                        _sdata = .
 *(vtable)
 *(.data)
                0x20000000                        _edata = .

.igot.plt       0x20000000        0x0
 .igot.plt      0x20000000        0x0 ./output/tasks.o

.data.uxCriticalNesting
                0x20000000        0x4
 .data.uxCriticalNesting
                0x20000000        0x4 ./output/port.o

.data.__sglue   0x20000004        0xc
 .data.__sglue  0x20000004        0xc /usr/lib/gcc/arm-none-eabi/14.1.0/../../../../arm-none-eabi/lib/thumb/v7-m/nofp/libg_nano.a(libc_a-findfp.o)
                0x20000004                __sglue

.data._impure_ptr
                0x20000010        0x4
 .data._impure_ptr
                0x20000010        0x4 /usr/lib/gcc/arm-none-eabi/14.1.0/../../../../arm-none-eabi/lib/thumb/v7-m/nofp/libg_nano.a(libc_a-impure.o)
                0x20000010                _impure_ptr

.data._impure_data
                0x20000014       0x4c
 .data._impure_data
                0x20000014       0x4c /usr/lib/gcc/arm-none-eabi/14.1.0/../../../../arm-none-eabi/lib/thumb/v7-m/nofp/libg_nano.a(libc_a-impure.o)
                0x20000014                _impure_data

.bss            0x20000060        0x0
                0x20000060                        . = ALIGN (0x8)
                0x20000060                        _bss = .
                0x20000060                        _sbss = .
 *(.bss)
                0x20000060                        _ebss = .

.bss.uxSchedulerSuspended
                0x20000060        0x4
 .bss.uxSchedulerSuspended
                0x20000060        0x4 ./output/tasks.o

.bss.xIdleTaskHandles
                0x20000064        0x4
 .bss.xIdleTaskHandles
                0x20000064        0x4 ./output/tasks.o

.bss.xNextTaskUnblockTime
                0x20000068        0x4
 .bss.xNextTaskUnblockTime
                0x20000068        0x4 ./output/tasks.o

.bss.uxTaskNumber
                0x2000006c        0x4
 .bss.uxTaskNumber
                0x2000006c        0x4 ./output/tasks.o

.bss.xNumOfOverflows
                0x20000070        0x4
 .bss.xNumOfOverflows
                0x20000070        0x4 ./output/tasks.o

.bss.xYieldPendings
                0x20000074        0x4
 .bss.xYieldPendings
                0x20000074        0x4 ./output/tasks.o

.bss.xPendedTicks
                0x20000078        0x4
 .bss.xPendedTicks
                0x20000078        0x4 ./output/tasks.o

.bss.xSchedulerRunning
                0x2000007c        0x4
 .bss.xSchedulerRunning
                0x2000007c        0x4 ./output/tasks.o

.bss.uxTopReadyPriority
                0x20000080        0x4
 .bss.uxTopReadyPriority
                0x20000080        0x4 ./output/tasks.o

.bss.xTickCount
                0x20000084        0x4
 .bss.xTickCount
                0x20000084        0x4 ./output/tasks.o

.bss.uxCurrentNumberOfTasks
                0x20000088        0x4
 .bss.uxCurrentNumberOfTasks
                0x20000088        0x4 ./output/tasks.o

.bss.xSuspendedTaskList
                0x2000008c       0x14
 .bss.xSuspendedTaskList
                0x2000008c       0x14 ./output/tasks.o

.bss.uxDeletedTasksWaitingCleanUp
                0x200000a0        0x4
 .bss.uxDeletedTasksWaitingCleanUp
                0x200000a0        0x4 ./output/tasks.o

.bss.xTasksWaitingTermination
                0x200000a4       0x14
 .bss.xTasksWaitingTermination
                0x200000a4       0x14 ./output/tasks.o

.bss.xPendingReadyList
                0x200000b8       0x14
 .bss.xPendingReadyList
                0x200000b8       0x14 ./output/tasks.o

.bss.pxOverflowDelayedTaskList
                0x200000cc        0x4
 .bss.pxOverflowDelayedTaskList
                0x200000cc        0x4 ./output/tasks.o

.bss.pxDelayedTaskList
                0x200000d0        0x4
 .bss.pxDelayedTaskList
                0x200000d0        0x4 ./output/tasks.o

.bss.xDelayedTaskList2
                0x200000d4       0x14
 .bss.xDelayedTaskList2
                0x200000d4       0x14 ./output/tasks.o

.bss.xDelayedTaskList1
                0x200000e8       0x14
 .bss.xDelayedTaskList1
                0x200000e8       0x14 ./output/tasks.o

.bss.pxReadyTasksLists
                0x200000fc       0xb4
 .bss.pxReadyTasksLists
                0x200000fc       0xb4 ./output/tasks.o

.bss.pxCurrentTCB
                0x200001b0        0x4
 .bss.pxCurrentTCB
                0x200001b0        0x4 ./output/tasks.o
                0x200001b0                pxCurrentTCB

.bss.xNumberOfSuccessfulFrees
                0x200001b4        0x4
 .bss.xNumberOfSuccessfulFrees
                0x200001b4        0x4 ./output/heap_4.o

.bss.xNumberOfSuccessfulAllocations
                0x200001b8        0x4
 .bss.xNumberOfSuccessfulAllocations
                0x200001b8        0x4 ./output/heap_4.o

.bss.xMinimumEverFreeBytesRemaining
                0x200001bc        0x4
 .bss.xMinimumEverFreeBytesRemaining
                0x200001bc        0x4 ./output/heap_4.o

.bss.xFreeBytesRemaining
                0x200001c0        0x4
 .bss.xFreeBytesRemaining
                0x200001c0        0x4 ./output/heap_4.o

.bss.pxEnd      0x200001c4        0x4
 .bss.pxEnd     0x200001c4        0x4 ./output/heap_4.o

.bss.xStart     0x200001c8        0x8
 .bss.xStart    0x200001c8        0x8 ./output/heap_4.o

.bss.ucHeap     0x200001d0     0xf000
 .bss.ucHeap    0x200001d0     0xf000 ./output/heap_4.o

.bss.sem        0x2000f1d0        0x4
 .bss.sem       0x2000f1d0        0x4 ./output/main.o
                0x2000f1d0                sem

.bss.psr        0x2000f1d4        0x4
 .bss.psr       0x2000f1d4        0x4 ./output/startup_gcc.o
                0x2000f1d4                psr

.bss.pc         0x2000f1d8        0x4
 .bss.pc        0x2000f1d8        0x4 ./output/startup_gcc.o
                0x2000f1d8                pc

.bss.lr         0x2000f1dc        0x4
 .bss.lr        0x2000f1dc        0x4 ./output/startup_gcc.o
                0x2000f1dc                lr

.bss.r12        0x2000f1e0        0x4
 .bss.r12       0x2000f1e0        0x4 ./output/startup_gcc.o
                0x2000f1e0                r12

.bss.r3         0x2000f1e4        0x4
 .bss.r3        0x2000f1e4        0x4 ./output/startup_gcc.o
                0x2000f1e4                r3

.bss.r2         0x2000f1e8        0x4
 .bss.r2        0x2000f1e8        0x4 ./output/startup_gcc.o
                0x2000f1e8                r2

.bss.r1         0x2000f1ec        0x4
 .bss.r1        0x2000f1ec        0x4 ./output/startup_gcc.o
                0x2000f1ec                r1

.bss.r0         0x2000f1f0        0x4
 .bss.r0        0x2000f1f0        0x4 ./output/startup_gcc.o
                0x2000f1f0                r0

.bss.intServ    0x2000f1f4        0x4
 .bss.intServ   0x2000f1f4        0x4 ./output/IntTimer.o
                0x2000f1f4                intServ

.bss.__sf       0x2000f1f8      0x138
 .bss.__sf      0x2000f1f8      0x138 /usr/lib/gcc/arm-none-eabi/14.1.0/../../../../arm-none-eabi/lib/thumb/v7-m/nofp/libg_nano.a(libc_a-findfp.o)
                0x2000f1f8                __sf

.bss.__stdio_exit_handler
                0x2000f330        0x4
 .bss.__stdio_exit_handler
                0x2000f330        0x4 /usr/lib/gcc/arm-none-eabi/14.1.0/../../../../arm-none-eabi/lib/thumb/v7-m/nofp/libg_nano.a(libc_a-findfp.o)
                0x2000f330                __stdio_exit_handler

.bss.errno      0x2000f334        0x4
 .bss.errno     0x2000f334        0x4 /usr/lib/gcc/arm-none-eabi/14.1.0/../../../../arm-none-eabi/lib/thumb/v7-m/nofp/libg_nano.a(libc_a-reent.o)
                0x2000f334                errno

.bss.__lock___malloc_recursive_mutex
                0x2000f338        0x1
 .bss.__lock___malloc_recursive_mutex
                0x2000f338        0x1 /usr/lib/gcc/arm-none-eabi/14.1.0/../../../../arm-none-eabi/lib/thumb/v7-m/nofp/libg_nano.a(libc_a-lock.o)
                0x2000f338                __lock___malloc_recursive_mutex

.bss.__lock___sfp_recursive_mutex
                0x2000f339        0x1
 .bss.__lock___sfp_recursive_mutex
                0x2000f339        0x1 /usr/lib/gcc/arm-none-eabi/14.1.0/../../../../arm-none-eabi/lib/thumb/v7-m/nofp/libg_nano.a(libc_a-lock.o)
                0x2000f339                __lock___sfp_recursive_mutex

.bss.__malloc_sbrk_start
                0x2000f33c        0x4
 .bss.__malloc_sbrk_start
                0x2000f33c        0x4 /usr/lib/gcc/arm-none-eabi/14.1.0/../../../../arm-none-eabi/lib/thumb/v7-m/nofp/libg_nano.a(libc_a-mallocr.o)
                0x2000f33c                __malloc_sbrk_start

.bss.__malloc_free_list
                0x2000f340        0x4
 .bss.__malloc_free_list
                0x2000f340        0x4 /usr/lib/gcc/arm-none-eabi/14.1.0/../../../../arm-none-eabi/lib/thumb/v7-m/nofp/libg_nano.a(libc_a-mallocr.o)
                0x2000f340                __malloc_free_list

.bss.heap_end.0
                0x2000f344        0x4
 .bss.heap_end.0
                0x2000f344        0x4 /usr/lib/gcc/arm-none-eabi/14.1.0/../../../../arm-none-eabi/lib/thumb/v7-m/nofp/libnosys.a(sbrk.o)

.heap           0x2000f348      0x408
                0x2000f348                        . = ALIGN (0x8)
                0x2000f348                        PROVIDE (end = .)
                [!provide]                        PROVIDE (_end = .)
                0x2000f348                        _heap_bottom = .
                0x2000f350                        . = (. + _Min_Heap_Size)
 *fill*         0x2000f348        0x8 
                0x2000f350                        _heap_top = .
                0x2000f750                        . = (. + _Min_Stack_Size)
 *fill*         0x2000f350      0x400 
                0x2000f750                        . = ALIGN (0x8)
                0x20400000                        __StackTop = (ORIGIN (RAM) + LENGTH (RAM))
                0x203ffc00                        __StackLimit = (__StackTop - _Min_Stack_Size)
                [!provide]                        PROVIDE (__stack = __StackTop)
                0x00000001                        ASSERT ((__StackLimit >= _heap_top), region RAM overflowed with stack)
OUTPUT(./output/RTOSDemo.out elf32-littlearm)
LOAD linker stubs

.debug_info     0x00000000    0x17d15
 .debug_info    0x00000000     0x2f65 ./output/tasks.o
 .debug_info    0x00002f65      0x2b2 ./output/list.o
 .debug_info    0x00003217     0x2171 ./output/queue.o
 .debug_info    0x00005388      0x5e8 ./output/heap_4.o
 .debug_info    0x00005970      0x36a ./output/port.o
 .debug_info    0x00005cda      0x39a ./output/main.o
 .debug_info    0x00006074      0x8b6 ./output/startup_gcc.o
 .debug_info    0x0000692a      0x46f ./output/IntTimer.o
 .debug_info    0x00006d99      0x645 ./output/printf-stdarg.o
 .debug_info    0x000073de      0x867 /usr/lib/gcc/arm-none-eabi/14.1.0/../../../../arm-none-eabi/lib/thumb/v7-m/nofp/libg_nano.a(libc_a-rand.o)
 .debug_info    0x00007c45      0x9ef /usr/lib/gcc/arm-none-eabi/14.1.0/../../../../arm-none-eabi/lib/thumb/v7-m/nofp/libg_nano.a(libc_a-fflush.o)
 .debug_info    0x00008634      0xfb2 /usr/lib/gcc/arm-none-eabi/14.1.0/../../../../arm-none-eabi/lib/thumb/v7-m/nofp/libg_nano.a(libc_a-findfp.o)
 .debug_info    0x000095e6      0x7d2 /usr/lib/gcc/arm-none-eabi/14.1.0/../../../../arm-none-eabi/lib/thumb/v7-m/nofp/libg_nano.a(libc_a-fwalk.o)
 .debug_info    0x00009db8      0xa90 /usr/lib/gcc/arm-none-eabi/14.1.0/../../../../arm-none-eabi/lib/thumb/v7-m/nofp/libg_nano.a(libc_a-stdio.o)
 .debug_info    0x0000a848       0xe0 /usr/lib/gcc/arm-none-eabi/14.1.0/../../../../arm-none-eabi/lib/thumb/v7-m/nofp/libg_nano.a(libc_a-memset.o)
 .debug_info    0x0000a928      0x75c /usr/lib/gcc/arm-none-eabi/14.1.0/../../../../arm-none-eabi/lib/thumb/v7-m/nofp/libg_nano.a(libc_a-closer.o)
 .debug_info    0x0000b084      0x8a1 /usr/lib/gcc/arm-none-eabi/14.1.0/../../../../arm-none-eabi/lib/thumb/v7-m/nofp/libg_nano.a(libc_a-reent.o)
 .debug_info    0x0000b925      0x715 /usr/lib/gcc/arm-none-eabi/14.1.0/../../../../arm-none-eabi/lib/thumb/v7-m/nofp/libg_nano.a(libc_a-impure.o)
 .debug_info    0x0000c03a      0x7a8 /usr/lib/gcc/arm-none-eabi/14.1.0/../../../../arm-none-eabi/lib/thumb/v7-m/nofp/libg_nano.a(libc_a-lseekr.o)
 .debug_info    0x0000c7e2      0x7bf /usr/lib/gcc/arm-none-eabi/14.1.0/../../../../arm-none-eabi/lib/thumb/v7-m/nofp/libg_nano.a(libc_a-readr.o)
 .debug_info    0x0000cfa1      0x7c5 /usr/lib/gcc/arm-none-eabi/14.1.0/../../../../arm-none-eabi/lib/thumb/v7-m/nofp/libg_nano.a(libc_a-writer.o)
 .debug_info    0x0000d766      0x218 /usr/lib/gcc/arm-none-eabi/14.1.0/../../../../arm-none-eabi/lib/thumb/v7-m/nofp/libg_nano.a(libc_a-lock.o)
 .debug_info    0x0000d97e      0x121 /usr/lib/gcc/arm-none-eabi/14.1.0/../../../../arm-none-eabi/lib/thumb/v7-m/nofp/libg_nano.a(libc_a-memcpy-stub.o)
 .debug_info    0x0000da9f      0x836 /usr/lib/gcc/arm-none-eabi/14.1.0/../../../../arm-none-eabi/lib/thumb/v7-m/nofp/libg_nano.a(libc_a-assert.o)
 .debug_info    0x0000e2d5      0x851 /usr/lib/gcc/arm-none-eabi/14.1.0/../../../../arm-none-eabi/lib/thumb/v7-m/nofp/libg_nano.a(libc_a-freer.o)
 .debug_info    0x0000eb26      0x7a0 /usr/lib/gcc/arm-none-eabi/14.1.0/../../../../arm-none-eabi/lib/thumb/v7-m/nofp/libg_nano.a(libc_a-malloc.o)
 .debug_info    0x0000f2c6      0x9bc /usr/lib/gcc/arm-none-eabi/14.1.0/../../../../arm-none-eabi/lib/thumb/v7-m/nofp/libg_nano.a(libc_a-mallocr.o)
 .debug_info    0x0000fc82      0x76b /usr/lib/gcc/arm-none-eabi/14.1.0/../../../../arm-none-eabi/lib/thumb/v7-m/nofp/libg_nano.a(libc_a-mlock.o)
 .debug_info    0x000103ed      0x867 /usr/lib/gcc/arm-none-eabi/14.1.0/../../../../arm-none-eabi/lib/thumb/v7-m/nofp/libg_nano.a(libc_a-fprintf.o)
 .debug_info    0x00010c54      0x782 /usr/lib/gcc/arm-none-eabi/14.1.0/../../../../arm-none-eabi/lib/thumb/v7-m/nofp/libg_nano.a(libc_a-sbrkr.o)
 .debug_info    0x000113d6       0xd8 /usr/lib/gcc/arm-none-eabi/14.1.0/../../../../arm-none-eabi/lib/thumb/v7-m/nofp/libg_nano.a(libc_a-abort.o)
 .debug_info    0x000114ae     0x1094 /usr/lib/gcc/arm-none-eabi/14.1.0/../../../../arm-none-eabi/lib/thumb/v7-m/nofp/libg_nano.a(libc_a-nano-vfprintf.o)
 .debug_info    0x00012542      0xde2 /usr/lib/gcc/arm-none-eabi/14.1.0/../../../../arm-none-eabi/lib/thumb/v7-m/nofp/libg_nano.a(libc_a-nano-vfprintf_i.o)
 .debug_info    0x00013324      0x874 /usr/lib/gcc/arm-none-eabi/14.1.0/../../../../arm-none-eabi/lib/thumb/v7-m/nofp/libg_nano.a(libc_a-wbuf.o)
 .debug_info    0x00013b98      0x7bb /usr/lib/gcc/arm-none-eabi/14.1.0/../../../../arm-none-eabi/lib/thumb/v7-m/nofp/libg_nano.a(libc_a-wsetup.o)
 .debug_info    0x00014353      0xa13 /usr/lib/gcc/arm-none-eabi/14.1.0/../../../../arm-none-eabi/lib/thumb/v7-m/nofp/libg_nano.a(libc_a-signal.o)
 .debug_info    0x00014d66      0x7e9 /usr/lib/gcc/arm-none-eabi/14.1.0/../../../../arm-none-eabi/lib/thumb/v7-m/nofp/libg_nano.a(libc_a-signalr.o)
 .debug_info    0x0001554f      0x110 /usr/lib/gcc/arm-none-eabi/14.1.0/../../../../arm-none-eabi/lib/thumb/v7-m/nofp/libg_nano.a(libc_a-memchr-stub.o)
 .debug_info    0x0001565f      0xb15 /usr/lib/gcc/arm-none-eabi/14.1.0/../../../../arm-none-eabi/lib/thumb/v7-m/nofp/libg_nano.a(libc_a-makebuf.o)
 .debug_info    0x00016174      0x981 /usr/lib/gcc/arm-none-eabi/14.1.0/../../../../arm-none-eabi/lib/thumb/v7-m/nofp/libg_nano.a(libc_a-fstatr.o)
 .debug_info    0x00016af5      0x75c /usr/lib/gcc/arm-none-eabi/14.1.0/../../../../arm-none-eabi/lib/thumb/v7-m/nofp/libg_nano.a(libc_a-isattyr.o)
 .debug_info    0x00017251       0xde /usr/lib/gcc/arm-none-eabi/14.1.0/../../../../arm-none-eabi/lib/thumb/v7-m/nofp/libnosys.a(close.o)
 .debug_info    0x0001732f      0x2f7 /usr/lib/gcc/arm-none-eabi/14.1.0/../../../../arm-none-eabi/lib/thumb/v7-m/nofp/libnosys.a(fstat.o)
 .debug_info    0x00017626       0xc9 /usr/lib/gcc/arm-none-eabi/14.1.0/../../../../arm-none-eabi/lib/thumb/v7-m/nofp/libnosys.a(getpid.o)
 .debug_info    0x000176ef       0xde /usr/lib/gcc/arm-none-eabi/14.1.0/../../../../arm-none-eabi/lib/thumb/v7-m/nofp/libnosys.a(isatty.o)
 .debug_info    0x000177cd       0xec /usr/lib/gcc/arm-none-eabi/14.1.0/../../../../arm-none-eabi/lib/thumb/v7-m/nofp/libnosys.a(kill.o)
 .debug_info    0x000178b9      0x100 /usr/lib/gcc/arm-none-eabi/14.1.0/../../../../arm-none-eabi/lib/thumb/v7-m/nofp/libnosys.a(lseek.o)
 .debug_info    0x000179b9      0x106 /usr/lib/gcc/arm-none-eabi/14.1.0/../../../../arm-none-eabi/lib/thumb/v7-m/nofp/libnosys.a(read.o)
 .debug_info    0x00017abf       0xac /usr/lib/gcc/arm-none-eabi/14.1.0/../../../../arm-none-eabi/lib/thumb/v7-m/nofp/libnosys.a(sbrk.o)
 .debug_info    0x00017b6b      0x106 /usr/lib/gcc/arm-none-eabi/14.1.0/../../../../arm-none-eabi/lib/thumb/v7-m/nofp/libnosys.a(write.o)
 .debug_info    0x00017c71       0xa4 /usr/lib/gcc/arm-none-eabi/14.1.0/../../../../arm-none-eabi/lib/thumb/v7-m/nofp/libnosys.a(_exit.o)

.debug_abbrev   0x00000000     0x5b26
 .debug_abbrev  0x00000000      0x514 ./output/tasks.o
 .debug_abbrev  0x00000514      0x105 ./output/list.o
 .debug_abbrev  0x00000619      0x404 ./output/queue.o
 .debug_abbrev  0x00000a1d      0x2d2 ./output/heap_4.o
 .debug_abbrev  0x00000cef      0x261 ./output/port.o
 .debug_abbrev  0x00000f50      0x1ba ./output/main.o
 .debug_abbrev  0x0000110a      0x2ad ./output/startup_gcc.o
 .debug_abbrev  0x000013b7      0x235 ./output/IntTimer.o
 .debug_abbrev  0x000015ec      0x24c ./output/printf-stdarg.o
 .debug_abbrev  0x00001838      0x219 /usr/lib/gcc/arm-none-eabi/14.1.0/../../../../arm-none-eabi/lib/thumb/v7-m/nofp/libg_nano.a(libc_a-rand.o)
 .debug_abbrev  0x00001a51      0x2a8 /usr/lib/gcc/arm-none-eabi/14.1.0/../../../../arm-none-eabi/lib/thumb/v7-m/nofp/libg_nano.a(libc_a-fflush.o)
 .debug_abbrev  0x00001cf9      0x424 /usr/lib/gcc/arm-none-eabi/14.1.0/../../../../arm-none-eabi/lib/thumb/v7-m/nofp/libg_nano.a(libc_a-findfp.o)
 .debug_abbrev  0x0000211d      0x19b /usr/lib/gcc/arm-none-eabi/14.1.0/../../../../arm-none-eabi/lib/thumb/v7-m/nofp/libg_nano.a(libc_a-fwalk.o)
 .debug_abbrev  0x000022b8      0x221 /usr/lib/gcc/arm-none-eabi/14.1.0/../../../../arm-none-eabi/lib/thumb/v7-m/nofp/libg_nano.a(libc_a-stdio.o)
 .debug_abbrev  0x000024d9       0x9e /usr/lib/gcc/arm-none-eabi/14.1.0/../../../../arm-none-eabi/lib/thumb/v7-m/nofp/libg_nano.a(libc_a-memset.o)
 .debug_abbrev  0x00002577      0x1b0 /usr/lib/gcc/arm-none-eabi/14.1.0/../../../../arm-none-eabi/lib/thumb/v7-m/nofp/libg_nano.a(libc_a-closer.o)
 .debug_abbrev  0x00002727      0x1f7 /usr/lib/gcc/arm-none-eabi/14.1.0/../../../../arm-none-eabi/lib/thumb/v7-m/nofp/libg_nano.a(libc_a-reent.o)
 .debug_abbrev  0x0000291e      0x149 /usr/lib/gcc/arm-none-eabi/14.1.0/../../../../arm-none-eabi/lib/thumb/v7-m/nofp/libg_nano.a(libc_a-impure.o)
 .debug_abbrev  0x00002a67      0x1c4 /usr/lib/gcc/arm-none-eabi/14.1.0/../../../../arm-none-eabi/lib/thumb/v7-m/nofp/libg_nano.a(libc_a-lseekr.o)
 .debug_abbrev  0x00002c2b      0x1b0 /usr/lib/gcc/arm-none-eabi/14.1.0/../../../../arm-none-eabi/lib/thumb/v7-m/nofp/libg_nano.a(libc_a-readr.o)
 .debug_abbrev  0x00002ddb      0x1b5 /usr/lib/gcc/arm-none-eabi/14.1.0/../../../../arm-none-eabi/lib/thumb/v7-m/nofp/libg_nano.a(libc_a-writer.o)
 .debug_abbrev  0x00002f90      0x115 /usr/lib/gcc/arm-none-eabi/14.1.0/../../../../arm-none-eabi/lib/thumb/v7-m/nofp/libg_nano.a(libc_a-lock.o)
 .debug_abbrev  0x000030a5       0xc1 /usr/lib/gcc/arm-none-eabi/14.1.0/../../../../arm-none-eabi/lib/thumb/v7-m/nofp/libg_nano.a(libc_a-memcpy-stub.o)
 .debug_abbrev  0x00003166      0x1ea /usr/lib/gcc/arm-none-eabi/14.1.0/../../../../arm-none-eabi/lib/thumb/v7-m/nofp/libg_nano.a(libc_a-assert.o)
 .debug_abbrev  0x00003350      0x236 /usr/lib/gcc/arm-none-eabi/14.1.0/../../../../arm-none-eabi/lib/thumb/v7-m/nofp/libg_nano.a(libc_a-freer.o)
 .debug_abbrev  0x00003586      0x1cf /usr/lib/gcc/arm-none-eabi/14.1.0/../../../../arm-none-eabi/lib/thumb/v7-m/nofp/libg_nano.a(libc_a-malloc.o)
 .debug_abbrev  0x00003755      0x24a /usr/lib/gcc/arm-none-eabi/14.1.0/../../../../arm-none-eabi/lib/thumb/v7-m/nofp/libg_nano.a(libc_a-mallocr.o)
 .debug_abbrev  0x0000399f      0x1bf /usr/lib/gcc/arm-none-eabi/14.1.0/../../../../arm-none-eabi/lib/thumb/v7-m/nofp/libg_nano.a(libc_a-mlock.o)
 .debug_abbrev  0x00003b5e      0x21d /usr/lib/gcc/arm-none-eabi/14.1.0/../../../../arm-none-eabi/lib/thumb/v7-m/nofp/libg_nano.a(libc_a-fprintf.o)
 .debug_abbrev  0x00003d7b      0x1da /usr/lib/gcc/arm-none-eabi/14.1.0/../../../../arm-none-eabi/lib/thumb/v7-m/nofp/libg_nano.a(libc_a-sbrkr.o)
 .debug_abbrev  0x00003f55       0x99 /usr/lib/gcc/arm-none-eabi/14.1.0/../../../../arm-none-eabi/lib/thumb/v7-m/nofp/libg_nano.a(libc_a-abort.o)
 .debug_abbrev  0x00003fee      0x316 /usr/lib/gcc/arm-none-eabi/14.1.0/../../../../arm-none-eabi/lib/thumb/v7-m/nofp/libg_nano.a(libc_a-nano-vfprintf.o)
 .debug_abbrev  0x00004304      0x28e /usr/lib/gcc/arm-none-eabi/14.1.0/../../../../arm-none-eabi/lib/thumb/v7-m/nofp/libg_nano.a(libc_a-nano-vfprintf_i.o)
 .debug_abbrev  0x00004592      0x22d /usr/lib/gcc/arm-none-eabi/14.1.0/../../../../arm-none-eabi/lib/thumb/v7-m/nofp/libg_nano.a(libc_a-wbuf.o)
 .debug_abbrev  0x000047bf      0x1e2 /usr/lib/gcc/arm-none-eabi/14.1.0/../../../../arm-none-eabi/lib/thumb/v7-m/nofp/libg_nano.a(libc_a-wsetup.o)
 .debug_abbrev  0x000049a1      0x24e /usr/lib/gcc/arm-none-eabi/14.1.0/../../../../arm-none-eabi/lib/thumb/v7-m/nofp/libg_nano.a(libc_a-signal.o)
 .debug_abbrev  0x00004bef      0x1fd /usr/lib/gcc/arm-none-eabi/14.1.0/../../../../arm-none-eabi/lib/thumb/v7-m/nofp/libg_nano.a(libc_a-signalr.o)
 .debug_abbrev  0x00004dec       0xb1 /usr/lib/gcc/arm-none-eabi/14.1.0/../../../../arm-none-eabi/lib/thumb/v7-m/nofp/libg_nano.a(libc_a-memchr-stub.o)
 .debug_abbrev  0x00004e9d      0x290 /usr/lib/gcc/arm-none-eabi/14.1.0/../../../../arm-none-eabi/lib/thumb/v7-m/nofp/libg_nano.a(libc_a-makebuf.o)
 .debug_abbrev  0x0000512d      0x1c3 /usr/lib/gcc/arm-none-eabi/14.1.0/../../../../arm-none-eabi/lib/thumb/v7-m/nofp/libg_nano.a(libc_a-fstatr.o)
 .debug_abbrev  0x000052f0      0x1b0 /usr/lib/gcc/arm-none-eabi/14.1.0/../../../../arm-none-eabi/lib/thumb/v7-m/nofp/libg_nano.a(libc_a-isattyr.o)
 .debug_abbrev  0x000054a0       0x96 /usr/lib/gcc/arm-none-eabi/14.1.0/../../../../arm-none-eabi/lib/thumb/v7-m/nofp/libnosys.a(close.o)
 .debug_abbrev  0x00005536       0xe4 /usr/lib/gcc/arm-none-eabi/14.1.0/../../../../arm-none-eabi/lib/thumb/v7-m/nofp/libnosys.a(fstat.o)
 .debug_abbrev  0x0000561a       0x82 /usr/lib/gcc/arm-none-eabi/14.1.0/../../../../arm-none-eabi/lib/thumb/v7-m/nofp/libnosys.a(getpid.o)
 .debug_abbrev  0x0000569c       0x96 /usr/lib/gcc/arm-none-eabi/14.1.0/../../../../arm-none-eabi/lib/thumb/v7-m/nofp/libnosys.a(isatty.o)
 .debug_abbrev  0x00005732       0xa7 /usr/lib/gcc/arm-none-eabi/14.1.0/../../../../arm-none-eabi/lib/thumb/v7-m/nofp/libnosys.a(kill.o)
 .debug_abbrev  0x000057d9       0xbb /usr/lib/gcc/arm-none-eabi/14.1.0/../../../../arm-none-eabi/lib/thumb/v7-m/nofp/libnosys.a(lseek.o)
 .debug_abbrev  0x00005894       0xc4 /usr/lib/gcc/arm-none-eabi/14.1.0/../../../../arm-none-eabi/lib/thumb/v7-m/nofp/libnosys.a(read.o)
 .debug_abbrev  0x00005958       0xa1 /usr/lib/gcc/arm-none-eabi/14.1.0/../../../../arm-none-eabi/lib/thumb/v7-m/nofp/libnosys.a(sbrk.o)
 .debug_abbrev  0x000059f9       0xc4 /usr/lib/gcc/arm-none-eabi/14.1.0/../../../../arm-none-eabi/lib/thumb/v7-m/nofp/libnosys.a(write.o)
 .debug_abbrev  0x00005abd       0x69 /usr/lib/gcc/arm-none-eabi/14.1.0/../../../../arm-none-eabi/lib/thumb/v7-m/nofp/libnosys.a(_exit.o)

.debug_loclists
                0x00000000     0x5b68
 .debug_loclists
                0x00000000     0x1b82 ./output/tasks.o
 .debug_loclists
                0x00001b82       0x77 ./output/list.o
 .debug_loclists
                0x00001bf9     0x10b9 ./output/queue.o
 .debug_loclists
                0x00002cb2      0x346 ./output/heap_4.o
 .debug_loclists
                0x00002ff8       0x82 ./output/port.o
 .debug_loclists
                0x0000307a       0x7e ./output/main.o
 .debug_loclists
                0x000030f8       0x29 ./output/startup_gcc.o
 .debug_loclists
                0x00003121       0x18 ./output/IntTimer.o
 .debug_loclists
                0x00003139      0x6ad ./output/printf-stdarg.o
 .debug_loclists
                0x000037e6       0x6a /usr/lib/gcc/arm-none-eabi/14.1.0/../../../../arm-none-eabi/lib/thumb/v7-m/nofp/libg_nano.a(libc_a-rand.o)
 .debug_loclists
                0x00003850      0x209 /usr/lib/gcc/arm-none-eabi/14.1.0/../../../../arm-none-eabi/lib/thumb/v7-m/nofp/libg_nano.a(libc_a-fflush.o)
 .debug_loclists
                0x00003a59      0x2b6 /usr/lib/gcc/arm-none-eabi/14.1.0/../../../../arm-none-eabi/lib/thumb/v7-m/nofp/libg_nano.a(libc_a-findfp.o)
 .debug_loclists
                0x00003d0f       0x91 /usr/lib/gcc/arm-none-eabi/14.1.0/../../../../arm-none-eabi/lib/thumb/v7-m/nofp/libg_nano.a(libc_a-fwalk.o)
 .debug_loclists
                0x00003da0      0x25d /usr/lib/gcc/arm-none-eabi/14.1.0/../../../../arm-none-eabi/lib/thumb/v7-m/nofp/libg_nano.a(libc_a-stdio.o)
 .debug_loclists
                0x00003ffd       0x3b /usr/lib/gcc/arm-none-eabi/14.1.0/../../../../arm-none-eabi/lib/thumb/v7-m/nofp/libg_nano.a(libc_a-memset.o)
 .debug_loclists
                0x00004038       0x58 /usr/lib/gcc/arm-none-eabi/14.1.0/../../../../arm-none-eabi/lib/thumb/v7-m/nofp/libg_nano.a(libc_a-closer.o)
 .debug_loclists
                0x00004090       0x9c /usr/lib/gcc/arm-none-eabi/14.1.0/../../../../arm-none-eabi/lib/thumb/v7-m/nofp/libg_nano.a(libc_a-reent.o)
 .debug_loclists
                0x0000412c       0xa0 /usr/lib/gcc/arm-none-eabi/14.1.0/../../../../arm-none-eabi/lib/thumb/v7-m/nofp/libg_nano.a(libc_a-lseekr.o)
 .debug_loclists
                0x000041cc       0xa0 /usr/lib/gcc/arm-none-eabi/14.1.0/../../../../arm-none-eabi/lib/thumb/v7-m/nofp/libg_nano.a(libc_a-readr.o)
 .debug_loclists
                0x0000426c       0xa0 /usr/lib/gcc/arm-none-eabi/14.1.0/../../../../arm-none-eabi/lib/thumb/v7-m/nofp/libg_nano.a(libc_a-writer.o)
 .debug_loclists
                0x0000430c       0x29 /usr/lib/gcc/arm-none-eabi/14.1.0/../../../../arm-none-eabi/lib/thumb/v7-m/nofp/libg_nano.a(libc_a-lock.o)
 .debug_loclists
                0x00004335       0xad /usr/lib/gcc/arm-none-eabi/14.1.0/../../../../arm-none-eabi/lib/thumb/v7-m/nofp/libg_nano.a(libc_a-memcpy-stub.o)
 .debug_loclists
                0x000043e2      0x110 /usr/lib/gcc/arm-none-eabi/14.1.0/../../../../arm-none-eabi/lib/thumb/v7-m/nofp/libg_nano.a(libc_a-assert.o)
 .debug_loclists
                0x000044f2       0xe0 /usr/lib/gcc/arm-none-eabi/14.1.0/../../../../arm-none-eabi/lib/thumb/v7-m/nofp/libg_nano.a(libc_a-freer.o)
 .debug_loclists
                0x000045d2       0x54 /usr/lib/gcc/arm-none-eabi/14.1.0/../../../../arm-none-eabi/lib/thumb/v7-m/nofp/libg_nano.a(libc_a-malloc.o)
 .debug_loclists
                0x00004626      0x23a /usr/lib/gcc/arm-none-eabi/14.1.0/../../../../arm-none-eabi/lib/thumb/v7-m/nofp/libg_nano.a(libc_a-mallocr.o)
 .debug_loclists
                0x00004860       0x46 /usr/lib/gcc/arm-none-eabi/14.1.0/../../../../arm-none-eabi/lib/thumb/v7-m/nofp/libg_nano.a(libc_a-mlock.o)
 .debug_loclists
                0x000048a6       0x80 /usr/lib/gcc/arm-none-eabi/14.1.0/../../../../arm-none-eabi/lib/thumb/v7-m/nofp/libg_nano.a(libc_a-fprintf.o)
 .debug_loclists
                0x00004926       0x58 /usr/lib/gcc/arm-none-eabi/14.1.0/../../../../arm-none-eabi/lib/thumb/v7-m/nofp/libg_nano.a(libc_a-sbrkr.o)
 .debug_loclists
                0x0000497e      0x428 /usr/lib/gcc/arm-none-eabi/14.1.0/../../../../arm-none-eabi/lib/thumb/v7-m/nofp/libg_nano.a(libc_a-nano-vfprintf.o)
 .debug_loclists
                0x00004da6      0x473 /usr/lib/gcc/arm-none-eabi/14.1.0/../../../../arm-none-eabi/lib/thumb/v7-m/nofp/libg_nano.a(libc_a-nano-vfprintf_i.o)
 .debug_loclists
                0x00005219       0xf5 /usr/lib/gcc/arm-none-eabi/14.1.0/../../../../arm-none-eabi/lib/thumb/v7-m/nofp/libg_nano.a(libc_a-wbuf.o)
 .debug_loclists
                0x0000530e       0x41 /usr/lib/gcc/arm-none-eabi/14.1.0/../../../../arm-none-eabi/lib/thumb/v7-m/nofp/libg_nano.a(libc_a-wsetup.o)
 .debug_loclists
                0x0000534f      0x2b1 /usr/lib/gcc/arm-none-eabi/14.1.0/../../../../arm-none-eabi/lib/thumb/v7-m/nofp/libg_nano.a(libc_a-signal.o)
 .debug_loclists
                0x00005600       0x99 /usr/lib/gcc/arm-none-eabi/14.1.0/../../../../arm-none-eabi/lib/thumb/v7-m/nofp/libg_nano.a(libc_a-signalr.o)
 .debug_loclists
                0x00005699       0xf7 /usr/lib/gcc/arm-none-eabi/14.1.0/../../../../arm-none-eabi/lib/thumb/v7-m/nofp/libg_nano.a(libc_a-memchr-stub.o)
 .debug_loclists
                0x00005790      0x13f /usr/lib/gcc/arm-none-eabi/14.1.0/../../../../arm-none-eabi/lib/thumb/v7-m/nofp/libg_nano.a(libc_a-makebuf.o)
 .debug_loclists
                0x000058cf       0x7c /usr/lib/gcc/arm-none-eabi/14.1.0/../../../../arm-none-eabi/lib/thumb/v7-m/nofp/libg_nano.a(libc_a-fstatr.o)
 .debug_loclists
                0x0000594b       0x58 /usr/lib/gcc/arm-none-eabi/14.1.0/../../../../arm-none-eabi/lib/thumb/v7-m/nofp/libg_nano.a(libc_a-isattyr.o)
 .debug_loclists
                0x000059a3       0x29 /usr/lib/gcc/arm-none-eabi/14.1.0/../../../../arm-none-eabi/lib/thumb/v7-m/nofp/libnosys.a(close.o)
 .debug_loclists
                0x000059cc       0x29 /usr/lib/gcc/arm-none-eabi/14.1.0/../../../../arm-none-eabi/lib/thumb/v7-m/nofp/libnosys.a(fstat.o)
 .debug_loclists
                0x000059f5       0x29 /usr/lib/gcc/arm-none-eabi/14.1.0/../../../../arm-none-eabi/lib/thumb/v7-m/nofp/libnosys.a(isatty.o)
 .debug_loclists
                0x00005a1e       0x29 /usr/lib/gcc/arm-none-eabi/14.1.0/../../../../arm-none-eabi/lib/thumb/v7-m/nofp/libnosys.a(kill.o)
 .debug_loclists
                0x00005a47       0x46 /usr/lib/gcc/arm-none-eabi/14.1.0/../../../../arm-none-eabi/lib/thumb/v7-m/nofp/libnosys.a(lseek.o)
 .debug_loclists
                0x00005a8d       0x46 /usr/lib/gcc/arm-none-eabi/14.1.0/../../../../arm-none-eabi/lib/thumb/v7-m/nofp/libnosys.a(read.o)
 .debug_loclists
                0x00005ad3       0x38 /usr/lib/gcc/arm-none-eabi/14.1.0/../../../../arm-none-eabi/lib/thumb/v7-m/nofp/libnosys.a(sbrk.o)
 .debug_loclists
                0x00005b0b       0x46 /usr/lib/gcc/arm-none-eabi/14.1.0/../../../../arm-none-eabi/lib/thumb/v7-m/nofp/libnosys.a(write.o)
 .debug_loclists
                0x00005b51       0x17 /usr/lib/gcc/arm-none-eabi/14.1.0/../../../../arm-none-eabi/lib/thumb/v7-m/nofp/libnosys.a(_exit.o)

.debug_aranges  0x00000000      0xbd0
 .debug_aranges
                0x00000000      0x1f0 ./output/tasks.o
 .debug_aranges
                0x000001f0       0x40 ./output/list.o
 .debug_aranges
                0x00000230      0x140 ./output/queue.o
 .debug_aranges
                0x00000370       0x60 ./output/heap_4.o
 .debug_aranges
                0x000003d0       0x70 ./output/port.o
 .debug_aranges
                0x00000440       0x28 ./output/main.o
 .debug_aranges
                0x00000468       0x38 ./output/startup_gcc.o
 .debug_aranges
                0x000004a0       0x28 ./output/IntTimer.o
 .debug_aranges
                0x000004c8       0x58 ./output/printf-stdarg.o
 .debug_aranges
                0x00000520       0x28 /usr/lib/gcc/arm-none-eabi/14.1.0/../../../../arm-none-eabi/lib/thumb/v7-m/nofp/libg_nano.a(libc_a-rand.o)
 .debug_aranges
                0x00000548       0x30 /usr/lib/gcc/arm-none-eabi/14.1.0/../../../../arm-none-eabi/lib/thumb/v7-m/nofp/libg_nano.a(libc_a-fflush.o)
 .debug_aranges
                0x00000578       0x78 /usr/lib/gcc/arm-none-eabi/14.1.0/../../../../arm-none-eabi/lib/thumb/v7-m/nofp/libg_nano.a(libc_a-findfp.o)
 .debug_aranges
                0x000005f0       0x20 /usr/lib/gcc/arm-none-eabi/14.1.0/../../../../arm-none-eabi/lib/thumb/v7-m/nofp/libg_nano.a(libc_a-fwalk.o)
 .debug_aranges
                0x00000610       0x40 /usr/lib/gcc/arm-none-eabi/14.1.0/../../../../arm-none-eabi/lib/thumb/v7-m/nofp/libg_nano.a(libc_a-stdio.o)
 .debug_aranges
                0x00000650       0x20 /usr/lib/gcc/arm-none-eabi/14.1.0/../../../../arm-none-eabi/lib/thumb/v7-m/nofp/libg_nano.a(libc_a-memset.o)
 .debug_aranges
                0x00000670       0x20 /usr/lib/gcc/arm-none-eabi/14.1.0/../../../../arm-none-eabi/lib/thumb/v7-m/nofp/libg_nano.a(libc_a-closer.o)
 .debug_aranges
                0x00000690       0x20 /usr/lib/gcc/arm-none-eabi/14.1.0/../../../../arm-none-eabi/lib/thumb/v7-m/nofp/libg_nano.a(libc_a-reent.o)
 .debug_aranges
                0x000006b0       0x18 /usr/lib/gcc/arm-none-eabi/14.1.0/../../../../arm-none-eabi/lib/thumb/v7-m/nofp/libg_nano.a(libc_a-impure.o)
 .debug_aranges
                0x000006c8       0x20 /usr/lib/gcc/arm-none-eabi/14.1.0/../../../../arm-none-eabi/lib/thumb/v7-m/nofp/libg_nano.a(libc_a-lseekr.o)
 .debug_aranges
                0x000006e8       0x20 /usr/lib/gcc/arm-none-eabi/14.1.0/../../../../arm-none-eabi/lib/thumb/v7-m/nofp/libg_nano.a(libc_a-readr.o)
 .debug_aranges
                0x00000708       0x20 /usr/lib/gcc/arm-none-eabi/14.1.0/../../../../arm-none-eabi/lib/thumb/v7-m/nofp/libg_nano.a(libc_a-writer.o)
 .debug_aranges
                0x00000728       0x68 /usr/lib/gcc/arm-none-eabi/14.1.0/../../../../arm-none-eabi/lib/thumb/v7-m/nofp/libg_nano.a(libc_a-lock.o)
 .debug_aranges
                0x00000790       0x20 /usr/lib/gcc/arm-none-eabi/14.1.0/../../../../arm-none-eabi/lib/thumb/v7-m/nofp/libg_nano.a(libc_a-memcpy-stub.o)
 .debug_aranges
                0x000007b0       0x28 /usr/lib/gcc/arm-none-eabi/14.1.0/../../../../arm-none-eabi/lib/thumb/v7-m/nofp/libg_nano.a(libc_a-assert.o)
 .debug_aranges
                0x000007d8       0x20 /usr/lib/gcc/arm-none-eabi/14.1.0/../../../../arm-none-eabi/lib/thumb/v7-m/nofp/libg_nano.a(libc_a-freer.o)
 .debug_aranges
                0x000007f8       0x28 /usr/lib/gcc/arm-none-eabi/14.1.0/../../../../arm-none-eabi/lib/thumb/v7-m/nofp/libg_nano.a(libc_a-malloc.o)
 .debug_aranges
                0x00000820       0x28 /usr/lib/gcc/arm-none-eabi/14.1.0/../../../../arm-none-eabi/lib/thumb/v7-m/nofp/libg_nano.a(libc_a-mallocr.o)
 .debug_aranges
                0x00000848       0x28 /usr/lib/gcc/arm-none-eabi/14.1.0/../../../../arm-none-eabi/lib/thumb/v7-m/nofp/libg_nano.a(libc_a-mlock.o)
 .debug_aranges
                0x00000870       0x28 /usr/lib/gcc/arm-none-eabi/14.1.0/../../../../arm-none-eabi/lib/thumb/v7-m/nofp/libg_nano.a(libc_a-fprintf.o)
 .debug_aranges
                0x00000898       0x20 /usr/lib/gcc/arm-none-eabi/14.1.0/../../../../arm-none-eabi/lib/thumb/v7-m/nofp/libg_nano.a(libc_a-sbrkr.o)
 .debug_aranges
                0x000008b8       0x20 /usr/lib/gcc/arm-none-eabi/14.1.0/../../../../arm-none-eabi/lib/thumb/v7-m/nofp/libg_nano.a(libc_a-abort.o)
 .debug_aranges
                0x000008d8       0x40 /usr/lib/gcc/arm-none-eabi/14.1.0/../../../../arm-none-eabi/lib/thumb/v7-m/nofp/libg_nano.a(libc_a-nano-vfprintf.o)
 .debug_aranges
                0x00000918       0x28 /usr/lib/gcc/arm-none-eabi/14.1.0/../../../../arm-none-eabi/lib/thumb/v7-m/nofp/libg_nano.a(libc_a-nano-vfprintf_i.o)
 .debug_aranges
                0x00000940       0x28 /usr/lib/gcc/arm-none-eabi/14.1.0/../../../../arm-none-eabi/lib/thumb/v7-m/nofp/libg_nano.a(libc_a-wbuf.o)
 .debug_aranges
                0x00000968       0x20 /usr/lib/gcc/arm-none-eabi/14.1.0/../../../../arm-none-eabi/lib/thumb/v7-m/nofp/libg_nano.a(libc_a-wsetup.o)
 .debug_aranges
                0x00000988       0x58 /usr/lib/gcc/arm-none-eabi/14.1.0/../../../../arm-none-eabi/lib/thumb/v7-m/nofp/libg_nano.a(libc_a-signal.o)
 .debug_aranges
                0x000009e0       0x28 /usr/lib/gcc/arm-none-eabi/14.1.0/../../../../arm-none-eabi/lib/thumb/v7-m/nofp/libg_nano.a(libc_a-signalr.o)
 .debug_aranges
                0x00000a08       0x20 /usr/lib/gcc/arm-none-eabi/14.1.0/../../../../arm-none-eabi/lib/thumb/v7-m/nofp/libg_nano.a(libc_a-memchr-stub.o)
 .debug_aranges
                0x00000a28       0x28 /usr/lib/gcc/arm-none-eabi/14.1.0/../../../../arm-none-eabi/lib/thumb/v7-m/nofp/libg_nano.a(libc_a-makebuf.o)
 .debug_aranges
                0x00000a50       0x20 /usr/lib/gcc/arm-none-eabi/14.1.0/../../../../arm-none-eabi/lib/thumb/v7-m/nofp/libg_nano.a(libc_a-fstatr.o)
 .debug_aranges
                0x00000a70       0x20 /usr/lib/gcc/arm-none-eabi/14.1.0/../../../../arm-none-eabi/lib/thumb/v7-m/nofp/libg_nano.a(libc_a-isattyr.o)
 .debug_aranges
                0x00000a90       0x20 /usr/lib/gcc/arm-none-eabi/14.1.0/../../../../arm-none-eabi/lib/thumb/v7-m/nofp/libnosys.a(close.o)
 .debug_aranges
                0x00000ab0       0x20 /usr/lib/gcc/arm-none-eabi/14.1.0/../../../../arm-none-eabi/lib/thumb/v7-m/nofp/libnosys.a(fstat.o)
 .debug_aranges
                0x00000ad0       0x20 /usr/lib/gcc/arm-none-eabi/14.1.0/../../../../arm-none-eabi/lib/thumb/v7-m/nofp/libnosys.a(getpid.o)
 .debug_aranges
                0x00000af0       0x20 /usr/lib/gcc/arm-none-eabi/14.1.0/../../../../arm-none-eabi/lib/thumb/v7-m/nofp/libnosys.a(isatty.o)
 .debug_aranges
                0x00000b10       0x20 /usr/lib/gcc/arm-none-eabi/14.1.0/../../../../arm-none-eabi/lib/thumb/v7-m/nofp/libnosys.a(kill.o)
 .debug_aranges
                0x00000b30       0x20 /usr/lib/gcc/arm-none-eabi/14.1.0/../../../../arm-none-eabi/lib/thumb/v7-m/nofp/libnosys.a(lseek.o)
 .debug_aranges
                0x00000b50       0x20 /usr/lib/gcc/arm-none-eabi/14.1.0/../../../../arm-none-eabi/lib/thumb/v7-m/nofp/libnosys.a(read.o)
 .debug_aranges
                0x00000b70       0x20 /usr/lib/gcc/arm-none-eabi/14.1.0/../../../../arm-none-eabi/lib/thumb/v7-m/nofp/libnosys.a(sbrk.o)
 .debug_aranges
                0x00000b90       0x20 /usr/lib/gcc/arm-none-eabi/14.1.0/../../../../arm-none-eabi/lib/thumb/v7-m/nofp/libnosys.a(write.o)
 .debug_aranges
                0x00000bb0       0x20 /usr/lib/gcc/arm-none-eabi/14.1.0/../../../../arm-none-eabi/lib/thumb/v7-m/nofp/libnosys.a(_exit.o)

.debug_rnglists
                0x00000000      0xba9
 .debug_rnglists
                0x00000000      0x31f ./output/tasks.o
 .debug_rnglists
                0x0000031f       0x2b ./output/list.o
 .debug_rnglists
                0x0000034a      0x1da ./output/queue.o
 .debug_rnglists
                0x00000524       0x52 ./output/heap_4.o
 .debug_rnglists
                0x00000576       0x5b ./output/port.o
 .debug_rnglists
                0x000005d1       0x31 ./output/main.o
 .debug_rnglists
                0x00000602       0x25 ./output/startup_gcc.o
 .debug_rnglists
                0x00000627       0x19 ./output/IntTimer.o
 .debug_rnglists
                0x00000640       0x4c ./output/printf-stdarg.o
 .debug_rnglists
                0x0000068c       0x19 /usr/lib/gcc/arm-none-eabi/14.1.0/../../../../arm-none-eabi/lib/thumb/v7-m/nofp/libg_nano.a(libc_a-rand.o)
 .debug_rnglists
                0x000006a5       0x3b /usr/lib/gcc/arm-none-eabi/14.1.0/../../../../arm-none-eabi/lib/thumb/v7-m/nofp/libg_nano.a(libc_a-fflush.o)
 .debug_rnglists
                0x000006e0       0x7a /usr/lib/gcc/arm-none-eabi/14.1.0/../../../../arm-none-eabi/lib/thumb/v7-m/nofp/libg_nano.a(libc_a-findfp.o)
 .debug_rnglists
                0x0000075a       0x13 /usr/lib/gcc/arm-none-eabi/14.1.0/../../../../arm-none-eabi/lib/thumb/v7-m/nofp/libg_nano.a(libc_a-fwalk.o)
 .debug_rnglists
                0x0000076d       0x2b /usr/lib/gcc/arm-none-eabi/14.1.0/../../../../arm-none-eabi/lib/thumb/v7-m/nofp/libg_nano.a(libc_a-stdio.o)
 .debug_rnglists
                0x00000798       0x13 /usr/lib/gcc/arm-none-eabi/14.1.0/../../../../arm-none-eabi/lib/thumb/v7-m/nofp/libg_nano.a(libc_a-memset.o)
 .debug_rnglists
                0x000007ab       0x13 /usr/lib/gcc/arm-none-eabi/14.1.0/../../../../arm-none-eabi/lib/thumb/v7-m/nofp/libg_nano.a(libc_a-closer.o)
 .debug_rnglists
                0x000007be       0x2c /usr/lib/gcc/arm-none-eabi/14.1.0/../../../../arm-none-eabi/lib/thumb/v7-m/nofp/libg_nano.a(libc_a-reent.o)
 .debug_rnglists
                0x000007ea       0x13 /usr/lib/gcc/arm-none-eabi/14.1.0/../../../../arm-none-eabi/lib/thumb/v7-m/nofp/libg_nano.a(libc_a-lseekr.o)
 .debug_rnglists
                0x000007fd       0x13 /usr/lib/gcc/arm-none-eabi/14.1.0/../../../../arm-none-eabi/lib/thumb/v7-m/nofp/libg_nano.a(libc_a-readr.o)
 .debug_rnglists
                0x00000810       0x13 /usr/lib/gcc/arm-none-eabi/14.1.0/../../../../arm-none-eabi/lib/thumb/v7-m/nofp/libg_nano.a(libc_a-writer.o)
 .debug_rnglists
                0x00000823       0x49 /usr/lib/gcc/arm-none-eabi/14.1.0/../../../../arm-none-eabi/lib/thumb/v7-m/nofp/libg_nano.a(libc_a-lock.o)
 .debug_rnglists
                0x0000086c       0x13 /usr/lib/gcc/arm-none-eabi/14.1.0/../../../../arm-none-eabi/lib/thumb/v7-m/nofp/libg_nano.a(libc_a-memcpy-stub.o)
 .debug_rnglists
                0x0000087f       0x19 /usr/lib/gcc/arm-none-eabi/14.1.0/../../../../arm-none-eabi/lib/thumb/v7-m/nofp/libg_nano.a(libc_a-assert.o)
 .debug_rnglists
                0x00000898       0x14 /usr/lib/gcc/arm-none-eabi/14.1.0/../../../../arm-none-eabi/lib/thumb/v7-m/nofp/libg_nano.a(libc_a-freer.o)
 .debug_rnglists
                0x000008ac       0x19 /usr/lib/gcc/arm-none-eabi/14.1.0/../../../../arm-none-eabi/lib/thumb/v7-m/nofp/libg_nano.a(libc_a-malloc.o)
 .debug_rnglists
                0x000008c5       0x2c /usr/lib/gcc/arm-none-eabi/14.1.0/../../../../arm-none-eabi/lib/thumb/v7-m/nofp/libg_nano.a(libc_a-mallocr.o)
 .debug_rnglists
                0x000008f1       0x19 /usr/lib/gcc/arm-none-eabi/14.1.0/../../../../arm-none-eabi/lib/thumb/v7-m/nofp/libg_nano.a(libc_a-mlock.o)
 .debug_rnglists
                0x0000090a       0x19 /usr/lib/gcc/arm-none-eabi/14.1.0/../../../../arm-none-eabi/lib/thumb/v7-m/nofp/libg_nano.a(libc_a-fprintf.o)
 .debug_rnglists
                0x00000923       0x13 /usr/lib/gcc/arm-none-eabi/14.1.0/../../../../arm-none-eabi/lib/thumb/v7-m/nofp/libg_nano.a(libc_a-sbrkr.o)
 .debug_rnglists
                0x00000936       0x13 /usr/lib/gcc/arm-none-eabi/14.1.0/../../../../arm-none-eabi/lib/thumb/v7-m/nofp/libg_nano.a(libc_a-abort.o)
 .debug_rnglists
                0x00000949       0x3b /usr/lib/gcc/arm-none-eabi/14.1.0/../../../../arm-none-eabi/lib/thumb/v7-m/nofp/libg_nano.a(libc_a-nano-vfprintf.o)
 .debug_rnglists
                0x00000984       0x68 /usr/lib/gcc/arm-none-eabi/14.1.0/../../../../arm-none-eabi/lib/thumb/v7-m/nofp/libg_nano.a(libc_a-nano-vfprintf_i.o)
 .debug_rnglists
                0x000009ec       0x25 /usr/lib/gcc/arm-none-eabi/14.1.0/../../../../arm-none-eabi/lib/thumb/v7-m/nofp/libg_nano.a(libc_a-wbuf.o)
 .debug_rnglists
                0x00000a11       0x26 /usr/lib/gcc/arm-none-eabi/14.1.0/../../../../arm-none-eabi/lib/thumb/v7-m/nofp/libg_nano.a(libc_a-wsetup.o)
 .debug_rnglists
                0x00000a37       0x3d /usr/lib/gcc/arm-none-eabi/14.1.0/../../../../arm-none-eabi/lib/thumb/v7-m/nofp/libg_nano.a(libc_a-signal.o)
 .debug_rnglists
                0x00000a74       0x19 /usr/lib/gcc/arm-none-eabi/14.1.0/../../../../arm-none-eabi/lib/thumb/v7-m/nofp/libg_nano.a(libc_a-signalr.o)
 .debug_rnglists
                0x00000a8d       0x13 /usr/lib/gcc/arm-none-eabi/14.1.0/../../../../arm-none-eabi/lib/thumb/v7-m/nofp/libg_nano.a(libc_a-memchr-stub.o)
 .debug_rnglists
                0x00000aa0       0x25 /usr/lib/gcc/arm-none-eabi/14.1.0/../../../../arm-none-eabi/lib/thumb/v7-m/nofp/libg_nano.a(libc_a-makebuf.o)
 .debug_rnglists
                0x00000ac5       0x13 /usr/lib/gcc/arm-none-eabi/14.1.0/../../../../arm-none-eabi/lib/thumb/v7-m/nofp/libg_nano.a(libc_a-fstatr.o)
 .debug_rnglists
                0x00000ad8       0x13 /usr/lib/gcc/arm-none-eabi/14.1.0/../../../../arm-none-eabi/lib/thumb/v7-m/nofp/libg_nano.a(libc_a-isattyr.o)
 .debug_rnglists
                0x00000aeb       0x13 /usr/lib/gcc/arm-none-eabi/14.1.0/../../../../arm-none-eabi/lib/thumb/v7-m/nofp/libnosys.a(close.o)
 .debug_rnglists
                0x00000afe       0x13 /usr/lib/gcc/arm-none-eabi/14.1.0/../../../../arm-none-eabi/lib/thumb/v7-m/nofp/libnosys.a(fstat.o)
 .debug_rnglists
                0x00000b11       0x13 /usr/lib/gcc/arm-none-eabi/14.1.0/../../../../arm-none-eabi/lib/thumb/v7-m/nofp/libnosys.a(getpid.o)
 .debug_rnglists
                0x00000b24       0x13 /usr/lib/gcc/arm-none-eabi/14.1.0/../../../../arm-none-eabi/lib/thumb/v7-m/nofp/libnosys.a(isatty.o)
 .debug_rnglists
                0x00000b37       0x13 /usr/lib/gcc/arm-none-eabi/14.1.0/../../../../arm-none-eabi/lib/thumb/v7-m/nofp/libnosys.a(kill.o)
 .debug_rnglists
                0x00000b4a       0x13 /usr/lib/gcc/arm-none-eabi/14.1.0/../../../../arm-none-eabi/lib/thumb/v7-m/nofp/libnosys.a(lseek.o)
 .debug_rnglists
                0x00000b5d       0x13 /usr/lib/gcc/arm-none-eabi/14.1.0/../../../../arm-none-eabi/lib/thumb/v7-m/nofp/libnosys.a(read.o)
 .debug_rnglists
                0x00000b70       0x13 /usr/lib/gcc/arm-none-eabi/14.1.0/../../../../arm-none-eabi/lib/thumb/v7-m/nofp/libnosys.a(sbrk.o)
 .debug_rnglists
                0x00000b83       0x13 /usr/lib/gcc/arm-none-eabi/14.1.0/../../../../arm-none-eabi/lib/thumb/v7-m/nofp/libnosys.a(write.o)
 .debug_rnglists
                0x00000b96       0x13 /usr/lib/gcc/arm-none-eabi/14.1.0/../../../../arm-none-eabi/lib/thumb/v7-m/nofp/libnosys.a(_exit.o)

.debug_macro    0x00000000     0x60a4
 .debug_macro   0x00000000      0x293 ./output/tasks.o
 .debug_macro   0x00000293      0xac0 ./output/tasks.o
 .debug_macro   0x00000d53       0x24 ./output/tasks.o
 .debug_macro   0x00000d77       0x22 ./output/tasks.o
 .debug_macro   0x00000d99       0x67 ./output/tasks.o
 .debug_macro   0x00000e00       0x94 ./output/tasks.o
 .debug_macro   0x00000e94       0x3c ./output/tasks.o
 .debug_macro   0x00000ed0       0x34 ./output/tasks.o
 .debug_macro   0x00000f04       0x16 ./output/tasks.o
 .debug_macro   0x00000f1a      0x11c ./output/tasks.o
 .debug_macro   0x00001036       0x9b ./output/tasks.o
 .debug_macro   0x000010d1       0x57 ./output/tasks.o
 .debug_macro   0x00001128      0x364 ./output/tasks.o
 .debug_macro   0x0000148c       0x16 ./output/tasks.o
 .debug_macro   0x000014a2       0x4a ./output/tasks.o
 .debug_macro   0x000014ec       0x34 ./output/tasks.o
 .debug_macro   0x00001520       0x10 ./output/tasks.o
 .debug_macro   0x00001530       0x58 ./output/tasks.o
 .debug_macro   0x00001588      0x1de ./output/tasks.o
 .debug_macro   0x00001766       0x16 ./output/tasks.o
 .debug_macro   0x0000177c       0x29 ./output/tasks.o
 .debug_macro   0x000017a5       0x16 ./output/tasks.o
 .debug_macro   0x000017bb       0x3c ./output/tasks.o
 .debug_macro   0x000017f7      0x34e ./output/tasks.o
 .debug_macro   0x00001b45       0x16 ./output/tasks.o
 .debug_macro   0x00001b5b      0x15b ./output/tasks.o
 .debug_macro   0x00001cb6       0x28 ./output/tasks.o
 .debug_macro   0x00001cde      0x182 ./output/tasks.o
 .debug_macro   0x00001e60       0xe0 ./output/tasks.o
 .debug_macro   0x00001f40       0x3a ./output/tasks.o
 .debug_macro   0x00001f7a       0x1f ./output/tasks.o
 .debug_macro   0x00001f99       0x12 ./output/tasks.o
 .debug_macro   0x00001fab      0xfe5 ./output/tasks.o
 .debug_macro   0x00002f90       0xc3 ./output/tasks.o
 .debug_macro   0x00003053      0x14f ./output/tasks.o
 .debug_macro   0x000031a2       0x98 ./output/tasks.o
 .debug_macro   0x0000323a       0x17 ./output/tasks.o
 .debug_macro   0x00003251      0x17b ./output/list.o
 .debug_macro   0x000033cc      0x20d ./output/queue.o
 .debug_macro   0x000035d9       0x80 ./output/queue.o
 .debug_macro   0x00003659      0x20b ./output/heap_4.o
 .debug_macro   0x00003864      0x16c ./output/port.o
 .debug_macro   0x000039d0      0x243 ./output/main.o
 .debug_macro   0x00003c13       0x85 ./output/main.o
 .debug_macro   0x00003c98       0x16 ./output/main.o
 .debug_macro   0x00003cae       0x10 ./output/main.o
 .debug_macro   0x00003cbe       0x16 ./output/main.o
 .debug_macro   0x00003cd4       0x16 ./output/main.o
 .debug_macro   0x00003cea      0x170 ./output/main.o
 .debug_macro   0x00003e5a      0x113 ./output/startup_gcc.o
 .debug_macro   0x00003f6d       0x9e ./output/startup_gcc.o
 .debug_macro   0x0000400b      0x112 ./output/startup_gcc.o
 .debug_macro   0x0000411d      0x216 ./output/IntTimer.o
 .debug_macro   0x00004333       0x22 ./output/IntTimer.o
 .debug_macro   0x00004355       0x1c ./output/IntTimer.o
 .debug_macro   0x00004371       0x22 ./output/IntTimer.o
 .debug_macro   0x00004393       0xd6 ./output/IntTimer.o
 .debug_macro   0x00004469      0xe2d ./output/IntTimer.o
 .debug_macro   0x00005296      0x11f ./output/IntTimer.o
 .debug_macro   0x000053b5      0x7b3 ./output/IntTimer.o
 .debug_macro   0x00005b68      0x4a6 ./output/IntTimer.o
 .debug_macro   0x0000600e       0x3e ./output/printf-stdarg.o
 .debug_macro   0x0000604c       0x58 ./output/printf-stdarg.o

.debug_line     0x00000000     0xae7a
 .debug_line    0x00000000     0x2709 ./output/tasks.o
 .debug_line    0x00002709      0x470 ./output/list.o
 .debug_line    0x00002b79     0x17ba ./output/queue.o
 .debug_line    0x00004333      0x7a7 ./output/heap_4.o
 .debug_line    0x00004ada      0x3c8 ./output/port.o
 .debug_line    0x00004ea2      0x414 ./output/main.o
 .debug_line    0x000052b6      0x250 ./output/startup_gcc.o
 .debug_line    0x00005506      0x3ca ./output/IntTimer.o
 .debug_line    0x000058d0      0x51f ./output/printf-stdarg.o
 .debug_line    0x00005def      0x230 /usr/lib/gcc/arm-none-eabi/14.1.0/../../../../arm-none-eabi/lib/thumb/v7-m/nofp/libg_nano.a(libc_a-rand.o)
 .debug_line    0x0000601f      0x3d1 /usr/lib/gcc/arm-none-eabi/14.1.0/../../../../arm-none-eabi/lib/thumb/v7-m/nofp/libg_nano.a(libc_a-fflush.o)
 .debug_line    0x000063f0      0x556 /usr/lib/gcc/arm-none-eabi/14.1.0/../../../../arm-none-eabi/lib/thumb/v7-m/nofp/libg_nano.a(libc_a-findfp.o)
 .debug_line    0x00006946      0x1b0 /usr/lib/gcc/arm-none-eabi/14.1.0/../../../../arm-none-eabi/lib/thumb/v7-m/nofp/libg_nano.a(libc_a-fwalk.o)
 .debug_line    0x00006af6      0x268 /usr/lib/gcc/arm-none-eabi/14.1.0/../../../../arm-none-eabi/lib/thumb/v7-m/nofp/libg_nano.a(libc_a-stdio.o)
 .debug_line    0x00006d5e      0x103 /usr/lib/gcc/arm-none-eabi/14.1.0/../../../../arm-none-eabi/lib/thumb/v7-m/nofp/libg_nano.a(libc_a-memset.o)
 .debug_line    0x00006e61      0x192 /usr/lib/gcc/arm-none-eabi/14.1.0/../../../../arm-none-eabi/lib/thumb/v7-m/nofp/libg_nano.a(libc_a-closer.o)
 .debug_line    0x00006ff3      0x26a /usr/lib/gcc/arm-none-eabi/14.1.0/../../../../arm-none-eabi/lib/thumb/v7-m/nofp/libg_nano.a(libc_a-reent.o)
 .debug_line    0x0000725d       0xe8 /usr/lib/gcc/arm-none-eabi/14.1.0/../../../../arm-none-eabi/lib/thumb/v7-m/nofp/libg_nano.a(libc_a-impure.o)
 .debug_line    0x00007345      0x18c /usr/lib/gcc/arm-none-eabi/14.1.0/../../../../arm-none-eabi/lib/thumb/v7-m/nofp/libg_nano.a(libc_a-lseekr.o)
 .debug_line    0x000074d1      0x18b /usr/lib/gcc/arm-none-eabi/14.1.0/../../../../arm-none-eabi/lib/thumb/v7-m/nofp/libg_nano.a(libc_a-readr.o)
 .debug_line    0x0000765c      0x18c /usr/lib/gcc/arm-none-eabi/14.1.0/../../../../arm-none-eabi/lib/thumb/v7-m/nofp/libg_nano.a(libc_a-writer.o)
 .debug_line    0x000077e8      0x15d /usr/lib/gcc/arm-none-eabi/14.1.0/../../../../arm-none-eabi/lib/thumb/v7-m/nofp/libg_nano.a(libc_a-lock.o)
 .debug_line    0x00007945      0x160 /usr/lib/gcc/arm-none-eabi/14.1.0/../../../../arm-none-eabi/lib/thumb/v7-m/nofp/libg_nano.a(libc_a-memcpy-stub.o)
 .debug_line    0x00007aa5      0x1af /usr/lib/gcc/arm-none-eabi/14.1.0/../../../../arm-none-eabi/lib/thumb/v7-m/nofp/libg_nano.a(libc_a-assert.o)
 .debug_line    0x00007c54      0x289 /usr/lib/gcc/arm-none-eabi/14.1.0/../../../../arm-none-eabi/lib/thumb/v7-m/nofp/libg_nano.a(libc_a-freer.o)
 .debug_line    0x00007edd      0x174 /usr/lib/gcc/arm-none-eabi/14.1.0/../../../../arm-none-eabi/lib/thumb/v7-m/nofp/libg_nano.a(libc_a-malloc.o)
 .debug_line    0x00008051      0x452 /usr/lib/gcc/arm-none-eabi/14.1.0/../../../../arm-none-eabi/lib/thumb/v7-m/nofp/libg_nano.a(libc_a-mallocr.o)
 .debug_line    0x000084a3      0x160 /usr/lib/gcc/arm-none-eabi/14.1.0/../../../../arm-none-eabi/lib/thumb/v7-m/nofp/libg_nano.a(libc_a-mlock.o)
 .debug_line    0x00008603      0x1b1 /usr/lib/gcc/arm-none-eabi/14.1.0/../../../../arm-none-eabi/lib/thumb/v7-m/nofp/libg_nano.a(libc_a-fprintf.o)
 .debug_line    0x000087b4      0x192 /usr/lib/gcc/arm-none-eabi/14.1.0/../../../../arm-none-eabi/lib/thumb/v7-m/nofp/libg_nano.a(libc_a-sbrkr.o)
 .debug_line    0x00008946      0x117 /usr/lib/gcc/arm-none-eabi/14.1.0/../../../../arm-none-eabi/lib/thumb/v7-m/nofp/libg_nano.a(libc_a-abort.o)
 .debug_line    0x00008a5d      0x623 /usr/lib/gcc/arm-none-eabi/14.1.0/../../../../arm-none-eabi/lib/thumb/v7-m/nofp/libg_nano.a(libc_a-nano-vfprintf.o)
 .debug_line    0x00009080      0x67c /usr/lib/gcc/arm-none-eabi/14.1.0/../../../../arm-none-eabi/lib/thumb/v7-m/nofp/libg_nano.a(libc_a-nano-vfprintf_i.o)
 .debug_line    0x000096fc      0x242 /usr/lib/gcc/arm-none-eabi/14.1.0/../../../../arm-none-eabi/lib/thumb/v7-m/nofp/libg_nano.a(libc_a-wbuf.o)
 .debug_line    0x0000993e      0x25f /usr/lib/gcc/arm-none-eabi/14.1.0/../../../../arm-none-eabi/lib/thumb/v7-m/nofp/libg_nano.a(libc_a-wsetup.o)
 .debug_line    0x00009b9d      0x3cb /usr/lib/gcc/arm-none-eabi/14.1.0/../../../../arm-none-eabi/lib/thumb/v7-m/nofp/libg_nano.a(libc_a-signal.o)
 .debug_line    0x00009f68      0x1c3 /usr/lib/gcc/arm-none-eabi/14.1.0/../../../../arm-none-eabi/lib/thumb/v7-m/nofp/libg_nano.a(libc_a-signalr.o)
 .debug_line    0x0000a12b      0x157 /usr/lib/gcc/arm-none-eabi/14.1.0/../../../../arm-none-eabi/lib/thumb/v7-m/nofp/libg_nano.a(libc_a-memchr-stub.o)
 .debug_line    0x0000a282      0x309 /usr/lib/gcc/arm-none-eabi/14.1.0/../../../../arm-none-eabi/lib/thumb/v7-m/nofp/libg_nano.a(libc_a-makebuf.o)
 .debug_line    0x0000a58b      0x214 /usr/lib/gcc/arm-none-eabi/14.1.0/../../../../arm-none-eabi/lib/thumb/v7-m/nofp/libg_nano.a(libc_a-fstatr.o)
 .debug_line    0x0000a79f      0x193 /usr/lib/gcc/arm-none-eabi/14.1.0/../../../../arm-none-eabi/lib/thumb/v7-m/nofp/libg_nano.a(libc_a-isattyr.o)
 .debug_line    0x0000a932       0x72 /usr/lib/gcc/arm-none-eabi/14.1.0/../../../../arm-none-eabi/lib/thumb/v7-m/nofp/libnosys.a(close.o)
 .debug_line    0x0000a9a4      0x150 /usr/lib/gcc/arm-none-eabi/14.1.0/../../../../arm-none-eabi/lib/thumb/v7-m/nofp/libnosys.a(fstat.o)
 .debug_line    0x0000aaf4       0x73 /usr/lib/gcc/arm-none-eabi/14.1.0/../../../../arm-none-eabi/lib/thumb/v7-m/nofp/libnosys.a(getpid.o)
 .debug_line    0x0000ab67       0x73 /usr/lib/gcc/arm-none-eabi/14.1.0/../../../../arm-none-eabi/lib/thumb/v7-m/nofp/libnosys.a(isatty.o)
 .debug_line    0x0000abda       0x71 /usr/lib/gcc/arm-none-eabi/14.1.0/../../../../arm-none-eabi/lib/thumb/v7-m/nofp/libnosys.a(kill.o)
 .debug_line    0x0000ac4b       0x73 /usr/lib/gcc/arm-none-eabi/14.1.0/../../../../arm-none-eabi/lib/thumb/v7-m/nofp/libnosys.a(lseek.o)
 .debug_line    0x0000acbe       0x72 /usr/lib/gcc/arm-none-eabi/14.1.0/../../../../arm-none-eabi/lib/thumb/v7-m/nofp/libnosys.a(read.o)
 .debug_line    0x0000ad30       0x76 /usr/lib/gcc/arm-none-eabi/14.1.0/../../../../arm-none-eabi/lib/thumb/v7-m/nofp/libnosys.a(sbrk.o)
 .debug_line    0x0000ada6       0x73 /usr/lib/gcc/arm-none-eabi/14.1.0/../../../../arm-none-eabi/lib/thumb/v7-m/nofp/libnosys.a(write.o)
 .debug_line    0x0000ae19       0x61 /usr/lib/gcc/arm-none-eabi/14.1.0/../../../../arm-none-eabi/lib/thumb/v7-m/nofp/libnosys.a(_exit.o)

.debug_str      0x00000000    0x2336b
 .debug_str     0x00000000    0x2336b ./output/tasks.o
                              0x13725 (size before relaxing)
 .debug_str     0x0002336b    0x10016 ./output/list.o
 .debug_str     0x0002336b    0x1295d ./output/queue.o
 .debug_str     0x0002336b    0x11b2f ./output/heap_4.o
 .debug_str     0x0002336b     0xec25 ./output/port.o
 .debug_str     0x0002336b    0x12b3b ./output/main.o
 .debug_str     0x0002336b     0x74ea ./output/startup_gcc.o
 .debug_str     0x0002336b    0x1dbb8 ./output/IntTimer.o
 .debug_str     0x0002336b     0x30b3 ./output/printf-stdarg.o
 .debug_str     0x0002336b      0x4f1 /usr/lib/gcc/arm-none-eabi/14.1.0/../../../../arm-none-eabi/lib/thumb/v7-m/nofp/libg_nano.a(libc_a-rand.o)
 .debug_str     0x0002336b      0x598 /usr/lib/gcc/arm-none-eabi/14.1.0/../../../../arm-none-eabi/lib/thumb/v7-m/nofp/libg_nano.a(libc_a-fflush.o)
 .debug_str     0x0002336b      0x750 /usr/lib/gcc/arm-none-eabi/14.1.0/../../../../arm-none-eabi/lib/thumb/v7-m/nofp/libg_nano.a(libc_a-findfp.o)
 .debug_str     0x0002336b      0x4dd /usr/lib/gcc/arm-none-eabi/14.1.0/../../../../arm-none-eabi/lib/thumb/v7-m/nofp/libg_nano.a(libc_a-fwalk.o)
 .debug_str     0x0002336b      0x53a /usr/lib/gcc/arm-none-eabi/14.1.0/../../../../arm-none-eabi/lib/thumb/v7-m/nofp/libg_nano.a(libc_a-stdio.o)
 .debug_str     0x0002336b      0x1ad /usr/lib/gcc/arm-none-eabi/14.1.0/../../../../arm-none-eabi/lib/thumb/v7-m/nofp/libg_nano.a(libc_a-memset.o)
 .debug_str     0x0002336b      0x4c3 /usr/lib/gcc/arm-none-eabi/14.1.0/../../../../arm-none-eabi/lib/thumb/v7-m/nofp/libg_nano.a(libc_a-closer.o)
 .debug_str     0x0002336b      0x4ec /usr/lib/gcc/arm-none-eabi/14.1.0/../../../../arm-none-eabi/lib/thumb/v7-m/nofp/libg_nano.a(libc_a-reent.o)
 .debug_str     0x0002336b      0x4cd /usr/lib/gcc/arm-none-eabi/14.1.0/../../../../arm-none-eabi/lib/thumb/v7-m/nofp/libg_nano.a(libc_a-impure.o)
 .debug_str     0x0002336b      0x4d1 /usr/lib/gcc/arm-none-eabi/14.1.0/../../../../arm-none-eabi/lib/thumb/v7-m/nofp/libg_nano.a(libc_a-lseekr.o)
 .debug_str     0x0002336b      0x4d1 /usr/lib/gcc/arm-none-eabi/14.1.0/../../../../arm-none-eabi/lib/thumb/v7-m/nofp/libg_nano.a(libc_a-readr.o)
 .debug_str     0x0002336b      0x4d3 /usr/lib/gcc/arm-none-eabi/14.1.0/../../../../arm-none-eabi/lib/thumb/v7-m/nofp/libg_nano.a(libc_a-writer.o)
 .debug_str     0x0002336b      0x344 /usr/lib/gcc/arm-none-eabi/14.1.0/../../../../arm-none-eabi/lib/thumb/v7-m/nofp/libg_nano.a(libc_a-lock.o)
 .debug_str     0x0002336b      0x1cb /usr/lib/gcc/arm-none-eabi/14.1.0/../../../../arm-none-eabi/lib/thumb/v7-m/nofp/libg_nano.a(libc_a-memcpy-stub.o)
 .debug_str     0x0002336b      0x506 /usr/lib/gcc/arm-none-eabi/14.1.0/../../../../arm-none-eabi/lib/thumb/v7-m/nofp/libg_nano.a(libc_a-assert.o)
 .debug_str     0x0002336b      0x54d /usr/lib/gcc/arm-none-eabi/14.1.0/../../../../arm-none-eabi/lib/thumb/v7-m/nofp/libg_nano.a(libc_a-freer.o)
 .debug_str     0x0002336b      0x4f2 /usr/lib/gcc/arm-none-eabi/14.1.0/../../../../arm-none-eabi/lib/thumb/v7-m/nofp/libg_nano.a(libc_a-malloc.o)
 .debug_str     0x0002336b      0x5ae /usr/lib/gcc/arm-none-eabi/14.1.0/../../../../arm-none-eabi/lib/thumb/v7-m/nofp/libg_nano.a(libc_a-mallocr.o)
 .debug_str     0x0002336b      0x54f /usr/lib/gcc/arm-none-eabi/14.1.0/../../../../arm-none-eabi/lib/thumb/v7-m/nofp/libg_nano.a(libc_a-mlock.o)
 .debug_str     0x0002336b      0x50b /usr/lib/gcc/arm-none-eabi/14.1.0/../../../../arm-none-eabi/lib/thumb/v7-m/nofp/libg_nano.a(libc_a-fprintf.o)
 .debug_str     0x0002336b      0x4d6 /usr/lib/gcc/arm-none-eabi/14.1.0/../../../../arm-none-eabi/lib/thumb/v7-m/nofp/libg_nano.a(libc_a-sbrkr.o)
 .debug_str     0x0002336b      0x1b0 /usr/lib/gcc/arm-none-eabi/14.1.0/../../../../arm-none-eabi/lib/thumb/v7-m/nofp/libg_nano.a(libc_a-abort.o)
 .debug_str     0x0002336b      0x87e /usr/lib/gcc/arm-none-eabi/14.1.0/../../../../arm-none-eabi/lib/thumb/v7-m/nofp/libg_nano.a(libc_a-nano-vfprintf.o)
 .debug_str     0x0002336b      0x7ac /usr/lib/gcc/arm-none-eabi/14.1.0/../../../../arm-none-eabi/lib/thumb/v7-m/nofp/libg_nano.a(libc_a-nano-vfprintf_i.o)
 .debug_str     0x0002336b      0x503 /usr/lib/gcc/arm-none-eabi/14.1.0/../../../../arm-none-eabi/lib/thumb/v7-m/nofp/libg_nano.a(libc_a-wbuf.o)
 .debug_str     0x0002336b      0x4fe /usr/lib/gcc/arm-none-eabi/14.1.0/../../../../arm-none-eabi/lib/thumb/v7-m/nofp/libg_nano.a(libc_a-wsetup.o)
 .debug_str     0x0002336b      0x554 /usr/lib/gcc/arm-none-eabi/14.1.0/../../../../arm-none-eabi/lib/thumb/v7-m/nofp/libg_nano.a(libc_a-signal.o)
 .debug_str     0x0002336b      0x4e9 /usr/lib/gcc/arm-none-eabi/14.1.0/../../../../arm-none-eabi/lib/thumb/v7-m/nofp/libg_nano.a(libc_a-signalr.o)
 .debug_str     0x0002336b      0x1c7 /usr/lib/gcc/arm-none-eabi/14.1.0/../../../../arm-none-eabi/lib/thumb/v7-m/nofp/libg_nano.a(libc_a-memchr-stub.o)
 .debug_str     0x0002336b      0x660 /usr/lib/gcc/arm-none-eabi/14.1.0/../../../../arm-none-eabi/lib/thumb/v7-m/nofp/libg_nano.a(libc_a-makebuf.o)
 .debug_str     0x0002336b      0x615 /usr/lib/gcc/arm-none-eabi/14.1.0/../../../../arm-none-eabi/lib/thumb/v7-m/nofp/libg_nano.a(libc_a-fstatr.o)
 .debug_str     0x0002336b      0x4cd /usr/lib/gcc/arm-none-eabi/14.1.0/../../../../arm-none-eabi/lib/thumb/v7-m/nofp/libg_nano.a(libc_a-isattyr.o)
 .debug_str     0x0002336b      0x1b3 /usr/lib/gcc/arm-none-eabi/14.1.0/../../../../arm-none-eabi/lib/thumb/v7-m/nofp/libnosys.a(close.o)
 .debug_str     0x0002336b      0x2ff /usr/lib/gcc/arm-none-eabi/14.1.0/../../../../arm-none-eabi/lib/thumb/v7-m/nofp/libnosys.a(fstat.o)
 .debug_str     0x0002336b      0x1af /usr/lib/gcc/arm-none-eabi/14.1.0/../../../../arm-none-eabi/lib/thumb/v7-m/nofp/libnosys.a(getpid.o)
 .debug_str     0x0002336b      0x1b4 /usr/lib/gcc/arm-none-eabi/14.1.0/../../../../arm-none-eabi/lib/thumb/v7-m/nofp/libnosys.a(isatty.o)
 .debug_str     0x0002336b      0x1a9 /usr/lib/gcc/arm-none-eabi/14.1.0/../../../../arm-none-eabi/lib/thumb/v7-m/nofp/libnosys.a(kill.o)
 .debug_str     0x0002336b      0x1b1 /usr/lib/gcc/arm-none-eabi/14.1.0/../../../../arm-none-eabi/lib/thumb/v7-m/nofp/libnosys.a(lseek.o)
 .debug_str     0x0002336b      0x1ae /usr/lib/gcc/arm-none-eabi/14.1.0/../../../../arm-none-eabi/lib/thumb/v7-m/nofp/libnosys.a(read.o)
 .debug_str     0x0002336b      0x138 /usr/lib/gcc/arm-none-eabi/14.1.0/../../../../arm-none-eabi/lib/thumb/v7-m/nofp/libnosys.a(sbrk.o)
 .debug_str     0x0002336b      0x1b1 /usr/lib/gcc/arm-none-eabi/14.1.0/../../../../arm-none-eabi/lib/thumb/v7-m/nofp/libnosys.a(write.o)
 .debug_str     0x0002336b      0x184 /usr/lib/gcc/arm-none-eabi/14.1.0/../../../../arm-none-eabi/lib/thumb/v7-m/nofp/libnosys.a(_exit.o)

.comment        0x00000000       0x46
 .comment       0x00000000       0x46 ./output/tasks.o
                                 0x24 (size before relaxing)
 .comment       0x00000046       0x24 ./output/list.o
 .comment       0x00000046       0x24 ./output/queue.o
 .comment       0x00000046       0x24 ./output/heap_4.o
 .comment       0x00000046       0x24 ./output/port.o
 .comment       0x00000046       0x24 ./output/main.o
 .comment       0x00000046       0x24 ./output/startup_gcc.o
 .comment       0x00000046       0x24 ./output/IntTimer.o
 .comment       0x00000046       0x24 ./output/printf-stdarg.o
 .comment       0x00000046       0x24 /usr/lib/gcc/arm-none-eabi/14.1.0/../../../../arm-none-eabi/lib/thumb/v7-m/nofp/libg_nano.a(libc_a-rand.o)
 .comment       0x00000046       0x24 /usr/lib/gcc/arm-none-eabi/14.1.0/../../../../arm-none-eabi/lib/thumb/v7-m/nofp/libg_nano.a(libc_a-fflush.o)
 .comment       0x00000046       0x24 /usr/lib/gcc/arm-none-eabi/14.1.0/../../../../arm-none-eabi/lib/thumb/v7-m/nofp/libg_nano.a(libc_a-findfp.o)
 .comment       0x00000046       0x24 /usr/lib/gcc/arm-none-eabi/14.1.0/../../../../arm-none-eabi/lib/thumb/v7-m/nofp/libg_nano.a(libc_a-fwalk.o)
 .comment       0x00000046       0x24 /usr/lib/gcc/arm-none-eabi/14.1.0/../../../../arm-none-eabi/lib/thumb/v7-m/nofp/libg_nano.a(libc_a-stdio.o)
 .comment       0x00000046       0x24 /usr/lib/gcc/arm-none-eabi/14.1.0/../../../../arm-none-eabi/lib/thumb/v7-m/nofp/libg_nano.a(libc_a-memset.o)
 .comment       0x00000046       0x24 /usr/lib/gcc/arm-none-eabi/14.1.0/../../../../arm-none-eabi/lib/thumb/v7-m/nofp/libg_nano.a(libc_a-closer.o)
 .comment       0x00000046       0x24 /usr/lib/gcc/arm-none-eabi/14.1.0/../../../../arm-none-eabi/lib/thumb/v7-m/nofp/libg_nano.a(libc_a-reent.o)
 .comment       0x00000046       0x24 /usr/lib/gcc/arm-none-eabi/14.1.0/../../../../arm-none-eabi/lib/thumb/v7-m/nofp/libg_nano.a(libc_a-impure.o)
 .comment       0x00000046       0x24 /usr/lib/gcc/arm-none-eabi/14.1.0/../../../../arm-none-eabi/lib/thumb/v7-m/nofp/libg_nano.a(libc_a-lseekr.o)