Archive member included to satisfy reference by file (symbol)

/opt/st/stm32cubeide_1.16.1/plugins/com.st.stm32cube.ide.mcu.externaltools.gnu-tools-for-stm32.12.3.rel1.linux64_1.0.200.202406132123/tools/bin/../lib/gcc/arm-none-eabi/12.3.1/../../../../arm-none-eabi/lib/thumb/v7e-m+fp/hard/libc_nano.a(libc_a-exit.o)
                              /opt/st/stm32cubeide_1.16.1/plugins/com.st.stm32cube.ide.mcu.externaltools.gnu-tools-for-stm32.12.3.rel1.linux64_1.0.200.202406132123/tools/bin/../lib/gcc/arm-none-eabi/12.3.1/../../../../arm-none-eabi/lib/thumb/v7e-m+fp/hard/crt0.o (exit)
/opt/st/stm32cubeide_1.16.1/plugins/com.st.stm32cube.ide.mcu.externaltools.gnu-tools-for-stm32.12.3.rel1.linux64_1.0.200.202406132123/tools/bin/../lib/gcc/arm-none-eabi/12.3.1/../../../../arm-none-eabi/lib/thumb/v7e-m+fp/hard/libc_nano.a(libc_a-findfp.o)
                              /opt/st/stm32cubeide_1.16.1/plugins/com.st.stm32cube.ide.mcu.externaltools.gnu-tools-for-stm32.12.3.rel1.linux64_1.0.200.202406132123/tools/bin/../lib/gcc/arm-none-eabi/12.3.1/../../../../arm-none-eabi/lib/thumb/v7e-m+fp/hard/libc_nano.a(libc_a-exit.o) (__stdio_exit_handler)
/opt/st/stm32cubeide_1.16.1/plugins/com.st.stm32cube.ide.mcu.externaltools.gnu-tools-for-stm32.12.3.rel1.linux64_1.0.200.202406132123/tools/bin/../lib/gcc/arm-none-eabi/12.3.1/../../../../arm-none-eabi/lib/thumb/v7e-m+fp/hard/libc_nano.a(libc_a-fwalk.o)
                              /opt/st/stm32cubeide_1.16.1/plugins/com.st.stm32cube.ide.mcu.externaltools.gnu-tools-for-stm32.12.3.rel1.linux64_1.0.200.202406132123/tools/bin/../lib/gcc/arm-none-eabi/12.3.1/../../../../arm-none-eabi/lib/thumb/v7e-m+fp/hard/libc_nano.a(libc_a-findfp.o) (_fwalk_sglue)
/opt/st/stm32cubeide_1.16.1/plugins/com.st.stm32cube.ide.mcu.externaltools.gnu-tools-for-stm32.12.3.rel1.linux64_1.0.200.202406132123/tools/bin/../lib/gcc/arm-none-eabi/12.3.1/../../../../arm-none-eabi/lib/thumb/v7e-m+fp/hard/libc_nano.a(libc_a-stdio.o)
                              /opt/st/stm32cubeide_1.16.1/plugins/com.st.stm32cube.ide.mcu.externaltools.gnu-tools-for-stm32.12.3.rel1.linux64_1.0.200.202406132123/tools/bin/../lib/gcc/arm-none-eabi/12.3.1/../../../../arm-none-eabi/lib/thumb/v7e-m+fp/hard/libc_nano.a(libc_a-findfp.o) (__sread)
/opt/st/stm32cubeide_1.16.1/plugins/com.st.stm32cube.ide.mcu.externaltools.gnu-tools-for-stm32.12.3.rel1.linux64_1.0.200.202406132123/tools/bin/../lib/gcc/arm-none-eabi/12.3.1/../../../../arm-none-eabi/lib/thumb/v7e-m+fp/hard/libc_nano.a(libc_a-memset.o)
                              /opt/st/stm32cubeide_1.16.1/plugins/com.st.stm32cube.ide.mcu.externaltools.gnu-tools-for-stm32.12.3.rel1.linux64_1.0.200.202406132123/tools/bin/../lib/gcc/arm-none-eabi/12.3.1/../../../../arm-none-eabi/lib/thumb/v7e-m+fp/hard/crt0.o (memset)
/opt/st/stm32cubeide_1.16.1/plugins/com.st.stm32cube.ide.mcu.externaltools.gnu-tools-for-stm32.12.3.rel1.linux64_1.0.200.202406132123/tools/bin/../lib/gcc/arm-none-eabi/12.3.1/../../../../arm-none-eabi/lib/thumb/v7e-m+fp/hard/libc_nano.a(libc_a-closer.o)
                              /opt/st/stm32cubeide_1.16.1/plugins/com.st.stm32cube.ide.mcu.externaltools.gnu-tools-for-stm32.12.3.rel1.linux64_1.0.200.202406132123/tools/bin/../lib/gcc/arm-none-eabi/12.3.1/../../../../arm-none-eabi/lib/thumb/v7e-m+fp/hard/libc_nano.a(libc_a-stdio.o) (_close_r)
/opt/st/stm32cubeide_1.16.1/plugins/com.st.stm32cube.ide.mcu.externaltools.gnu-tools-for-stm32.12.3.rel1.linux64_1.0.200.202406132123/tools/bin/../lib/gcc/arm-none-eabi/12.3.1/../../../../arm-none-eabi/lib/thumb/v7e-m+fp/hard/libc_nano.a(libc_a-reent.o)
                              /opt/st/stm32cubeide_1.16.1/plugins/com.st.stm32cube.ide.mcu.externaltools.gnu-tools-for-stm32.12.3.rel1.linux64_1.0.200.202406132123/tools/bin/../lib/gcc/arm-none-eabi/12.3.1/../../../../arm-none-eabi/lib/thumb/v7e-m+fp/hard/libc_nano.a(libc_a-closer.o) (errno)
/opt/st/stm32cubeide_1.16.1/plugins/com.st.stm32cube.ide.mcu.externaltools.gnu-tools-for-stm32.12.3.rel1.linux64_1.0.200.202406132123/tools/bin/../lib/gcc/arm-none-eabi/12.3.1/../../../../arm-none-eabi/lib/thumb/v7e-m+fp/hard/libc_nano.a(libc_a-impure.o)
                              /opt/st/stm32cubeide_1.16.1/plugins/com.st.stm32cube.ide.mcu.externaltools.gnu-tools-for-stm32.12.3.rel1.linux64_1.0.200.202406132123/tools/bin/../lib/gcc/arm-none-eabi/12.3.1/../../../../arm-none-eabi/lib/thumb/v7e-m+fp/hard/libc_nano.a(libc_a-reent.o) (_impure_ptr)
/opt/st/stm32cubeide_1.16.1/plugins/com.st.stm32cube.ide.mcu.externaltools.gnu-tools-for-stm32.12.3.rel1.linux64_1.0.200.202406132123/tools/bin/../lib/gcc/arm-none-eabi/12.3.1/../../../../arm-none-eabi/lib/thumb/v7e-m+fp/hard/libc_nano.a(libc_a-lseekr.o)
                              /opt/st/stm32cubeide_1.16.1/plugins/com.st.stm32cube.ide.mcu.externaltools.gnu-tools-for-stm32.12.3.rel1.linux64_1.0.200.202406132123/tools/bin/../lib/gcc/arm-none-eabi/12.3.1/../../../../arm-none-eabi/lib/thumb/v7e-m+fp/hard/libc_nano.a(libc_a-stdio.o) (_lseek_r)
[...]
Memory Configuration

Name             Origin             Length             Attributes
RAM              0x20000000         0x00020000         xrw
FLASH            0x08000000         0x00080000         xr
*default*        0x00000000         0xffffffff

Linker script and memory map

LOAD /opt/st/stm32cubeide_1.16.1/plugins/com.st.stm32cube.ide.mcu.externaltools.gnu-tools-for-stm32.12.3.rel1.linux64_1.0.200.202406132123/tools/bin/../lib/gcc/arm-none-eabi/12.3.1/thumb/v7e-m+fp/hard/crti.o
LOAD /opt/st/stm32cubeide_1.16.1/plugins/com.st.stm32cube.ide.mcu.externaltools.gnu-tools-for-stm32.12.3.rel1.linux64_1.0.200.202406132123/tools/bin/../lib/gcc/arm-none-eabi/12.3.1/thumb/v7e-m+fp/hard/crtbegin.o
LOAD /opt/st/stm32cubeide_1.16.1/plugins/com.st.stm32cube.ide.mcu.externaltools.gnu-tools-for-stm32.12.3.rel1.linux64_1.0.200.202406132123/tools/bin/../lib/gcc/arm-none-eabi/12.3.1/../../../../arm-none-eabi/lib/thumb/v7e-m+fp/hard/crt0.o
LOAD ./Core/Src/gpio.o
LOAD ./Core/Src/main.o
LOAD ./Core/Src/stm32f4xx_hal_msp.o
LOAD ./Core/Src/stm32f4xx_hal_timebase_tim.o
LOAD ./Core/Src/stm32f4xx_it.o
LOAD ./Core/Src/syscalls.o
LOAD ./Core/Src/system_stm32f4xx.o
LOAD ./Core/Src/usart.o
LOAD ./Core/Startup/startup_stm32f446retx.o
LOAD ./Drivers/STM32F4xx_HAL_Driver/Src/stm32f4xx_hal.o
LOAD ./Drivers/STM32F4xx_HAL_Driver/Src/stm32f4xx_hal_cortex.o
LOAD ./Drivers/STM32F4xx_HAL_Driver/Src/stm32f4xx_hal_dma.o
LOAD ./Drivers/STM32F4xx_HAL_Driver/Src/stm32f4xx_hal_dma_ex.o
LOAD ./Drivers/STM32F4xx_HAL_Driver/Src/stm32f4xx_hal_exti.o
LOAD ./Drivers/STM32F4xx_HAL_Driver/Src/stm32f4xx_hal_flash.o
LOAD ./Drivers/STM32F4xx_HAL_Driver/Src/stm32f4xx_hal_flash_ex.o
LOAD ./Drivers/STM32F4xx_HAL_Driver/Src/stm32f4xx_hal_flash_ramfunc.o
LOAD ./Drivers/STM32F4xx_HAL_Driver/Src/stm32f4xx_hal_gpio.o
LOAD ./Drivers/STM32F4xx_HAL_Driver/Src/stm32f4xx_hal_pwr.o
LOAD ./Drivers/STM32F4xx_HAL_Driver/Src/stm32f4xx_hal_pwr_ex.o
LOAD ./Drivers/STM32F4xx_HAL_Driver/Src/stm32f4xx_hal_rcc.o
LOAD ./Drivers/STM32F4xx_HAL_Driver/Src/stm32f4xx_hal_rcc_ex.o
LOAD ./Drivers/STM32F4xx_HAL_Driver/Src/stm32f4xx_hal_tim.o
LOAD ./Drivers/STM32F4xx_HAL_Driver/Src/stm32f4xx_hal_tim_ex.o
LOAD ./Drivers/STM32F4xx_HAL_Driver/Src/stm32f4xx_hal_uart.o
LOAD ./FreeRTOS-Kernel/croutine.o
LOAD ./FreeRTOS-Kernel/event_groups.o
LOAD ./FreeRTOS-Kernel/list.o
LOAD ./FreeRTOS-Kernel/queue.o
LOAD ./FreeRTOS-Kernel/stream_buffer.o
LOAD ./FreeRTOS-Kernel/tasks.o
LOAD ./FreeRTOS-Kernel/timers.o
LOAD ./FreeRTOS-Kernel/portable/GCC/ARM_CM4F/port.o
LOAD ./FreeRTOS-Kernel/portable/MemMang/heap_4.o
START GROUP
LOAD /opt/st/stm32cubeide_1.16.1/plugins/com.st.stm32cube.ide.mcu.externaltools.gnu-tools-for-stm32.12.3.rel1.linux64_1.0.200.202406132123/tools/bin/../lib/gcc/arm-none-eabi/12.3.1/../../../../arm-none-eabi/lib/thumb/v7e-m+fp/hard/libc_nano.a
LOAD /opt/st/stm32cubeide_1.16.1/plugins/com.st.stm32cube.ide.mcu.externaltools.gnu-tools-for-stm32.12.3.rel1.linux64_1.0.200.202406132123/tools/bin/../lib/gcc/arm-none-eabi/12.3.1/../../../../arm-none-eabi/lib/thumb/v7e-m+fp/hard/libm.a
END GROUP
START GROUP
LOAD /opt/st/stm32cubeide_1.16.1/plugins/com.st.stm32cube.ide.mcu.externaltools.gnu-tools-for-stm32.12.3.rel1.linux64_1.0.200.202406132123/tools/bin/../lib/gcc/arm-none-eabi/12.3.1/thumb/v7e-m+fp/hard/libgcc.a
LOAD /opt/st/stm32cubeide_1.16.1/plugins/com.st.stm32cube.ide.mcu.externaltools.gnu-tools-for-stm32.12.3.rel1.linux64_1.0.200.202406132123/tools/bin/../lib/gcc/arm-none-eabi/12.3.1/../../../../arm-none-eabi/lib/thumb/v7e-m+fp/hard/libc_nano.a
END GROUP
START GROUP
LOAD /opt/st/stm32cubeide_1.16.1/plugins/com.st.stm32cube.ide.mcu.externaltools.gnu-tools-for-stm32.12.3.rel1.linux64_1.0.200.202406132123/tools/bin/../lib/gcc/arm-none-eabi/12.3.1/thumb/v7e-m+fp/hard/libgcc.a
LOAD /opt/st/stm32cubeide_1.16.1/plugins/com.st.stm32cube.ide.mcu.externaltools.gnu-tools-for-stm32.12.3.rel1.linux64_1.0.200.202406132123/tools/bin/../lib/gcc/arm-none-eabi/12.3.1/../../../../arm-none-eabi/lib/thumb/v7e-m+fp/hard/libc_nano.a
LOAD /opt/st/stm32cubeide_1.16.1/plugins/com.st.stm32cube.ide.mcu.externaltools.gnu-tools-for-stm32.12.3.rel1.linux64_1.0.200.202406132123/tools/bin/../lib/gcc/arm-none-eabi/12.3.1/../../../../arm-none-eabi/lib/thumb/v7e-m+fp/hard/libnosys.a
END GROUP
START GROUP
LOAD /opt/st/stm32cubeide_1.16.1/plugins/com.st.stm32cube.ide.mcu.externaltools.gnu-tools-for-stm32.12.3.rel1.linux64_1.0.200.202406132123/tools/bin/../lib/gcc/arm-none-eabi/12.3.1/thumb/v7e-m+fp/hard/libgcc.a
LOAD /opt/st/stm32cubeide_1.16.1/plugins/com.st.stm32cube.ide.mcu.externaltools.gnu-tools-for-stm32.12.3.rel1.linux64_1.0.200.202406132123/tools/bin/../lib/gcc/arm-none-eabi/12.3.1/../../../../arm-none-eabi/lib/thumb/v7e-m+fp/hard/libc_nano.a
LOAD /opt/st/stm32cubeide_1.16.1/plugins/com.st.stm32cube.ide.mcu.externaltools.gnu-tools-for-stm32.12.3.rel1.linux64_1.0.200.202406132123/tools/bin/../lib/gcc/arm-none-eabi/12.3.1/../../../../arm-none-eabi/lib/thumb/v7e-m+fp/hard/libnosys.a
END GROUP
LOAD /opt/st/stm32cubeide_1.16.1/plugins/com.st.stm32cube.ide.mcu.externaltools.gnu-tools-for-stm32.12.3.rel1.linux64_1.0.200.202406132123/tools/bin/../lib/gcc/arm-none-eabi/12.3.1/thumb/v7e-m+fp/hard/crtend.o
LOAD /opt/st/stm32cubeide_1.16.1/plugins/com.st.stm32cube.ide.mcu.externaltools.gnu-tools-for-stm32.12.3.rel1.linux64_1.0.200.202406132123/tools/bin/../lib/gcc/arm-none-eabi/12.3.1/thumb/v7e-m+fp/hard/crtn.o
                0x20020000                        _estack = (ORIGIN (RAM) + LENGTH (RAM))
                0x00000200                        _Min_Heap_Size = 0x200
                0x00000400                        _Min_Stack_Size = 0x400

.isr_vector     0x08000000      0x1c4
                0x08000000                        . = ALIGN (0x4)
 *(.isr_vector)
 .isr_vector    0x08000000      0x1c4 ./Core/Startup/startup_stm32f446retx.o
                0x08000000                g_pfnVectors
                0x080001c4                        . = ALIGN (0x4)

.text           0x080001c4     0x4c74
                0x080001c4                        . = ALIGN (0x4)
 *(.text)
 .text          0x080001c4       0x40 /opt/st/stm32cubeide_1.16.1/plugins/com.st.stm32cube.ide.mcu.externaltools.gnu-tools-for-stm32.12.3.rel1.linux64_1.0.200.202406132123/tools/bin/../lib/gcc/arm-none-eabi/12.3.1/thumb/v7e-m+fp/hard/crtbegin.o
 .text          0x08000204       0x30 /opt/st/stm32cubeide_1.16.1/plugins/com.st.stm32cube.ide.mcu.externaltools.gnu-tools-for-stm32.12.3.rel1.linux64_1.0.200.202406132123/tools/bin/../lib/gcc/arm-none-eabi/12.3.1/thumb/v7e-m+fp/hard/libgcc.a(_aeabi_uldivmod.o)
                0x08000204                __aeabi_uldivmod
 .text          0x08000234      0x2bc /opt/st/stm32cubeide_1.16.1/plugins/com.st.stm32cube.ide.mcu.externaltools.gnu-tools-for-stm32.12.3.rel1.linux64_1.0.200.202406132123/tools/bin/../lib/gcc/arm-none-eabi/12.3.1/thumb/v7e-m+fp/hard/libgcc.a(_udivmoddi4.o)
                0x08000234                __udivmoddi4
 .text          0x080004f0        0x4 /opt/st/stm32cubeide_1.16.1/plugins/com.st.stm32cube.ide.mcu.externaltools.gnu-tools-for-stm32.12.3.rel1.linux64_1.0.200.202406132123/tools/bin/../lib/gcc/arm-none-eabi/12.3.1/thumb/v7e-m+fp/hard/libgcc.a(_dvmd_tls.o)
                0x080004f0                __aeabi_ldiv0
                0x080004f0                __aeabi_idiv0
 *(.text*)
 .text.MX_GPIO_Init
                0x080004f4       0xdc ./Core/Src/gpio.o
                0x080004f4                MX_GPIO_Init
 .text.main     0x080005d0       0x3c ./Core/Src/main.o
                0x080005d0                main
 .text.SystemClock_Config
                0x0800060c       0xdc ./Core/Src/main.o
                0x0800060c                SystemClock_Config
 .text.vTaskFunction3
                0x080006e8       0xa0 ./Core/Src/main.o
                0x080006e8                vTaskFunction3
 .text.HAL_TIM_PeriodElapsedCallback
                0x08000788       0x24 ./Core/Src/main.o
                0x08000788                HAL_TIM_PeriodElapsedCallback
 .text.Error_Handler
                0x080007ac        0xc ./Core/Src/main.o
                0x080007ac                Error_Handler
 .text.HAL_MspInit
                0x080007b8       0x50 ./Core/Src/stm32f4xx_hal_msp.o
                0x080007b8                HAL_MspInit
 .text.HAL_InitTick
                0x08000808       0xf8 ./Core/Src/stm32f4xx_hal_timebase_tim.o
                0x08000808                HAL_InitTick
 .text.NMI_Handler
                0x08000900        0x8 ./Core/Src/stm32f4xx_it.o
                0x08000900                NMI_Handler
 .text.HardFault_Handler
                0x08000908        0x8 ./Core/Src/stm32f4xx_it.o
                0x08000908                HardFault_Handler
 .text.MemManage_Handler
                0x08000910        0x8 ./Core/Src/stm32f4xx_it.o
                0x08000910                MemManage_Handler
 .text.BusFault_Handler
                0x08000918        0x8 ./Core/Src/stm32f4xx_it.o
                0x08000918                BusFault_Handler
 .text.UsageFault_Handler
                0x08000920        0x8 ./Core/Src/stm32f4xx_it.o
                0x08000920                UsageFault_Handler
 .text.DebugMon_Handler
                0x08000928        0xe ./Core/Src/stm32f4xx_it.o
                0x08000928                DebugMon_Handler
 *fill*         0x08000936        0x2 
 .text.TIM6_DAC_IRQHandler
                0x08000938       0x14 ./Core/Src/stm32f4xx_it.o
                0x08000938                TIM6_DAC_IRQHandler
 .text.SystemInit
                0x0800094c       0x24 ./Core/Src/system_stm32f4xx.o
                0x0800094c                SystemInit
 .text.MX_USART2_UART_Init
                0x08000970       0x54 ./Core/Src/usart.o
                0x08000970                MX_USART2_UART_Init
 .text.HAL_UART_MspInit
                0x080009c4       0x90 ./Core/Src/usart.o
                0x080009c4                HAL_UART_MspInit
 .text.Reset_Handler
                0x08000a54       0x50 ./Core/Startup/startup_stm32f446retx.o
                0x08000a54                Reset_Handler
 .text.Default_Handler
                0x08000aa4        0x2 ./Core/Startup/startup_stm32f446retx.o
                0x08000aa4                RTC_Alarm_IRQHandler
                0x08000aa4                EXTI2_IRQHandler
                0x08000aa4                TIM8_CC_IRQHandler
                0x08000aa4                FMPI2C1_EV_IRQHandler
                0x08000aa4                SPI4_IRQHandler
                0x08000aa4                TIM1_CC_IRQHandler
                0x08000aa4                DMA2_Stream5_IRQHandler
                0x08000aa4                DMA1_Stream5_IRQHandler
                0x08000aa4                PVD_IRQHandler
                0x08000aa4                SDIO_IRQHandler
                0x08000aa4                TAMP_STAMP_IRQHandler
                0x08000aa4                CAN2_RX1_IRQHandler
                0x08000aa4                EXTI3_IRQHandler
                0x08000aa4                TIM8_TRG_COM_TIM14_IRQHandler
                0x08000aa4                TIM1_UP_TIM10_IRQHandler
                0x08000aa4                TIM8_UP_TIM13_IRQHandler
                0x08000aa4                I2C3_ER_IRQHandler
                0x08000aa4                EXTI0_IRQHandler
                0x08000aa4                I2C2_EV_IRQHandler
                0x08000aa4                DMA1_Stream2_IRQHandler
                0x08000aa4                CAN1_RX0_IRQHandler
                0x08000aa4                FPU_IRQHandler
                0x08000aa4                OTG_HS_WKUP_IRQHandler
                0x08000aa4                CAN2_SCE_IRQHandler
                0x08000aa4                DMA2_Stream2_IRQHandler
                0x08000aa4                SPI1_IRQHandler
                0x08000aa4                TIM1_BRK_TIM9_IRQHandler
                0x08000aa4                DCMI_IRQHandler
                0x08000aa4                CAN2_RX0_IRQHandler
                0x08000aa4                DMA2_Stream3_IRQHandler
                0x08000aa4                SAI2_IRQHandler
                0x08000aa4                USART6_IRQHandler
                0x08000aa4                USART3_IRQHandler
                0x08000aa4                CAN1_RX1_IRQHandler
                0x08000aa4                UART5_IRQHandler
                0x08000aa4                DMA2_Stream0_IRQHandler
                0x08000aa4                TIM4_IRQHandler
                0x08000aa4                QUADSPI_IRQHandler
                0x08000aa4                I2C1_EV_IRQHandler
                0x08000aa4                DMA1_Stream6_IRQHandler
                0x08000aa4                DMA1_Stream1_IRQHandler
                0x08000aa4                UART4_IRQHandler
                0x08000aa4                TIM3_IRQHandler
                0x08000aa4                RCC_IRQHandler
                0x08000aa4                TIM8_BRK_TIM12_IRQHandler
                0x08000aa4                Default_Handler
                0x08000aa4                CEC_IRQHandler
                0x08000aa4                EXTI15_10_IRQHandler
                0x08000aa4                ADC_IRQHandler
                0x08000aa4                DMA1_Stream7_IRQHandler
                0x08000aa4                TIM7_IRQHandler
                0x08000aa4                CAN2_TX_IRQHandler
                0x08000aa4                TIM5_IRQHandler
                0x08000aa4                DMA2_Stream7_IRQHandler
                0x08000aa4                I2C3_EV_IRQHandler
                0x08000aa4                EXTI9_5_IRQHandler
                0x08000aa4                RTC_WKUP_IRQHandler
                0x08000aa4                SPDIF_RX_IRQHandler
                0x08000aa4                SPI2_IRQHandler
                0x08000aa4                OTG_HS_EP1_IN_IRQHandler
                0x08000aa4                DMA1_Stream0_IRQHandler
                0x08000aa4                CAN1_TX_IRQHandler
                0x08000aa4                FMPI2C1_ER_IRQHandler
                0x08000aa4                EXTI4_IRQHandler
                0x08000aa4                OTG_HS_EP1_OUT_IRQHandler
                0x08000aa4                WWDG_IRQHandler
                0x08000aa4                TIM2_IRQHandler
                0x08000aa4                OTG_FS_WKUP_IRQHandler
                0x08000aa4                TIM1_TRG_COM_TIM11_IRQHandler
                0x08000aa4                OTG_HS_IRQHandler
                0x08000aa4                EXTI1_IRQHandler
                0x08000aa4                USART2_IRQHandler
                0x08000aa4                I2C2_ER_IRQHandler
                0x08000aa4                DMA2_Stream1_IRQHandler
                0x08000aa4                CAN1_SCE_IRQHandler
                0x08000aa4                FLASH_IRQHandler
                0x08000aa4                DMA2_Stream4_IRQHandler
                0x08000aa4                USART1_IRQHandler
                0x08000aa4                OTG_FS_IRQHandler
                0x08000aa4                SPI3_IRQHandler
                0x08000aa4                DMA1_Stream4_IRQHandler
                0x08000aa4                I2C1_ER_IRQHandler
                0x08000aa4                FMC_IRQHandler
                0x08000aa4                DMA2_Stream6_IRQHandler
                0x08000aa4                SAI1_IRQHandler
                0x08000aa4                DMA1_Stream3_IRQHandler
 *fill*         0x08000aa6        0x2 
 .text.HAL_Init
                0x08000aa8       0x44 ./Drivers/STM32F4xx_HAL_Driver/Src/stm32f4xx_hal.o
                0x08000aa8                HAL_Init
 .text.HAL_IncTick
                0x08000aec       0x28 ./Drivers/STM32F4xx_HAL_Driver/Src/stm32f4xx_hal.o
                0x08000aec                HAL_IncTick
 .text.HAL_GetTick
                0x08000b14       0x18 ./Drivers/STM32F4xx_HAL_Driver/Src/stm32f4xx_hal.o
                0x08000b14                HAL_GetTick
 .text.__NVIC_SetPriorityGrouping
                0x08000b2c       0x48 ./Drivers/STM32F4xx_HAL_Driver/Src/stm32f4xx_hal_cortex.o
 .text.__NVIC_GetPriorityGrouping
                0x08000b74       0x1c ./Drivers/STM32F4xx_HAL_Driver/Src/stm32f4xx_hal_cortex.o
 .text.__NVIC_EnableIRQ
                0x08000b90       0x3c ./Drivers/STM32F4xx_HAL_Driver/Src/stm32f4xx_hal_cortex.o
 .text.__NVIC_SetPriority
                0x08000bcc       0x54 ./Drivers/STM32F4xx_HAL_Driver/Src/stm32f4xx_hal_cortex.o
 .text.NVIC_EncodePriority
                0x08000c20       0x66 ./Drivers/STM32F4xx_HAL_Driver/Src/stm32f4xx_hal_cortex.o
 .text.HAL_NVIC_SetPriorityGrouping
                0x08000c86       0x16 ./Drivers/STM32F4xx_HAL_Driver/Src/stm32f4xx_hal_cortex.o
                0x08000c86                HAL_NVIC_SetPriorityGrouping
 .text.HAL_NVIC_SetPriority
                0x08000c9c       0x38 ./Drivers/STM32F4xx_HAL_Driver/Src/stm32f4xx_hal_cortex.o
                0x08000c9c                HAL_NVIC_SetPriority
 .text.HAL_NVIC_EnableIRQ
                0x08000cd4       0x1c ./Drivers/STM32F4xx_HAL_Driver/Src/stm32f4xx_hal_cortex.o
                0x08000cd4                HAL_NVIC_EnableIRQ
 .text.HAL_GPIO_Init
                0x08000cf0      0x328 ./Drivers/STM32F4xx_HAL_Driver/Src/stm32f4xx_hal_gpio.o
                0x08000cf0                HAL_GPIO_Init
 .text.HAL_GPIO_WritePin
                0x08001018       0x32 ./Drivers/STM32F4xx_HAL_Driver/Src/stm32f4xx_hal_gpio.o
                0x08001018                HAL_GPIO_WritePin
 .text.HAL_GPIO_TogglePin
                0x0800104a       0x34 ./Drivers/STM32F4xx_HAL_Driver/Src/stm32f4xx_hal_gpio.o
                0x0800104a                HAL_GPIO_TogglePin
 *fill*         0x0800107e        0x2 
 .text.HAL_RCC_ClockConfig
                0x08001080      0x1cc ./Drivers/STM32F4xx_HAL_Driver/Src/stm32f4xx_hal_rcc.o
                0x08001080                HAL_RCC_ClockConfig
 .text.HAL_RCC_GetHCLKFreq
                0x0800124c       0x18 ./Drivers/STM32F4xx_HAL_Driver/Src/stm32f4xx_hal_rcc.o
                0x0800124c                HAL_RCC_GetHCLKFreq
 .text.HAL_RCC_GetPCLK1Freq
                0x08001264       0x28 ./Drivers/STM32F4xx_HAL_Driver/Src/stm32f4xx_hal_rcc.o
                0x08001264                HAL_RCC_GetPCLK1Freq
 .text.HAL_RCC_GetPCLK2Freq
                0x0800128c       0x28 ./Drivers/STM32F4xx_HAL_Driver/Src/stm32f4xx_hal_rcc.o
                0x0800128c                HAL_RCC_GetPCLK2Freq
 .text.HAL_RCC_GetClockConfig
                0x080012b4       0x64 ./Drivers/STM32F4xx_HAL_Driver/Src/stm32f4xx_hal_rcc.o
                0x080012b4                HAL_RCC_GetClockConfig
 .text.HAL_RCC_GetSysClockFreq
                0x08001318      0x460 ./Drivers/STM32F4xx_HAL_Driver/Src/stm32f4xx_hal_rcc_ex.o
                0x08001318                HAL_RCC_GetSysClockFreq
 .text.HAL_RCC_OscConfig
                0x08001778      0x53c ./Drivers/STM32F4xx_HAL_Driver/Src/stm32f4xx_hal_rcc_ex.o
                0x08001778                HAL_RCC_OscConfig
 .text.HAL_TIM_Base_Init
                0x08001cb4       0x9e ./Drivers/STM32F4xx_HAL_Driver/Src/stm32f4xx_hal_tim.o
                0x08001cb4                HAL_TIM_Base_Init
 .text.HAL_TIM_Base_MspInit
                0x08001d52       0x14 ./Drivers/STM32F4xx_HAL_Driver/Src/stm32f4xx_hal_tim.o
                0x08001d52                HAL_TIM_Base_MspInit
 *fill*         0x08001d66        0x2 
 .text.HAL_TIM_Base_Start_IT
                0x08001d68       0xe0 ./Drivers/STM32F4xx_HAL_Driver/Src/stm32f4xx_hal_tim.o
                0x08001d68                HAL_TIM_Base_Start_IT
 .text.HAL_TIM_IRQHandler
                0x08001e48      0x1e0 ./Drivers/STM32F4xx_HAL_Driver/Src/stm32f4xx_hal_tim.o
                0x08001e48                HAL_TIM_IRQHandler
 .text.HAL_TIM_OC_DelayElapsedCallback
                0x08002028       0x14 ./Drivers/STM32F4xx_HAL_Driver/Src/stm32f4xx_hal_tim.o
                0x08002028                HAL_TIM_OC_DelayElapsedCallback
 .text.HAL_TIM_IC_CaptureCallback
                0x0800203c       0x14 ./Drivers/STM32F4xx_HAL_Driver/Src/stm32f4xx_hal_tim.o
                0x0800203c                HAL_TIM_IC_CaptureCallback
 .text.HAL_TIM_PWM_PulseFinishedCallback
                0x08002050       0x14 ./Drivers/STM32F4xx_HAL_Driver/Src/stm32f4xx_hal_tim.o
                0x08002050                HAL_TIM_PWM_PulseFinishedCallback
 .text.HAL_TIM_TriggerCallback
                0x08002064       0x14 ./Drivers/STM32F4xx_HAL_Driver/Src/stm32f4xx_hal_tim.o
                0x08002064                HAL_TIM_TriggerCallback
 .text.TIM_Base_SetConfig
                0x08002078      0x158 ./Drivers/STM32F4xx_HAL_Driver/Src/stm32f4xx_hal_tim.o
                0x08002078                TIM_Base_SetConfig
 .text.HAL_TIMEx_CommutCallback
                0x080021d0       0x14 ./Drivers/STM32F4xx_HAL_Driver/Src/stm32f4xx_hal_tim_ex.o
                0x080021d0                HAL_TIMEx_CommutCallback
 .text.HAL_TIMEx_BreakCallback
                0x080021e4       0x14 ./Drivers/STM32F4xx_HAL_Driver/Src/stm32f4xx_hal_tim_ex.o
                0x080021e4                HAL_TIMEx_BreakCallback
 .text.HAL_UART_Init
                0x080021f8       0xa0 ./Drivers/STM32F4xx_HAL_Driver/Src/stm32f4xx_hal_uart.o
                0x080021f8                HAL_UART_Init
 .text.UART_SetConfig
                0x08002298      0x4e8 ./Drivers/STM32F4xx_HAL_Driver/Src/stm32f4xx_hal_uart.o
 .text.vListInitialise
                0x08002780       0x40 ./FreeRTOS-Kernel/list.o
                0x08002780                vListInitialise
 .text.vListInitialiseItem
                0x080027c0       0x1a ./FreeRTOS-Kernel/list.o
                0x080027c0                vListInitialiseItem
 .text.vListInsert
                0x080027da       0x72 ./FreeRTOS-Kernel/list.o
                0x080027da                vListInsert
 .text.uxListRemove
                0x0800284c       0x54 ./FreeRTOS-Kernel/list.o
                0x0800284c                uxListRemove
 .text.xQueueGenericReset
                0x080028a0      0x124 ./FreeRTOS-Kernel/queue.o
                0x080028a0                xQueueGenericReset
 .text.xQueueGenericCreate
                0x080029c4       0x9e ./FreeRTOS-Kernel/queue.o
                0x080029c4                xQueueGenericCreate
 .text.prvInitialiseNewQueue
                0x08002a62       0x46 ./FreeRTOS-Kernel/queue.o
 .text.xQueueReceive
                0x08002aa8      0x1c4 ./FreeRTOS-Kernel/queue.o
                0x08002aa8                xQueueReceive
 .text.prvCopyDataFromQueue
                0x08002c6c       0x4c ./FreeRTOS-Kernel/queue.o
 .text.prvUnlockQueue
                0x08002cb8       0xa4 ./FreeRTOS-Kernel/queue.o
 .text.prvIsQueueEmpty
                0x08002d5c       0x2c ./FreeRTOS-Kernel/queue.o
 .text.vQueueAddToRegistry
                0x08002d88       0xa0 ./FreeRTOS-Kernel/queue.o
                0x08002d88                vQueueAddToRegistry
 .text.vQueueWaitForMessageRestricted
                0x08002e28       0x68 ./FreeRTOS-Kernel/queue.o
                0x08002e28                vQueueWaitForMessageRestricted
 .text.prvCreateTask
                0x08002e90       0x78 ./FreeRTOS-Kernel/tasks.o
 .text.xTaskCreate
                0x08002f08       0x46 ./FreeRTOS-Kernel/tasks.o
                0x08002f08                xTaskCreate
 .text.prvInitialiseNewTask
                0x08002f4e      0x120 ./FreeRTOS-Kernel/tasks.o
 *fill*         0x0800306e        0x2 
 .text.prvAddNewTaskToReadyList
                0x08003070      0x134 ./FreeRTOS-Kernel/tasks.o
 .text.vTaskDelay
                0x080031a4       0x6c ./FreeRTOS-Kernel/tasks.o
                0x080031a4                vTaskDelay
 .text.prvCreateIdleTasks
                0x08003210       0x94 ./FreeRTOS-Kernel/tasks.o
 .text.vTaskStartScheduler
                0x080032a4       0x88 ./FreeRTOS-Kernel/tasks.o
                0x080032a4                vTaskStartScheduler
 .text.vTaskSuspendAll
                0x0800332c       0x1c ./FreeRTOS-Kernel/tasks.o
                0x0800332c                vTaskSuspendAll
 .text.xTaskResumeAll
                0x08003348      0x214 ./FreeRTOS-Kernel/tasks.o
                0x08003348                xTaskResumeAll
 .text.xTaskGetTickCount
                0x0800355c       0x20 ./FreeRTOS-Kernel/tasks.o
                0x0800355c                xTaskGetTickCount
 .text.xTaskIncrementTick
                0x0800357c      0x234 ./FreeRTOS-Kernel/tasks.o
                0x0800357c                xTaskIncrementTick
 .text.vTaskSwitchContext
                0x080037b0       0xc0 ./FreeRTOS-Kernel/tasks.o
                0x080037b0                vTaskSwitchContext
 .text.vTaskPlaceOnEventList
                0x08003870       0x4c ./FreeRTOS-Kernel/tasks.o
                0x08003870                vTaskPlaceOnEventList
 .text.vTaskPlaceOnEventListRestricted
                0x080038bc       0x8c ./FreeRTOS-Kernel/tasks.o
                0x080038bc                vTaskPlaceOnEventListRestricted
 .text.xTaskRemoveFromEventList
                0x08003948      0x1b4 ./FreeRTOS-Kernel/tasks.o
                0x08003948                xTaskRemoveFromEventList
 .text.vTaskInternalSetTimeOutState
                0x08003afc       0x2c ./FreeRTOS-Kernel/tasks.o
                0x08003afc                vTaskInternalSetTimeOutState
 .text.xTaskCheckForTimeOut
                0x08003b28       0xd0 ./FreeRTOS-Kernel/tasks.o
                0x08003b28                xTaskCheckForTimeOut
 .text.vTaskMissedYield
                0x08003bf8       0x18 ./FreeRTOS-Kernel/tasks.o
                0x08003bf8                vTaskMissedYield
 .text.prvIdleTask
                0x08003c10       0x30 ./FreeRTOS-Kernel/tasks.o
 .text.prvInitialiseTaskLists
                0x08003c40       0x80 ./FreeRTOS-Kernel/tasks.o
 .text.prvCheckTasksWaitingTermination
                0x08003cc0       0x5c ./FreeRTOS-Kernel/tasks.o
 .text.prvDeleteTCB
                0x08003d1c       0x20 ./FreeRTOS-Kernel/tasks.o
 .text.prvResetNextTaskUnblockTime
                0x08003d3c       0x38 ./FreeRTOS-Kernel/tasks.o
 .text.xTaskGetSchedulerState
                0x08003d74       0x3c ./FreeRTOS-Kernel/tasks.o
                0x08003d74                xTaskGetSchedulerState
 .text.prvAddCurrentTaskToDelayedList
                0x08003db0       0xe0 ./FreeRTOS-Kernel/tasks.o
 .text.xTimerCreateTimerTask
                0x08003e90       0x68 ./FreeRTOS-Kernel/timers.o
                0x08003e90                xTimerCreateTimerTask
 .text.prvReloadTimer
                0x08003ef8       0x42 ./FreeRTOS-Kernel/timers.o
 *fill*         0x08003f3a        0x2 
 .text.prvProcessExpiredTimer
                0x08003f3c       0x60 ./FreeRTOS-Kernel/timers.o
 .text.prvTimerTask
                0x08003f9c       0x26 ./FreeRTOS-Kernel/timers.o
 *fill*         0x08003fc2        0x2 
 .text.prvProcessTimerOrBlockTask
                0x08003fc4       0x9c ./FreeRTOS-Kernel/timers.o
 .text.prvGetNextExpireTime
                0x08004060       0x48 ./FreeRTOS-Kernel/timers.o
 .text.prvSampleTimeNow
                0x080040a8       0x40 ./FreeRTOS-Kernel/timers.o
 .text.prvInsertTimerInActiveList
                0x080040e8       0x84 ./FreeRTOS-Kernel/timers.o
 .text.prvProcessReceivedCommands
                0x0800416c      0x1c8 ./FreeRTOS-Kernel/timers.o
 .text.prvSwitchTimerLists
                0x08004334       0x4c ./FreeRTOS-Kernel/timers.o
 .text.prvCheckForValidListAndQueue
                0x08004380       0x6c ./FreeRTOS-Kernel/timers.o
 .text.pxPortInitialiseStack
                0x080043ec       0x68 ./FreeRTOS-Kernel/portable/GCC/ARM_CM4F/port.o
                0x080043ec                pxPortInitialiseStack
 .text.prvTaskExitError
                0x08004454       0x5c ./FreeRTOS-Kernel/portable/GCC/ARM_CM4F/port.o
 .text.SVC_Handler
                0x080044b0       0x24 ./FreeRTOS-Kernel/portable/GCC/ARM_CM4F/port.o
                0x080044b0                SVC_Handler
 .text.prvPortStartFirstTask
                0x080044d4       0x2c ./FreeRTOS-Kernel/portable/GCC/ARM_CM4F/port.o
 .text.xPortStartScheduler
                0x08004500      0x1e0 ./FreeRTOS-Kernel/portable/GCC/ARM_CM4F/port.o
                0x08004500                xPortStartScheduler
 .text.vPortEnterCritical
                0x080046e0       0x64 ./FreeRTOS-Kernel/portable/GCC/ARM_CM4F/port.o
                0x080046e0                vPortEnterCritical
 .text.vPortExitCritical
                0x08004744       0x54 ./FreeRTOS-Kernel/portable/GCC/ARM_CM4F/port.o
                0x08004744                vPortExitCritical
 .text.PendSV_Handler
                0x08004798       0x64 ./FreeRTOS-Kernel/portable/GCC/ARM_CM4F/port.o
                0x08004798                PendSV_Handler
 .text.SysTick_Handler
                0x080047fc       0x44 ./FreeRTOS-Kernel/portable/GCC/ARM_CM4F/port.o
                0x080047fc                SysTick_Handler
 .text.vPortSetupTimerInterrupt
                0x08004840       0x48 ./FreeRTOS-Kernel/portable/GCC/ARM_CM4F/port.o
                0x08004840                vPortSetupTimerInterrupt
 .text.vPortEnableVFP
                0x08004888       0x18 ./FreeRTOS-Kernel/portable/GCC/ARM_CM4F/port.o
 .text.pvPortMalloc
                0x080048a0      0x270 ./FreeRTOS-Kernel/portable/MemMang/heap_4.o
                0x080048a0                pvPortMalloc
 .text.vPortFree
                0x08004b10       0xf4 ./FreeRTOS-Kernel/portable/MemMang/heap_4.o
                0x08004b10                vPortFree
 .text.prvHeapInit
                0x08004c04       0xb4 ./FreeRTOS-Kernel/portable/MemMang/heap_4.o
 .text.prvInsertBlockIntoFreeList
                0x08004cb8       0xf4 ./FreeRTOS-Kernel/portable/MemMang/heap_4.o
 .text.memset   0x08004dac       0x10 /opt/st/stm32cubeide_1.16.1/plugins/com.st.stm32cube.ide.mcu.externaltools.gnu-tools-for-stm32.12.3.rel1.linux64_1.0.200.202406132123/tools/bin/../lib/gcc/arm-none-eabi/12.3.1/../../../../arm-none-eabi/lib/thumb/v7e-m+fp/hard/libc_nano.a(libc_a-memset.o)
                0x08004dac                memset
 .text.__libc_init_array
                0x08004dbc       0x48 /opt/st/stm32cubeide_1.16.1/plugins/com.st.stm32cube.ide.mcu.externaltools.gnu-tools-for-stm32.12.3.rel1.linux64_1.0.200.202406132123/tools/bin/../lib/gcc/arm-none-eabi/12.3.1/../../../../arm-none-eabi/lib/thumb/v7e-m+fp/hard/libc_nano.a(libc_a-init.o)
                0x08004dbc                __libc_init_array
 .text.memcpy   0x08004e04       0x1c /opt/st/stm32cubeide_1.16.1/plugins/com.st.stm32cube.ide.mcu.externaltools.gnu-tools-for-stm32.12.3.rel1.linux64_1.0.200.202406132123/tools/bin/../lib/gcc/arm-none-eabi/12.3.1/../../../../arm-none-eabi/lib/thumb/v7e-m+fp/hard/libc_nano.a(libc_a-memcpy-stub.o)
                0x08004e04                memcpy
 *(.glue_7)
 .glue_7        0x08004e20        0x0 linker stubs
 *(.glue_7t)
 .glue_7t       0x08004e20        0x0 linker stubs
 *(.eh_frame)
 .eh_frame      0x08004e20        0x0 /opt/st/stm32cubeide_1.16.1/plugins/com.st.stm32cube.ide.mcu.externaltools.gnu-tools-for-stm32.12.3.rel1.linux64_1.0.200.202406132123/tools/bin/../lib/gcc/arm-none-eabi/12.3.1/thumb/v7e-m+fp/hard/crtbegin.o
 *(.init)
 .init          0x08004e20        0x4 /opt/st/stm32cubeide_1.16.1/plugins/com.st.stm32cube.ide.mcu.externaltools.gnu-tools-for-stm32.12.3.rel1.linux64_1.0.200.202406132123/tools/bin/../lib/gcc/arm-none-eabi/12.3.1/thumb/v7e-m+fp/hard/crti.o
                0x08004e20                _init
 .init          0x08004e24        0x8 /opt/st/stm32cubeide_1.16.1/plugins/com.st.stm32cube.ide.mcu.externaltools.gnu-tools-for-stm32.12.3.rel1.linux64_1.0.200.202406132123/tools/bin/../lib/gcc/arm-none-eabi/12.3.1/thumb/v7e-m+fp/hard/crtn.o
 *(.fini)
 .fini          0x08004e2c        0x4 /opt/st/stm32cubeide_1.16.1/plugins/com.st.stm32cube.ide.mcu.externaltools.gnu-tools-for-stm32.12.3.rel1.linux64_1.0.200.202406132123/tools/bin/../lib/gcc/arm-none-eabi/12.3.1/thumb/v7e-m+fp/hard/crti.o
                0x08004e2c                _fini
 .fini          0x08004e30        0x8 /opt/st/stm32cubeide_1.16.1/plugins/com.st.stm32cube.ide.mcu.externaltools.gnu-tools-for-stm32.12.3.rel1.linux64_1.0.200.202406132123/tools/bin/../lib/gcc/arm-none-eabi/12.3.1/thumb/v7e-m+fp/hard/crtn.o
                0x08004e38                        . = ALIGN (0x4)
                0x08004e38                        _etext = .

.vfp11_veneer   0x08004e38        0x0
 .vfp11_veneer  0x08004e38        0x0 linker stubs

.v4_bx          0x08004e38        0x0
 .v4_bx         0x08004e38        0x0 linker stubs

.iplt           0x08004e38        0x0
 .iplt          0x08004e38        0x0 /opt/st/stm32cubeide_1.16.1/plugins/com.st.stm32cube.ide.mcu.externaltools.gnu-tools-for-stm32.12.3.rel1.linux64_1.0.200.202406132123/tools/bin/../lib/gcc/arm-none-eabi/12.3.1/thumb/v7e-m+fp/hard/crtbegin.o

.rodata         0x08004e38       0x78
                0x08004e38                        . = ALIGN (0x4)
 *(.rodata)
 .rodata        0x08004e38       0x47 ./Core/Src/main.o
 *fill*         0x08004e7f        0x1 
 .rodata        0x08004e80        0x5 ./FreeRTOS-Kernel/tasks.o
 *fill*         0x08004e85        0x3 
 .rodata        0x08004e88        0xd ./FreeRTOS-Kernel/timers.o
 *(.rodata*)
 *fill*         0x08004e95        0x3 
 .rodata.AHBPrescTable
                0x08004e98       0x10 ./Core/Src/system_stm32f4xx.o
                0x08004e98                AHBPrescTable
 .rodata.APBPrescTable
                0x08004ea8        0x8 ./Core/Src/system_stm32f4xx.o
                0x08004ea8                APBPrescTable
                0x08004eb0                        . = ALIGN (0x4)

.ARM.extab      0x08004eb0        0x0
                0x08004eb0                        . = ALIGN (0x4)
 *(.ARM.extab* .gnu.linkonce.armextab.*)
                0x08004eb0                        . = ALIGN (0x4)

.ARM            0x08004eb0        0x8
                0x08004eb0                        . = ALIGN (0x4)
                0x08004eb0                        __exidx_start = .
 *(.ARM.exidx*)
 .ARM.exidx     0x08004eb0        0x8 /opt/st/stm32cubeide_1.16.1/plugins/com.st.stm32cube.ide.mcu.externaltools.gnu-tools-for-stm32.12.3.rel1.linux64_1.0.200.202406132123/tools/bin/../lib/gcc/arm-none-eabi/12.3.1/thumb/v7e-m+fp/hard/libgcc.a(_udivmoddi4.o)
                0x08004eb8                        __exidx_end = .
                0x08004eb8                        . = ALIGN (0x4)

.preinit_array  0x08004eb8        0x0
                0x08004eb8                        . = ALIGN (0x4)
                0x08004eb8                        PROVIDE (__preinit_array_start = .)
 *(.preinit_array*)
                0x08004eb8                        PROVIDE (__preinit_array_end = .)
                0x08004eb8                        . = ALIGN (0x4)

.init_array     0x08004eb8        0x4
                0x08004eb8                        . = ALIGN (0x4)
                0x08004eb8                        PROVIDE (__init_array_start = .)
 *(SORT_BY_NAME(.init_array.*))
 *(.init_array*)
 .init_array    0x08004eb8        0x4 /opt/st/stm32cubeide_1.16.1/plugins/com.st.stm32cube.ide.mcu.externaltools.gnu-tools-for-stm32.12.3.rel1.linux64_1.0.200.202406132123/tools/bin/../lib/gcc/arm-none-eabi/12.3.1/thumb/v7e-m+fp/hard/crtbegin.o
                0x08004ebc                        PROVIDE (__init_array_end = .)
                0x08004ebc                        . = ALIGN (0x4)

.fini_array     0x08004ebc        0x4
                0x08004ebc                        . = ALIGN (0x4)
                [!provide]                        PROVIDE (__fini_array_start = .)
 *(SORT_BY_NAME(.fini_array.*))
 *(.fini_array*)
 .fini_array    0x08004ebc        0x4 /opt/st/stm32cubeide_1.16.1/plugins/com.st.stm32cube.ide.mcu.externaltools.gnu-tools-for-stm32.12.3.rel1.linux64_1.0.200.202406132123/tools/bin/../lib/gcc/arm-none-eabi/12.3.1/thumb/v7e-m+fp/hard/crtbegin.o
                [!provide]                        PROVIDE (__fini_array_end = .)
                0x08004ec0                        . = ALIGN (0x4)
                0x08004ec0                        _sidata = LOADADDR (.data)

.rel.dyn        0x08004ec0        0x0
 .rel.iplt      0x08004ec0        0x0 /opt/st/stm32cubeide_1.16.1/plugins/com.st.stm32cube.ide.mcu.externaltools.gnu-tools-for-stm32.12.3.rel1.linux64_1.0.200.202406132123/tools/bin/../lib/gcc/arm-none-eabi/12.3.1/thumb/v7e-m+fp/hard/crtbegin.o

.data           0x20000000       0x14 load address 0x08004ec0
                0x20000000                        . = ALIGN (0x4)
                0x20000000                        _sdata = .
 *(.data)
 *(.data*)
 .data.SystemCoreClock
                0x20000000        0x4 ./Core/Src/system_stm32f4xx.o
                0x20000000                SystemCoreClock
 .data.uwTickPrio
                0x20000004        0x4 ./Drivers/STM32F4xx_HAL_Driver/Src/stm32f4xx_hal.o
                0x20000004                uwTickPrio
 .data.uwTickFreq
                0x20000008        0x1 ./Drivers/STM32F4xx_HAL_Driver/Src/stm32f4xx_hal.o
                0x20000008                uwTickFreq
 *fill*         0x20000009        0x3 
 .data.uxTopUsedPriority
                0x2000000c        0x4 ./FreeRTOS-Kernel/tasks.o
 .data.uxCriticalNesting
                0x20000010        0x4 ./FreeRTOS-Kernel/portable/GCC/ARM_CM4F/port.o
 *(.RamFunc)
 *(.RamFunc*)
                0x20000014                        . = ALIGN (0x4)
                0x20000014                        _edata = .

.igot.plt       0x20000014        0x0 load address 0x08004ed4
 .igot.plt      0x20000014        0x0 /opt/st/stm32cubeide_1.16.1/plugins/com.st.stm32cube.ide.mcu.externaltools.gnu-tools-for-stm32.12.3.rel1.linux64_1.0.200.202406132123/tools/bin/../lib/gcc/arm-none-eabi/12.3.1/thumb/v7e-m+fp/hard/crtbegin.o
                0x20000014                        . = ALIGN (0x4)

.bss            0x20000014     0x4250 load address 0x08004ed4
                0x20000014                        _sbss = .
                0x20000014                        __bss_start__ = _sbss
 *(.bss)
 .bss           0x20000014       0x1c /opt/st/stm32cubeide_1.16.1/plugins/com.st.stm32cube.ide.mcu.externaltools.gnu-tools-for-stm32.12.3.rel1.linux64_1.0.200.202406132123/tools/bin/../lib/gcc/arm-none-eabi/12.3.1/thumb/v7e-m+fp/hard/crtbegin.o
 *(.bss*)
 .bss.htim6     0x20000030       0x48 ./Core/Src/stm32f4xx_hal_timebase_tim.o
                0x20000030                htim6
 .bss.huart2    0x20000078       0x48 ./Core/Src/usart.o
                0x20000078                huart2
 .bss.uwTick    0x200000c0        0x4 ./Drivers/STM32F4xx_HAL_Driver/Src/stm32f4xx_hal.o
                0x200000c0                uwTick
 .bss.xQueueRegistry
                0x200000c4       0x40 ./FreeRTOS-Kernel/queue.o
                0x200000c4                xQueueRegistry
 .bss.pxCurrentTCB
                0x20000104        0x4 ./FreeRTOS-Kernel/tasks.o
                0x20000104                pxCurrentTCB
 .bss.pxReadyTasksLists
                0x20000108      0x460 ./FreeRTOS-Kernel/tasks.o
 .bss.xDelayedTaskList1
                0x20000568       0x14 ./FreeRTOS-Kernel/tasks.o
 .bss.xDelayedTaskList2
                0x2000057c       0x14 ./FreeRTOS-Kernel/tasks.o
 .bss.pxDelayedTaskList
                0x20000590        0x4 ./FreeRTOS-Kernel/tasks.o
 .bss.pxOverflowDelayedTaskList
                0x20000594        0x4 ./FreeRTOS-Kernel/tasks.o
 .bss.xPendingReadyList
                0x20000598       0x14 ./FreeRTOS-Kernel/tasks.o
 .bss.xTasksWaitingTermination
                0x200005ac       0x14 ./FreeRTOS-Kernel/tasks.o
 .bss.uxDeletedTasksWaitingCleanUp
                0x200005c0        0x4 ./FreeRTOS-Kernel/tasks.o
 .bss.xSuspendedTaskList
                0x200005c4       0x14 ./FreeRTOS-Kernel/tasks.o
 .bss.uxCurrentNumberOfTasks
                0x200005d8        0x4 ./FreeRTOS-Kernel/tasks.o
 .bss.xTickCount
                0x200005dc        0x4 ./FreeRTOS-Kernel/tasks.o
 .bss.uxTopReadyPriority
                0x200005e0        0x4 ./FreeRTOS-Kernel/tasks.o
 .bss.xSchedulerRunning
                0x200005e4        0x4 ./FreeRTOS-Kernel/tasks.o
 .bss.xPendedTicks
                0x200005e8        0x4 ./FreeRTOS-Kernel/tasks.o
 .bss.xYieldPendings
                0x200005ec        0x4 ./FreeRTOS-Kernel/tasks.o
 .bss.xNumOfOverflows
                0x200005f0        0x4 ./FreeRTOS-Kernel/tasks.o
 .bss.uxTaskNumber
                0x200005f4        0x4 ./FreeRTOS-Kernel/tasks.o
 .bss.xNextTaskUnblockTime
                0x200005f8        0x4 ./FreeRTOS-Kernel/tasks.o
 .bss.xIdleTaskHandles
                0x200005fc        0x4 ./FreeRTOS-Kernel/tasks.o
 .bss.uxSchedulerSuspended
                0x20000600        0x4 ./FreeRTOS-Kernel/tasks.o
 .bss.xActiveTimerList1
                0x20000604       0x14 ./FreeRTOS-Kernel/timers.o
 .bss.xActiveTimerList2
                0x20000618       0x14 ./FreeRTOS-Kernel/timers.o
 .bss.pxCurrentTimerList
                0x2000062c        0x4 ./FreeRTOS-Kernel/timers.o
 .bss.pxOverflowTimerList
                0x20000630        0x4 ./FreeRTOS-Kernel/timers.o
 .bss.xTimerQueue
                0x20000634        0x4 ./FreeRTOS-Kernel/timers.o
 .bss.xTimerTaskHandle
                0x20000638        0x4 ./FreeRTOS-Kernel/timers.o
 .bss.xLastTime.0
                0x2000063c        0x4 ./FreeRTOS-Kernel/timers.o
 .bss.ucMaxSysCallPriority
                0x20000640        0x1 ./FreeRTOS-Kernel/portable/GCC/ARM_CM4F/port.o
 *fill*         0x20000641        0x3 
 .bss.ulMaxPRIGROUPValue
                0x20000644        0x4 ./FreeRTOS-Kernel/portable/GCC/ARM_CM4F/port.o
 .bss.ucHeap    0x20000648     0x3c00 ./FreeRTOS-Kernel/portable/MemMang/heap_4.o
 .bss.xStart    0x20004248        0x8 ./FreeRTOS-Kernel/portable/MemMang/heap_4.o
 .bss.pxEnd     0x20004250        0x4 ./FreeRTOS-Kernel/portable/MemMang/heap_4.o
 .bss.xFreeBytesRemaining
                0x20004254        0x4 ./FreeRTOS-Kernel/portable/MemMang/heap_4.o
 .bss.xMinimumEverFreeBytesRemaining
                0x20004258        0x4 ./FreeRTOS-Kernel/portable/MemMang/heap_4.o
 .bss.xNumberOfSuccessfulAllocations
                0x2000425c        0x4 ./FreeRTOS-Kernel/portable/MemMang/heap_4.o
 .bss.xNumberOfSuccessfulFrees
                0x20004260        0x4 ./FreeRTOS-Kernel/portable/MemMang/heap_4.o
 *(COMMON)
                0x20004264                        . = ALIGN (0x4)
                0x20004264                        _ebss = .
                0x20004264                        __bss_end__ = _ebss

._user_heap_stack
                0x20004264      0x604 load address 0x08004ed4
                0x20004268                        . = ALIGN (0x8)
 *fill*         0x20004264        0x4 
                0x20004268                        PROVIDE (end = .)
                [!provide]                        PROVIDE (_end = .)
                0x20004468                        . = (. + _Min_Heap_Size)
 *fill*         0x20004268      0x200 
                0x20004868                        . = (. + _Min_Stack_Size)
 *fill*         0x20004468      0x400 
                0x20004868                        . = ALIGN (0x8)

/DISCARD/
 libc.a(*)
 libm.a(*)
 libgcc.a(*)

.ARM.attributes
                0x00000000       0x30
 *(.ARM.attributes)
 .ARM.attributes
                0x00000000       0x22 /opt/st/stm32cubeide_1.16.1/plugins/com.st.stm32cube.ide.mcu.externaltools.gnu-tools-for-stm32.12.3.rel1.linux64_1.0.200.202406132123/tools/bin/../lib/gcc/arm-none-eabi/12.3.1/thumb/v7e-m+fp/hard/crti.o
 .ARM.attributes
                0x00000022       0x34 /opt/st/stm32cubeide_1.16.1/plugins/com.st.stm32cube.ide.mcu.externaltools.gnu-tools-for-stm32.12.3.rel1.linux64_1.0.200.202406132123/tools/bin/../lib/gcc/arm-none-eabi/12.3.1/thumb/v7e-m+fp/hard/crtbegin.o
 .ARM.attributes
                0x00000056       0x34 ./Core/Src/gpio.o
 .ARM.attributes
                0x0000008a       0x34 ./Core/Src/main.o
 .ARM.attributes
                0x000000be       0x34 ./Core/Src/stm32f4xx_hal_msp.o
 .ARM.attributes
                0x000000f2       0x34 ./Core/Src/stm32f4xx_hal_timebase_tim.o
 .ARM.attributes
                0x00000126       0x34 ./Core/Src/stm32f4xx_it.o
 .ARM.attributes
                0x0000015a       0x34 ./Core/Src/system_stm32f4xx.o
 .ARM.attributes
                0x0000018e       0x34 ./Core/Src/usart.o
 .ARM.attributes
                0x000001c2       0x21 ./Core/Startup/startup_stm32f446retx.o
 .ARM.attributes
                0x000001e3       0x34 ./Drivers/STM32F4xx_HAL_Driver/Src/stm32f4xx_hal.o
 .ARM.attributes
                0x00000217       0x34 ./Drivers/STM32F4xx_HAL_Driver/Src/stm32f4xx_hal_cortex.o
 .ARM.attributes
                0x0000024b       0x34 ./Drivers/STM32F4xx_HAL_Driver/Src/stm32f4xx_hal_gpio.o
 .ARM.attributes
                0x0000027f       0x34 ./Drivers/STM32F4xx_HAL_Driver/Src/stm32f4xx_hal_rcc.o
 .ARM.attributes
                0x000002b3       0x34 ./Drivers/STM32F4xx_HAL_Driver/Src/stm32f4xx_hal_rcc_ex.o
 .ARM.attributes
                0x000002e7       0x34 ./Drivers/STM32F4xx_HAL_Driver/Src/stm32f4xx_hal_tim.o
 .ARM.attributes
                0x0000031b       0x34 ./Drivers/STM32F4xx_HAL_Driver/Src/stm32f4xx_hal_tim_ex.o
 .ARM.attributes
                0x0000034f       0x34 ./Drivers/STM32F4xx_HAL_Driver/Src/stm32f4xx_hal_uart.o
 .ARM.attributes
                0x00000383       0x34 ./FreeRTOS-Kernel/list.o
 .ARM.attributes
                0x000003b7       0x34 ./FreeRTOS-Kernel/queue.o
 .ARM.attributes
                0x000003eb       0x34 ./FreeRTOS-Kernel/tasks.o
 .ARM.attributes
                0x0000041f       0x34 ./FreeRTOS-Kernel/timers.o
 .ARM.attributes
                0x00000453       0x34 ./FreeRTOS-Kernel/portable/GCC/ARM_CM4F/port.o
 .ARM.attributes
                0x00000487       0x34 ./FreeRTOS-Kernel/portable/MemMang/heap_4.o
 .ARM.attributes
                0x000004bb       0x34 /opt/st/stm32cubeide_1.16.1/plugins/com.st.stm32cube.ide.mcu.externaltools.gnu-tools-for-stm32.12.3.rel1.linux64_1.0.200.202406132123/tools/bin/../lib/gcc/arm-none-eabi/12.3.1/../../../../arm-none-eabi/lib/thumb/v7e-m+fp/hard/libc_nano.a(libc_a-memset.o)
 .ARM.attributes
                0x000004ef       0x34 /opt/st/stm32cubeide_1.16.1/plugins/com.st.stm32cube.ide.mcu.externaltools.gnu-tools-for-stm32.12.3.rel1.linux64_1.0.200.202406132123/tools/bin/../lib/gcc/arm-none-eabi/12.3.1/../../../../arm-none-eabi/lib/thumb/v7e-m+fp/hard/libc_nano.a(libc_a-init.o)
 .ARM.attributes
                0x00000523       0x34 /opt/st/stm32cubeide_1.16.1/plugins/com.st.stm32cube.ide.mcu.externaltools.gnu-tools-for-stm32.12.3.rel1.linux64_1.0.200.202406132123/tools/bin/../lib/gcc/arm-none-eabi/12.3.1/../../../../arm-none-eabi/lib/thumb/v7e-m+fp/hard/libc_nano.a(libc_a-memcpy-stub.o)
 .ARM.attributes
                0x00000557       0x22 /opt/st/stm32cubeide_1.16.1/plugins/com.st.stm32cube.ide.mcu.externaltools.gnu-tools-for-stm32.12.3.rel1.linux64_1.0.200.202406132123/tools/bin/../lib/gcc/arm-none-eabi/12.3.1/thumb/v7e-m+fp/hard/libgcc.a(_aeabi_uldivmod.o)
 .ARM.attributes
                0x00000579       0x34 /opt/st/stm32cubeide_1.16.1/plugins/com.st.stm32cube.ide.mcu.externaltools.gnu-tools-for-stm32.12.3.rel1.linux64_1.0.200.202406132123/tools/bin/../lib/gcc/arm-none-eabi/12.3.1/thumb/v7e-m+fp/hard/libgcc.a(_udivmoddi4.o)
 .ARM.attributes
                0x000005ad       0x22 /opt/st/stm32cubeide_1.16.1/plugins/com.st.stm32cube.ide.mcu.externaltools.gnu-tools-for-stm32.12.3.rel1.linux64_1.0.200.202406132123/tools/bin/../lib/gcc/arm-none-eabi/12.3.1/thumb/v7e-m+fp/hard/libgcc.a(_dvmd_tls.o)
 .ARM.attributes
                0x000005cf       0x22 /opt/st/stm32cubeide_1.16.1/plugins/com.st.stm32cube.ide.mcu.externaltools.gnu-tools-for-stm32.12.3.rel1.linux64_1.0.200.202406132123/tools/bin/../lib/gcc/arm-none-eabi/12.3.1/thumb/v7e-m+fp/hard/crtn.o
OUTPUT(HelloWorld_Baremetal.elf elf32-littlearm)
LOAD linker stubs
LOAD /opt/st/stm32cubeide_1.16.1/plugins/com.st.stm32cube.ide.mcu.externaltools.gnu-tools-for-stm32.12.3.rel1.linux64_1.0.200.202406132123/tools/bin/../lib/gcc/arm-none-eabi/12.3.1/../../../../arm-none-eabi/lib/thumb/v7e-m+fp/hard/libc.a
LOAD /opt/st/stm32cubeide_1.16.1/plugins/com.st.stm32cube.ide.mcu.externaltools.gnu-tools-for-stm32.12.3.rel1.linux64_1.0.200.202406132123/tools/bin/../lib/gcc/arm-none-eabi/12.3.1/../../../../arm-none-eabi/lib/thumb/v7e-m+fp/hard/libm.a
LOAD /opt/st/stm32cubeide_1.16.1/plugins/com.st.stm32cube.ide.mcu.externaltools.gnu-tools-for-stm32.12.3.rel1.linux64_1.0.200.202406132123/tools/bin/../lib/gcc/arm-none-eabi/12.3.1/thumb/v7e-m+fp/hard/libgcc.a

.debug_info     0x00000000    0x13875
 .debug_info    0x00000000      0x439 ./Core/Src/gpio.o
 .debug_info    0x00000439     0x10b8 ./Core/Src/main.o
 .debug_info    0x000014f1      0x299 ./Core/Src/stm32f4xx_hal_msp.o
 .debug_info    0x0000178a      0xc44 ./Core/Src/stm32f4xx_hal_timebase_tim.o
 .debug_info    0x000023ce      0x6ab ./Core/Src/stm32f4xx_it.o
 .debug_info    0x00002a79      0x54a ./Core/Src/system_stm32f4xx.o
 .debug_info    0x00002fc3      0x94d ./Core/Src/usart.o
 .debug_info    0x00003910       0x30 ./Core/Startup/startup_stm32f446retx.o
 .debug_info    0x00003940      0x99a ./Drivers/STM32F4xx_HAL_Driver/Src/stm32f4xx_hal.o
 .debug_info    0x000042da      0xdaa ./Drivers/STM32F4xx_HAL_Driver/Src/stm32f4xx_hal_cortex.o
 .debug_info    0x00005084      0x70b ./Drivers/STM32F4xx_HAL_Driver/Src/stm32f4xx_hal_gpio.o
 .debug_info    0x0000578f      0x8eb ./Drivers/STM32F4xx_HAL_Driver/Src/stm32f4xx_hal_rcc.o
 .debug_info    0x0000607a      0x956 ./Drivers/STM32F4xx_HAL_Driver/Src/stm32f4xx_hal_rcc_ex.o
 .debug_info    0x000069d0     0x299d ./Drivers/STM32F4xx_HAL_Driver/Src/stm32f4xx_hal_tim.o
 .debug_info    0x0000936d     0x14db ./Drivers/STM32F4xx_HAL_Driver/Src/stm32f4xx_hal_tim_ex.o
 .debug_info    0x0000a848     0x2f4f ./Drivers/STM32F4xx_HAL_Driver/Src/stm32f4xx_hal_uart.o
 .debug_info    0x0000d797      0x2aa ./FreeRTOS-Kernel/list.o
 .debug_info    0x0000da41     0x1956 ./FreeRTOS-Kernel/queue.o
 .debug_info    0x0000f397     0x28ad ./FreeRTOS-Kernel/tasks.o
 .debug_info    0x00011c44     0x10ba ./FreeRTOS-Kernel/timers.o
 .debug_info    0x00012cfe      0x581 ./FreeRTOS-Kernel/portable/GCC/ARM_CM4F/port.o
 .debug_info    0x0001327f      0x5f6 ./FreeRTOS-Kernel/portable/MemMang/heap_4.o

.debug_abbrev   0x00000000     0x2ed2
 .debug_abbrev  0x00000000      0x152 ./Core/Src/gpio.o
 .debug_abbrev  0x00000152      0x2ee ./Core/Src/main.o
 .debug_abbrev  0x00000440       0xd8 ./Core/Src/stm32f4xx_hal_msp.o
 .debug_abbrev  0x00000518      0x1f4 ./Core/Src/stm32f4xx_hal_timebase_tim.o
 .debug_abbrev  0x0000070c      0x17d ./Core/Src/stm32f4xx_it.o
 .debug_abbrev  0x00000889      0x11a ./Core/Src/system_stm32f4xx.o
 .debug_abbrev  0x000009a3      0x1f9 ./Core/Src/usart.o
 .debug_abbrev  0x00000b9c       0x24 ./Core/Startup/startup_stm32f446retx.o
 .debug_abbrev  0x00000bc0      0x214 ./Drivers/STM32F4xx_HAL_Driver/Src/stm32f4xx_hal.o
 .debug_abbrev  0x00000dd4      0x31d ./Drivers/STM32F4xx_HAL_Driver/Src/stm32f4xx_hal_cortex.o
 .debug_abbrev  0x000010f1      0x1d4 ./Drivers/STM32F4xx_HAL_Driver/Src/stm32f4xx_hal_gpio.o
 .debug_abbrev  0x000012c5      0x2b7 ./Drivers/STM32F4xx_HAL_Driver/Src/stm32f4xx_hal_rcc.o
 .debug_abbrev  0x0000157c      0x20a ./Drivers/STM32F4xx_HAL_Driver/Src/stm32f4xx_hal_rcc_ex.o
 .debug_abbrev  0x00001786      0x278 ./Drivers/STM32F4xx_HAL_Driver/Src/stm32f4xx_hal_tim.o
 .debug_abbrev  0x000019fe      0x283 ./Drivers/STM32F4xx_HAL_Driver/Src/stm32f4xx_hal_tim_ex.o
 .debug_abbrev  0x00001c81      0x30e ./Drivers/STM32F4xx_HAL_Driver/Src/stm32f4xx_hal_uart.o
 .debug_abbrev  0x00001f8f       0xee ./FreeRTOS-Kernel/list.o
 .debug_abbrev  0x0000207d      0x323 ./FreeRTOS-Kernel/queue.o
 .debug_abbrev  0x000023a0      0x392 ./FreeRTOS-Kernel/tasks.o
 .debug_abbrev  0x00002732      0x2fe ./FreeRTOS-Kernel/timers.o
 .debug_abbrev  0x00002a30      0x248 ./FreeRTOS-Kernel/portable/GCC/ARM_CM4F/port.o
 .debug_abbrev  0x00002c78      0x25a ./FreeRTOS-Kernel/portable/MemMang/heap_4.o

.debug_aranges  0x00000000     0x1208
 .debug_aranges
                0x00000000       0x20 ./Core/Src/gpio.o
 .debug_aranges
                0x00000020       0x58 ./Core/Src/main.o
 .debug_aranges
                0x00000078       0x20 ./Core/Src/stm32f4xx_hal_msp.o
 .debug_aranges
                0x00000098       0x30 ./Core/Src/stm32f4xx_hal_timebase_tim.o
 .debug_aranges
                0x000000c8       0x50 ./Core/Src/stm32f4xx_it.o
 .debug_aranges
                0x00000118       0x28 ./Core/Src/system_stm32f4xx.o
 .debug_aranges
                0x00000140       0x30 ./Core/Src/usart.o
 .debug_aranges
                0x00000170       0x28 ./Core/Startup/startup_stm32f446retx.o
 .debug_aranges
                0x00000198       0xf0 ./Drivers/STM32F4xx_HAL_Driver/Src/stm32f4xx_hal.o
 .debug_aranges
                0x00000288      0x130 ./Drivers/STM32F4xx_HAL_Driver/Src/stm32f4xx_hal_cortex.o
 .debug_aranges
                0x000003b8       0x58 ./Drivers/STM32F4xx_HAL_Driver/Src/stm32f4xx_hal_gpio.o
 .debug_aranges
                0x00000410       0x88 ./Drivers/STM32F4xx_HAL_Driver/Src/stm32f4xx_hal_rcc.o
 .debug_aranges
                0x00000498       0x78 ./Drivers/STM32F4xx_HAL_Driver/Src/stm32f4xx_hal_rcc_ex.o
 .debug_aranges
                0x00000510      0x3d0 ./Drivers/STM32F4xx_HAL_Driver/Src/stm32f4xx_hal_tim.o
 .debug_aranges
                0x000008e0      0x168 ./Drivers/STM32F4xx_HAL_Driver/Src/stm32f4xx_hal_tim_ex.o
 .debug_aranges
                0x00000a48      0x208 ./Drivers/STM32F4xx_HAL_Driver/Src/stm32f4xx_hal_uart.o
 .debug_aranges
                0x00000c50       0x40 ./FreeRTOS-Kernel/list.o
 .debug_aranges
                0x00000c90      0x150 ./FreeRTOS-Kernel/queue.o
 .debug_aranges
                0x00000de0      0x230 ./FreeRTOS-Kernel/tasks.o
 .debug_aranges
                0x00001010      0x108 ./FreeRTOS-Kernel/timers.o
 .debug_aranges
                0x00001118       0x80 ./FreeRTOS-Kernel/portable/GCC/ARM_CM4F/port.o
 .debug_aranges
                0x00001198       0x70 ./FreeRTOS-Kernel/portable/MemMang/heap_4.o

.debug_rnglists
                0x00000000      0xe15
 .debug_rnglists
                0x00000000       0x14 ./Core/Src/gpio.o
 .debug_rnglists
                0x00000014       0x40 ./Core/Src/main.o
 .debug_rnglists
                0x00000054       0x13 ./Core/Src/stm32f4xx_hal_msp.o
 .debug_rnglists
                0x00000067       0x20 ./Core/Src/stm32f4xx_hal_timebase_tim.o
 .debug_rnglists
                0x00000087       0x37 ./Core/Src/stm32f4xx_it.o
 .debug_rnglists
                0x000000be       0x1a ./Core/Src/system_stm32f4xx.o
 .debug_rnglists
                0x000000d8       0x20 ./Core/Src/usart.o
 .debug_rnglists
                0x000000f8       0x19 ./Core/Startup/startup_stm32f446retx.o
 .debug_rnglists
                0x00000111       0xaf ./Drivers/STM32F4xx_HAL_Driver/Src/stm32f4xx_hal.o
 .debug_rnglists
                0x000001c0       0xe0 ./Drivers/STM32F4xx_HAL_Driver/Src/stm32f4xx_hal_cortex.o
 .debug_rnglists
                0x000002a0       0x3f ./Drivers/STM32F4xx_HAL_Driver/Src/stm32f4xx_hal_gpio.o
 .debug_rnglists
                0x000002df       0x66 ./Drivers/STM32F4xx_HAL_Driver/Src/stm32f4xx_hal_rcc.o
 .debug_rnglists
                0x00000345       0x5e ./Drivers/STM32F4xx_HAL_Driver/Src/stm32f4xx_hal_rcc_ex.o
 .debug_rnglists
                0x000003a3      0x31a ./Drivers/STM32F4xx_HAL_Driver/Src/stm32f4xx_hal_tim.o
 .debug_rnglists
                0x000006bd      0x125 ./Drivers/STM32F4xx_HAL_Driver/Src/stm32f4xx_hal_tim_ex.o
 .debug_rnglists
                0x000007e2      0x1bc ./Drivers/STM32F4xx_HAL_Driver/Src/stm32f4xx_hal_uart.o
 .debug_rnglists
                0x0000099e       0x2b ./FreeRTOS-Kernel/list.o
 .debug_rnglists
                0x000009c9      0x104 ./FreeRTOS-Kernel/queue.o
 .debug_rnglists
                0x00000acd      0x1d1 ./FreeRTOS-Kernel/tasks.o
 .debug_rnglists
                0x00000c9e       0xc6 ./FreeRTOS-Kernel/timers.o
 .debug_rnglists
                0x00000d64       0x5d ./FreeRTOS-Kernel/portable/GCC/ARM_CM4F/port.o
 .debug_rnglists
                0x00000dc1       0x54 ./FreeRTOS-Kernel/portable/MemMang/heap_4.o

.debug_macro    0x00000000    0x23ab5
 .debug_macro   0x00000000      0x1e7 ./Core/Src/gpio.o
 .debug_macro   0x000001e7      0xab4 ./Core/Src/gpio.o
 .debug_macro   0x00000c9b      0x29b ./Core/Src/gpio.o
 .debug_macro   0x00000f36       0x2e ./Core/Src/gpio.o
 .debug_macro   0x00000f64       0x28 ./Core/Src/gpio.o
 .debug_macro   0x00000f8c       0x22 ./Core/Src/gpio.o
 .debug_macro   0x00000fae       0x8e ./Core/Src/gpio.o
 .debug_macro   0x0000103c       0x51 ./Core/Src/gpio.o
 .debug_macro   0x0000108d      0x103 ./Core/Src/gpio.o
 .debug_macro   0x00001190       0x6a ./Core/Src/gpio.o
 .debug_macro   0x000011fa      0x1df ./Core/Src/gpio.o
 .debug_macro   0x000013d9       0x1c ./Core/Src/gpio.o
 .debug_macro   0x000013f5       0x22 ./Core/Src/gpio.o
 .debug_macro   0x00001417       0xfb ./Core/Src/gpio.o
 .debug_macro   0x00001512     0x1011 ./Core/Src/gpio.o
 .debug_macro   0x00002523      0x11f ./Core/Src/gpio.o
 .debug_macro   0x00002642    0x16749 ./Core/Src/gpio.o
 .debug_macro   0x00018d8b       0x6d ./Core/Src/gpio.o
 .debug_macro   0x00018df8     0x369a ./Core/Src/gpio.o
 .debug_macro   0x0001c492      0x189 ./Core/Src/gpio.o
 .debug_macro   0x0001c61b       0x5c ./Core/Src/gpio.o
 .debug_macro   0x0001c677      0xca5 ./Core/Src/gpio.o
 .debug_macro   0x0001d31c      0x9e9 ./Core/Src/gpio.o
 .debug_macro   0x0001dd05      0x115 ./Core/Src/gpio.o
 .debug_macro   0x0001de1a      0x1a0 ./Core/Src/gpio.o
 .debug_macro   0x0001dfba       0xa5 ./Core/Src/gpio.o
 .debug_macro   0x0001e05f      0x16d ./Core/Src/gpio.o
 .debug_macro   0x0001e1cc      0x287 ./Core/Src/gpio.o
 .debug_macro   0x0001e453       0x5f ./Core/Src/gpio.o
 .debug_macro   0x0001e4b2      0x236 ./Core/Src/gpio.o
 .debug_macro   0x0001e6e8      0x132 ./Core/Src/gpio.o
 .debug_macro   0x0001e81a      0x29c ./Core/Src/gpio.o
 .debug_macro   0x0001eab6       0x2e ./Core/Src/gpio.o
 .debug_macro   0x0001eae4      0x127 ./Core/Src/gpio.o
 .debug_macro   0x0001ec0b       0xe8 ./Core/Src/gpio.o
 .debug_macro   0x0001ecf3       0x89 ./Core/Src/gpio.o
 .debug_macro   0x0001ed7c      0x8ed ./Core/Src/gpio.o
 .debug_macro   0x0001f669       0x53 ./Core/Src/gpio.o
 .debug_macro   0x0001f6bc      0x2aa ./Core/Src/gpio.o
 .debug_macro   0x0001f966      0x126 ./Core/Src/gpio.o
 .debug_macro   0x0001fa8c       0x58 ./Core/Src/gpio.o
 .debug_macro   0x0001fae4      0x272 ./Core/Src/main.o
 .debug_macro   0x0001fd56       0x16 ./Core/Src/main.o
 .debug_macro   0x0001fd6c      0x14c ./Core/Src/main.o
 .debug_macro   0x0001feb8       0x28 ./Core/Src/main.o
 .debug_macro   0x0001fee0      0x182 ./Core/Src/main.o
 .debug_macro   0x00020062       0xd2 ./Core/Src/main.o
 .debug_macro   0x00020134       0x3a ./Core/Src/main.o
 .debug_macro   0x0002016e       0x1f ./Core/Src/main.o
 .debug_macro   0x0002018d       0x12 ./Core/Src/main.o
 .debug_macro   0x0002019f     0x10be ./Core/Src/main.o
 .debug_macro   0x0002125d       0xc3 ./Core/Src/main.o
 .debug_macro   0x00021320      0x14f ./Core/Src/main.o
 .debug_macro   0x0002146f      0x1dd ./Core/Src/stm32f4xx_hal_msp.o
 .debug_macro   0x0002164c      0x1ce ./Core/Src/stm32f4xx_hal_timebase_tim.o
 .debug_macro   0x0002181a      0x1e7 ./Core/Src/stm32f4xx_it.o
 .debug_macro   0x00021a01      0x1ce ./Core/Src/system_stm32f4xx.o
 .debug_macro   0x00021bcf      0x1e7 ./Core/Src/usart.o
 .debug_macro   0x00021db6      0x22e ./Drivers/STM32F4xx_HAL_Driver/Src/stm32f4xx_hal.o
 .debug_macro   0x00021fe4      0x1ce ./Drivers/STM32F4xx_HAL_Driver/Src/stm32f4xx_hal_cortex.o
 .debug_macro   0x000221b2      0x1d4 ./Drivers/STM32F4xx_HAL_Driver/Src/stm32f4xx_hal_gpio.o
 .debug_macro   0x00022386      0x1f2 ./Drivers/STM32F4xx_HAL_Driver/Src/stm32f4xx_hal_rcc.o
 .debug_macro   0x00022578      0x1ce ./Drivers/STM32F4xx_HAL_Driver/Src/stm32f4xx_hal_rcc_ex.o
 .debug_macro   0x00022746      0x1cf ./Drivers/STM32F4xx_HAL_Driver/Src/stm32f4xx_hal_tim.o
 .debug_macro   0x00022915      0x1ce ./Drivers/STM32F4xx_HAL_Driver/Src/stm32f4xx_hal_tim_ex.o
 .debug_macro   0x00022ae3      0x1cf ./Drivers/STM32F4xx_HAL_Driver/Src/stm32f4xx_hal_uart.o
 .debug_macro   0x00022cb2      0x1a2 ./FreeRTOS-Kernel/list.o
 .debug_macro   0x00022e54      0x239 ./FreeRTOS-Kernel/queue.o
 .debug_macro   0x0002308d       0x16 ./FreeRTOS-Kernel/queue.o
 .debug_macro   0x000230a3       0x20 ./FreeRTOS-Kernel/queue.o
 .debug_macro   0x000230c3       0x80 ./FreeRTOS-Kernel/queue.o
 .debug_macro   0x00023143      0x2c6 ./FreeRTOS-Kernel/tasks.o
 .debug_macro   0x00023409       0x17 ./FreeRTOS-Kernel/tasks.o
 .debug_macro   0x00023420      0x1f1 ./FreeRTOS-Kernel/timers.o
 .debug_macro   0x00023611       0x9e ./FreeRTOS-Kernel/timers.o
 .debug_macro   0x000236af      0x1cf ./FreeRTOS-Kernel/portable/GCC/ARM_CM4F/port.o
 .debug_macro   0x0002387e      0x237 ./FreeRTOS-Kernel/portable/MemMang/heap_4.o

.debug_line     0x00000000    0x1505b
 .debug_line    0x00000000      0x6ad ./Core/Src/gpio.o
 .debug_line    0x000006ad      0x9fc ./Core/Src/main.o
 .debug_line    0x000010a9      0x694 ./Core/Src/stm32f4xx_hal_msp.o
 .debug_line    0x0000173d      0x70f ./Core/Src/stm32f4xx_hal_timebase_tim.o
 .debug_line    0x00001e4c      0x730 ./Core/Src/stm32f4xx_it.o
 .debug_line    0x0000257c      0x718 ./Core/Src/system_stm32f4xx.o
 .debug_line    0x00002c94      0x6fd ./Core/Src/usart.o
 .debug_line    0x00003391       0x7a ./Core/Startup/startup_stm32f446retx.o
 .debug_line    0x0000340b      0x981 ./Drivers/STM32F4xx_HAL_Driver/Src/stm32f4xx_hal.o
 .debug_line    0x00003d8c      0xc73 ./Drivers/STM32F4xx_HAL_Driver/Src/stm32f4xx_hal_cortex.o
 .debug_line    0x000049ff      0xaf9 ./Drivers/STM32F4xx_HAL_Driver/Src/stm32f4xx_hal_gpio.o
 .debug_line    0x000054f8      0xd18 ./Drivers/STM32F4xx_HAL_Driver/Src/stm32f4xx_hal_rcc.o
 .debug_line    0x00006210     0x1388 ./Drivers/STM32F4xx_HAL_Driver/Src/stm32f4xx_hal_rcc_ex.o
 .debug_line    0x00007598     0x3725 ./Drivers/STM32F4xx_HAL_Driver/Src/stm32f4xx_hal_tim.o
 .debug_line    0x0000acbd     0x1977 ./Drivers/STM32F4xx_HAL_Driver/Src/stm32f4xx_hal_tim_ex.o
 .debug_line    0x0000c634     0x2853 ./Drivers/STM32F4xx_HAL_Driver/Src/stm32f4xx_hal_uart.o
 .debug_line    0x0000ee87      0x744 ./FreeRTOS-Kernel/list.o
 .debug_line    0x0000f5cb     0x16fa ./FreeRTOS-Kernel/queue.o
 .debug_line    0x00010cc5     0x2232 ./FreeRTOS-Kernel/tasks.o
 .debug_line    0x00012ef7      0xdce ./FreeRTOS-Kernel/timers.o
 .debug_line    0x00013cc5      0x88c ./FreeRTOS-Kernel/portable/GCC/ARM_CM4F/port.o
 .debug_line    0x00014551      0xb0a ./FreeRTOS-Kernel/portable/MemMang/heap_4.o

.debug_str      0x00000000    0xdf970
 .debug_str     0x00000000    0xc964f ./Core/Src/gpio.o
                              0xc98ed (size before relaxing)
 .debug_str     0x000c964f     0xb3d9 ./Core/Src/main.o
                              0xd4d88 (size before relaxing)
 .debug_str     0x000d4a28       0x2c ./Core/Src/stm32f4xx_hal_msp.o
                              0xc9822 (size before relaxing)
 .debug_str     0x000d4a54      0x63b ./Core/Src/stm32f4xx_hal_timebase_tim.o
                              0xca2e4 (size before relaxing)
 .debug_str     0x000d508f       0xb9 ./Core/Src/stm32f4xx_it.o
                              0xc9cae (size before relaxing)
 .debug_str     0x000d5148       0xdb ./Core/Src/system_stm32f4xx.o
                              0xc97ac (size before relaxing)
 .debug_str     0x000d5223       0x61 ./Core/Src/usart.o
                              0xc9daa (size before relaxing)
 .debug_str     0x000d5284       0x44 ./Core/Startup/startup_stm32f446retx.o
                                 0xa5 (size before relaxing)
 .debug_str     0x000d52c8      0x5d3 ./Drivers/STM32F4xx_HAL_Driver/Src/stm32f4xx_hal.o
                              0xca371 (size before relaxing)
 .debug_str     0x000d589b      0x37f ./Drivers/STM32F4xx_HAL_Driver/Src/stm32f4xx_hal_cortex.o
                              0xca0c8 (size before relaxing)
 .debug_str     0x000d5c1a       0xdd ./Drivers/STM32F4xx_HAL_Driver/Src/stm32f4xx_hal_gpio.o
                              0xc9927 (size before relaxing)
 .debug_str     0x000d5cf7      0x1f2 ./Drivers/STM32F4xx_HAL_Driver/Src/stm32f4xx_hal_rcc.o
                              0xc9be5 (size before relaxing)
 .debug_str     0x000d5ee9      0x324 ./Drivers/STM32F4xx_HAL_Driver/Src/stm32f4xx_hal_rcc_ex.o
                              0xc9c18 (size before relaxing)
 .debug_str     0x000d620d      0xe79 ./Drivers/STM32F4xx_HAL_Driver/Src/stm32f4xx_hal_tim.o
                              0xcab11 (size before relaxing)
 .debug_str     0x000d7086      0x503 ./Drivers/STM32F4xx_HAL_Driver/Src/stm32f4xx_hal_tim_ex.o
                              0xca31d (size before relaxing)
 .debug_str     0x000d7589      0x62a ./Drivers/STM32F4xx_HAL_Driver/Src/stm32f4xx_hal_uart.o
                              0xca19c (size before relaxing)
 .debug_str     0x000d7bb3     0x332c ./FreeRTOS-Kernel/list.o
                              0x109dd (size before relaxing)
 .debug_str     0x000daedf     0x14d3 ./FreeRTOS-Kernel/queue.o
                              0x13372 (size before relaxing)
 .debug_str     0x000dc3b2     0x1fcb ./FreeRTOS-Kernel/tasks.o
                              0x1422a (size before relaxing)
 .debug_str     0x000de37d      0x5ef ./FreeRTOS-Kernel/timers.o
                              0x13695 (size before relaxing)
 .debug_str     0x000de96c      0x8cb ./FreeRTOS-Kernel/portable/GCC/ARM_CM4F/port.o
                               0xf51f (size before relaxing)
 .debug_str     0x000df237      0x739 ./FreeRTOS-Kernel/portable/MemMang/heap_4.o
                              0x1256f (size before relaxing)

.comment        0x00000000       0x43
 .comment       0x00000000       0x43 ./Core/Src/gpio.o
                                 0x44 (size before relaxing)
 .comment       0x00000043       0x44 ./Core/Src/main.o
 .comment       0x00000043       0x44 ./Core/Src/stm32f4xx_hal_msp.o
 .comment       0x00000043       0x44 ./Core/Src/stm32f4xx_hal_timebase_tim.o
 .comment       0x00000043       0x44 ./Core/Src/stm32f4xx_it.o
 .comment       0x00000043       0x44 ./Core/Src/system_stm32f4xx.o
 .comment       0x00000043       0x44 ./Core/Src/usart.o
 .comment       0x00000043       0x44 ./Drivers/STM32F4xx_HAL_Driver/Src/stm32f4xx_hal.o
 .comment       0x00000043       0x44 ./Drivers/STM32F4xx_HAL_Driver/Src/stm32f4xx_hal_cortex.o
 .comment       0x00000043       0x44 ./Drivers/STM32F4xx_HAL_Driver/Src/stm32f4xx_hal_gpio.o
 .comment       0x00000043       0x44 ./Drivers/STM32F4xx_HAL_Driver/Src/stm32f4xx_hal_rcc.o
 .comment       0x00000043       0x44 ./Drivers/STM32F4xx_HAL_Driver/Src/stm32f4xx_hal_rcc_ex.o
 .comment       0x00000043       0x44 ./Drivers/STM32F4xx_HAL_Driver/Src/stm32f4xx_hal_tim.o
 .comment       0x00000043       0x44 ./Drivers/STM32F4xx_HAL_Driver/Src/stm32f4xx_hal_tim_ex.o
 .comment       0x00000043       0x44 ./Drivers/STM32F4xx_HAL_Driver/Src/stm32f4xx_hal_uart.o
 .comment       0x00000043       0x44 ./FreeRTOS-Kernel/list.o
 .comment       0x00000043       0x44 ./FreeRTOS-Kernel/queue.o
 .comment       0x00000043       0x44 ./FreeRTOS-Kernel/tasks.o
 .comment       0x00000043       0x44 ./FreeRTOS-Kernel/timers.o
 .comment       0x00000043       0x44 ./FreeRTOS-Kernel/portable/GCC/ARM_CM4F/port.o
 .comment       0x00000043       0x44 ./FreeRTOS-Kernel/portable/MemMang/heap_4.o

.debug_frame    0x00000000     0x4b2c
 .debug_frame   0x00000000       0x34 ./Core/Src/gpio.o
 .debug_frame   0x00000034      0x114 ./Core/Src/main.o
 .debug_frame   0x00000148       0x38 ./Core/Src/stm32f4xx_hal_msp.o
 .debug_frame   0x00000180       0x74 ./Core/Src/stm32f4xx_hal_timebase_tim.o
 .debug_frame   0x000001f4       0xc4 ./Core/Src/stm32f4xx_it.o
 .debug_frame   0x000002b8       0x58 ./Core/Src/system_stm32f4xx.o
 .debug_frame   0x00000310       0x74 ./Core/Src/usart.o
 .debug_frame   0x00000384      0x374 ./Drivers/STM32F4xx_HAL_Driver/Src/stm32f4xx_hal.o
 .debug_frame   0x000006f8      0x508 ./Drivers/STM32F4xx_HAL_Driver/Src/stm32f4xx_hal_cortex.o
 .debug_frame   0x00000c00      0x14c ./Drivers/STM32F4xx_HAL_Driver/Src/stm32f4xx_hal_gpio.o
 .debug_frame   0x00000d4c      0x1f4 ./Drivers/STM32F4xx_HAL_Driver/Src/stm32f4xx_hal_rcc.o
 .debug_frame   0x00000f40      0x1e8 ./Drivers/STM32F4xx_HAL_Driver/Src/stm32f4xx_hal_rcc_ex.o
 .debug_frame   0x00001128     0x11c0 ./Drivers/STM32F4xx_HAL_Driver/Src/stm32f4xx_hal_tim.o
 .debug_frame   0x000022e8      0x638 ./Drivers/STM32F4xx_HAL_Driver/Src/stm32f4xx_hal_tim_ex.o
 .debug_frame   0x00002920      0x954 ./Drivers/STM32F4xx_HAL_Driver/Src/stm32f4xx_hal_uart.o
 .debug_frame   0x00003274       0xd8 ./FreeRTOS-Kernel/list.o
 .debug_frame   0x0000334c      0x5cc ./FreeRTOS-Kernel/queue.o
 .debug_frame   0x00003918      0x9b0 ./FreeRTOS-Kernel/tasks.o
 .debug_frame   0x000042c8      0x454 ./FreeRTOS-Kernel/timers.o
 .debug_frame   0x0000471c      0x1a8 ./FreeRTOS-Kernel/portable/GCC/ARM_CM4F/port.o
 .debug_frame   0x000048c4      0x194 ./FreeRTOS-Kernel/portable/MemMang/heap_4.o
 .debug_frame   0x00004a58       0x20 /opt/st/stm32cubeide_1.16.1/plugins/com.st.stm32cube.ide.mcu.externaltools.gnu-tools-for-stm32.12.3.rel1.linux64_1.0.200.202406132123/tools/bin/../lib/gcc/arm-none-eabi/12.3.1/../../../../arm-none-eabi/lib/thumb/v7e-m+fp/hard/libc_nano.a(libc_a-memset.o)
 .debug_frame   0x00004a78       0x2c /opt/st/stm32cubeide_1.16.1/plugins/com.st.stm32cube.ide.mcu.externaltools.gnu-tools-for-stm32.12.3.rel1.linux64_1.0.200.202406132123/tools/bin/../lib/gcc/arm-none-eabi/12.3.1/../../../../arm-none-eabi/lib/thumb/v7e-m+fp/hard/libc_nano.a(libc_a-init.o)
 .debug_frame   0x00004aa4       0x28 /opt/st/stm32cubeide_1.16.1/plugins/com.st.stm32cube.ide.mcu.externaltools.gnu-tools-for-stm32.12.3.rel1.linux64_1.0.200.202406132123/tools/bin/../lib/gcc/arm-none-eabi/12.3.1/../../../../arm-none-eabi/lib/thumb/v7e-m+fp/hard/libc_nano.a(libc_a-memcpy-stub.o)
 .debug_frame   0x00004acc       0x2c /opt/st/stm32cubeide_1.16.1/plugins/com.st.stm32cube.ide.mcu.externaltools.gnu-tools-for-stm32.12.3.rel1.linux64_1.0.200.202406132123/tools/bin/../lib/gcc/arm-none-eabi/12.3.1/thumb/v7e-m+fp/hard/libgcc.a(_aeabi_uldivmod.o)
 .debug_frame   0x00004af8       0x34 /opt/st/stm32cubeide_1.16.1/plugins/com.st.stm32cube.ide.mcu.externaltools.gnu-tools-for-stm32.12.3.rel1.linux64_1.0.200.202406132123/tools/bin/../lib/gcc/arm-none-eabi/12.3.1/thumb/v7e-m+fp/hard/libgcc.a(_udivmoddi4.o)

.debug_line_str
                0x00000000       0x89
 .debug_line_str
                0x00000000       0x89 ./Core/Startup/startup_stm32f446retx.o
