Archive member included to satisfy reference by file (symbol)

/usr/lib/gcc/arm-none-eabi/14.1.0/thumb/v7-m/nofp/libgcc.a(_aeabi_uldivmod.o)
                              ./build/main.o (__aeabi_uldivmod)
/usr/lib/gcc/arm-none-eabi/14.1.0/thumb/v7-m/nofp/libgcc.a(_udivmoddi4.o)
                              /usr/lib/gcc/arm-none-eabi/14.1.0/thumb/v7-m/nofp/libgcc.a(_aeabi_uldivmod.o) (__udivmoddi4)
/usr/lib/gcc/arm-none-eabi/14.1.0/thumb/v7-m/nofp/libgcc.a(_dvmd_tls.o)
                              /usr/lib/gcc/arm-none-eabi/14.1.0/thumb/v7-m/nofp/libgcc.a(_aeabi_uldivmod.o) (__aeabi_ldiv0)
/usr/lib/gcc/arm-none-eabi/14.1.0/../../../../arm-none-eabi/lib/thumb/v7-m/nofp/libc_nano.a(libc_a-rand.o)
                              ./build/main.o (rand)
/usr/lib/gcc/arm-none-eabi/14.1.0/../../../../arm-none-eabi/lib/thumb/v7-m/nofp/libc_nano.a(libc_a-sprintf.o)
                              ./build/main.o (sprintf)
/usr/lib/gcc/arm-none-eabi/14.1.0/../../../../arm-none-eabi/lib/thumb/v7-m/nofp/libc_nano.a(libc_a-memset.o)
                              ./build/tasks.o (memset)
/usr/lib/gcc/arm-none-eabi/14.1.0/../../../../arm-none-eabi/lib/thumb/v7-m/nofp/libc_nano.a(libc_a-impure.o)
                              /usr/lib/gcc/arm-none-eabi/14.1.0/../../../../arm-none-eabi/lib/thumb/v7-m/nofp/libc_nano.a(libc_a-rand.o) (_impure_ptr)
/usr/lib/gcc/arm-none-eabi/14.1.0/../../../../arm-none-eabi/lib/thumb/v7-m/nofp/libc_nano.a(libc_a-memcpy-stub.o)
                              ./build/queue.o (memcpy)
/usr/lib/gcc/arm-none-eabi/14.1.0/../../../../arm-none-eabi/lib/thumb/v7-m/nofp/libc_nano.a(libc_a-strlen.o)
                              ./build/tasks.o (strlen)
/usr/lib/gcc/arm-none-eabi/14.1.0/../../../../arm-none-eabi/lib/thumb/v7-m/nofp/libc_nano.a(libc_a-assert.o)
                              /usr/lib/gcc/arm-none-eabi/14.1.0/../../../../arm-none-eabi/lib/thumb/v7-m/nofp/libc_nano.a(libc_a-rand.o) (__assert_func)
/usr/lib/gcc/arm-none-eabi/14.1.0/../../../../arm-none-eabi/lib/thumb/v7-m/nofp/libc_nano.a(libc_a-malloc.o)
                              /usr/lib/gcc/arm-none-eabi/14.1.0/../../../../arm-none-eabi/lib/thumb/v7-m/nofp/libc_nano.a(libc_a-rand.o) (malloc)
/usr/lib/gcc/arm-none-eabi/14.1.0/../../../../arm-none-eabi/lib/thumb/v7-m/nofp/libc_nano.a(libc_a-mallocr.o)
                              /usr/lib/gcc/arm-none-eabi/14.1.0/../../../../arm-none-eabi/lib/thumb/v7-m/nofp/libc_nano.a(libc_a-malloc.o) (_malloc_r)
/usr/lib/gcc/arm-none-eabi/14.1.0/../../../../arm-none-eabi/lib/thumb/v7-m/nofp/libc_nano.a(libc_a-mlock.o)
                              /usr/lib/gcc/arm-none-eabi/14.1.0/../../../../arm-none-eabi/lib/thumb/v7-m/nofp/libc_nano.a(libc_a-mallocr.o) (__malloc_lock)
/usr/lib/gcc/arm-none-eabi/14.1.0/../../../../arm-none-eabi/lib/thumb/v7-m/nofp/libc_nano.a(libc_a-nano-svfprintf.o)
                              /usr/lib/gcc/arm-none-eabi/14.1.0/../../../../arm-none-eabi/lib/thumb/v7-m/nofp/libc_nano.a(libc_a-sprintf.o) (_svfprintf_r)
/usr/lib/gcc/arm-none-eabi/14.1.0/../../../../arm-none-eabi/lib/thumb/v7-m/nofp/libc_nano.a(libc_a-nano-vfprintf_i.o)
                              /usr/lib/gcc/arm-none-eabi/14.1.0/../../../../arm-none-eabi/lib/thumb/v7-m/nofp/libc_nano.a(libc_a-nano-svfprintf.o) (_printf_i)
/usr/lib/gcc/arm-none-eabi/14.1.0/../../../../arm-none-eabi/lib/thumb/v7-m/nofp/libc_nano.a(libc_a-fprintf.o)
                              /usr/lib/gcc/arm-none-eabi/14.1.0/../../../../arm-none-eabi/lib/thumb/v7-m/nofp/libc_nano.a(libc_a-assert.o) (fiprintf)
/usr/lib/gcc/arm-none-eabi/14.1.0/../../../../arm-none-eabi/lib/thumb/v7-m/nofp/libc_nano.a(libc_a-memmove.o)
                              /usr/lib/gcc/arm-none-eabi/14.1.0/../../../../arm-none-eabi/lib/thumb/v7-m/nofp/libc_nano.a(libc_a-nano-svfprintf.o) (memmove)
/usr/lib/gcc/arm-none-eabi/14.1.0/../../../../arm-none-eabi/lib/thumb/v7-m/nofp/libc_nano.a(libc_a-sbrkr.o)
                              /usr/lib/gcc/arm-none-eabi/14.1.0/../../../../arm-none-eabi/lib/thumb/v7-m/nofp/libc_nano.a(libc_a-mallocr.o) (_sbrk_r)
/usr/lib/gcc/arm-none-eabi/14.1.0/../../../../arm-none-eabi/lib/thumb/v7-m/nofp/libc_nano.a(libc_a-lock.o)
                              /usr/lib/gcc/arm-none-eabi/14.1.0/../../../../arm-none-eabi/lib/thumb/v7-m/nofp/libc_nano.a(libc_a-mlock.o) (__retarget_lock_acquire_recursive)
/usr/lib/gcc/arm-none-eabi/14.1.0/../../../../arm-none-eabi/lib/thumb/v7-m/nofp/libc_nano.a(libc_a-memchr-stub.o)
                              /usr/lib/gcc/arm-none-eabi/14.1.0/../../../../arm-none-eabi/lib/thumb/v7-m/nofp/libc_nano.a(libc_a-nano-svfprintf.o) (memchr)
/usr/lib/gcc/arm-none-eabi/14.1.0/../../../../arm-none-eabi/lib/thumb/v7-m/nofp/libc_nano.a(libc_a-abort.o)
                              /usr/lib/gcc/arm-none-eabi/14.1.0/../../../../arm-none-eabi/lib/thumb/v7-m/nofp/libc_nano.a(libc_a-assert.o) (abort)
/usr/lib/gcc/arm-none-eabi/14.1.0/../../../../arm-none-eabi/lib/thumb/v7-m/nofp/libc_nano.a(libc_a-freer.o)
[...]
Memory Configuration

Name             Origin             Length             Attributes
FLASH            0x00000000         0x00400000         xr
RAM              0x20000000         0x00400000         rw
*default*        0x00000000         0xffffffff

Linker script and memory map

LOAD ./build/list.o
LOAD ./build/tasks.o
LOAD ./build/queue.o
LOAD ./build/heap_4.o
LOAD ./build/port.o
LOAD ./build/main.o
LOAD ./build/uart.o
LOAD ./build/startup.o
START GROUP
LOAD /usr/lib/gcc/arm-none-eabi/14.1.0/thumb/v7-m/nofp/libgcc.a
LOAD /usr/lib/gcc/arm-none-eabi/14.1.0/../../../../arm-none-eabi/lib/thumb/v7-m/nofp/libc_nano.a
END GROUP
START GROUP
LOAD /usr/lib/gcc/arm-none-eabi/14.1.0/thumb/v7-m/nofp/libgcc.a
LOAD /usr/lib/gcc/arm-none-eabi/14.1.0/../../../../arm-none-eabi/lib/thumb/v7-m/nofp/libc_nano.a
LOAD /usr/lib/gcc/arm-none-eabi/14.1.0/../../../../arm-none-eabi/lib/thumb/v7-m/nofp/libnosys.a
END GROUP
START GROUP
LOAD /usr/lib/gcc/arm-none-eabi/14.1.0/thumb/v7-m/nofp/libgcc.a
LOAD /usr/lib/gcc/arm-none-eabi/14.1.0/../../../../arm-none-eabi/lib/thumb/v7-m/nofp/libc_nano.a
LOAD /usr/lib/gcc/arm-none-eabi/14.1.0/../../../../arm-none-eabi/lib/thumb/v7-m/nofp/libnosys.a
END GROUP
                0x00000008                        _Min_Heap_Size = 0x8
                0x00000400                        _Min_Stack_Size = 0x400
                0x20400000                        _estack = (ORIGIN (RAM) + LENGTH (RAM))

.isr_vector     0x00000000       0x78
                0x00000000                        __vector_table = .
 *(.isr_vector)
 .isr_vector    0x00000000       0x78 ./build/startup.o
                0x00000000                isr_vector
                0x00000078                        . = ALIGN (0x4)

.text           0x00000078      0x4ac
 *(.text)
 .text          0x00000078       0x30 /usr/lib/gcc/arm-none-eabi/14.1.0/thumb/v7-m/nofp/libgcc.a(_aeabi_uldivmod.o)
                0x00000078                __aeabi_uldivmod
 .text          0x000000a8      0x2f4 /usr/lib/gcc/arm-none-eabi/14.1.0/thumb/v7-m/nofp/libgcc.a(_udivmoddi4.o)
                0x000000a8                __udivmoddi4
 .text          0x0000039c        0x4 /usr/lib/gcc/arm-none-eabi/14.1.0/thumb/v7-m/nofp/libgcc.a(_dvmd_tls.o)
                0x0000039c                __aeabi_ldiv0
                0x0000039c                __aeabi_idiv0
 *(.rodata*)
 .rodata.vTaskStartScheduler.str1.1
                0x000003a0      0x17d ./build/tasks.o
                                  0x5 (size before relaxing)
 *fill*         0x0000051d        0x3 
 .rodata.uxTopUsedPriority
                0x00000520        0x4 ./build/tasks.o
 .rodata.producer.str1.1
                0x00000524       0x42 ./build/main.o
 .rodata.consumer.str1.1
                0x00000524       0x42 ./build/main.o
 .rodata.main.str1.1
                0x00000524        0xc ./build/main.o
 .rodata.prvGetRegistersFromStack.str1.1
                0x00000524       0x36 ./build/startup.o
 .rodata.srand.str1.1
                0x00000524       0x43 /usr/lib/gcc/arm-none-eabi/14.1.0/../../../../arm-none-eabi/lib/thumb/v7-m/nofp/libc_nano.a(libc_a-rand.o)
 .rodata.__assert_func.str1.1
                0x00000524       0x3d /usr/lib/gcc/arm-none-eabi/14.1.0/../../../../arm-none-eabi/lib/thumb/v7-m/nofp/libc_nano.a(libc_a-assert.o)
 .rodata._svfprintf_r.str1.1
                0x00000524       0x11 /usr/lib/gcc/arm-none-eabi/14.1.0/../../../../arm-none-eabi/lib/thumb/v7-m/nofp/libc_nano.a(libc_a-nano-svfprintf.o)
 .rodata._printf_i.str1.1
                0x00000524       0x22 /usr/lib/gcc/arm-none-eabi/14.1.0/../../../../arm-none-eabi/lib/thumb/v7-m/nofp/libc_nano.a(libc_a-nano-vfprintf_i.o)
 .rodata._vfprintf_r.str1.1
                0x00000524       0x11 /usr/lib/gcc/arm-none-eabi/14.1.0/../../../../arm-none-eabi/lib/thumb/v7-m/nofp/libc_nano.a(libc_a-nano-vfprintf.o)
 *(.constdata*)
                0x00000524                        _etext = .
                0x00000524                        _sidata = .

.glue_7         0x00000524        0x0
 .glue_7        0x00000524        0x0 linker stubs

.glue_7t        0x00000524        0x0
 .glue_7t       0x00000524        0x0 linker stubs

.vfp11_veneer   0x00000524        0x0
 .vfp11_veneer  0x00000524        0x0 linker stubs

.v4_bx          0x00000524        0x0
 .v4_bx         0x00000524        0x0 linker stubs

.text.vListInitialise
                0x00000524       0x16
 .text.vListInitialise
                0x00000524       0x16 ./build/list.o
                0x00000524                vListInitialise

.text.vListInitialiseItem
                0x0000053a        0x6
 .text.vListInitialiseItem
                0x0000053a        0x6 ./build/list.o
                0x0000053a                vListInitialiseItem

.text.vListInsert
                0x00000540       0x2e
 .text.vListInsert
                0x00000540       0x2e ./build/list.o
                0x00000540                vListInsert

.text.uxListRemove
                0x0000056e       0x1e
 .text.uxListRemove
                0x0000056e       0x1e ./build/list.o
                0x0000056e                uxListRemove

.text.prvAddCurrentTaskToDelayedList
                0x0000058c       0xb4
 .text.prvAddCurrentTaskToDelayedList
                0x0000058c       0xb4 ./build/tasks.o

.text.prvResetNextTaskUnblockTime
                0x00000640       0x24
 .text.prvResetNextTaskUnblockTime
                0x00000640       0x24 ./build/tasks.o

.text.prvCheckTasksWaitingTermination
                0x00000664       0x48
 .text.prvCheckTasksWaitingTermination
                0x00000664       0x48 ./build/tasks.o

.text.prvIdleTask
                0x000006ac        0x8
 .text.prvIdleTask
                0x000006ac        0x8 ./build/tasks.o

.text.xTaskCreate
                0x000006b4      0x1c0
 .text.xTaskCreate
                0x000006b4      0x1c0 ./build/tasks.o
                0x000006b4                xTaskCreate

.text.vTaskStartScheduler
                0x00000874       0x78
 .text.vTaskStartScheduler
                0x00000874       0x78 ./build/tasks.o
                0x00000874                vTaskStartScheduler

.text.vTaskSuspendAll
                0x000008ec       0x10
 .text.vTaskSuspendAll
                0x000008ec       0x10 ./build/tasks.o
                0x000008ec                vTaskSuspendAll

.text.uxTaskGetNumberOfTasks
                0x000008fc        0xc
 .text.uxTaskGetNumberOfTasks
                0x000008fc        0xc ./build/tasks.o
                0x000008fc                uxTaskGetNumberOfTasks

.text.xTaskIncrementTick
                0x00000908      0x180
 .text.xTaskIncrementTick
                0x00000908      0x180 ./build/tasks.o
                0x00000908                xTaskIncrementTick

.text.xTaskResumeAll
                0x00000a88      0x150
 .text.xTaskResumeAll
                0x00000a88      0x150 ./build/tasks.o
                0x00000a88                xTaskResumeAll

.text.vTaskDelay
                0x00000bd8       0x3c
 .text.vTaskDelay
                0x00000bd8       0x3c ./build/tasks.o
                0x00000bd8                vTaskDelay

.text.vTaskSwitchContext
                0x00000c14       0x60
 .text.vTaskSwitchContext
                0x00000c14       0x60 ./build/tasks.o
                0x00000c14                vTaskSwitchContext

.text.vTaskPlaceOnEventList
                0x00000c74       0x24
 .text.vTaskPlaceOnEventList
                0x00000c74       0x24 ./build/tasks.o
                0x00000c74                vTaskPlaceOnEventList

.text.xTaskRemoveFromEventList
                0x00000c98       0xbc
 .text.xTaskRemoveFromEventList
                0x00000c98       0xbc ./build/tasks.o
                0x00000c98                xTaskRemoveFromEventList

.text.vTaskInternalSetTimeOutState
                0x00000d54       0x18
 .text.vTaskInternalSetTimeOutState
                0x00000d54       0x18 ./build/tasks.o
                0x00000d54                vTaskInternalSetTimeOutState

.text.xTaskCheckForTimeOut
                0x00000d6c       0x70
 .text.xTaskCheckForTimeOut
                0x00000d6c       0x70 ./build/tasks.o
                0x00000d6c                xTaskCheckForTimeOut

.text.vTaskMissedYield
                0x00000ddc        0xc
 .text.vTaskMissedYield
                0x00000ddc        0xc ./build/tasks.o
                0x00000ddc                vTaskMissedYield

.text.xTaskGetSchedulerState
                0x00000de8       0x20
 .text.xTaskGetSchedulerState
                0x00000de8       0x20 ./build/tasks.o
                0x00000de8                xTaskGetSchedulerState

.text.xTaskPriorityInherit
                0x00000e08       0xa0
 .text.xTaskPriorityInherit
                0x00000e08       0xa0 ./build/tasks.o
                0x00000e08                xTaskPriorityInherit

.text.xTaskPriorityDisinherit
                0x00000ea8       0x84
 .text.xTaskPriorityDisinherit
                0x00000ea8       0x84 ./build/tasks.o
                0x00000ea8                xTaskPriorityDisinherit

.text.vTaskPriorityDisinheritAfterTimeout
                0x00000f2c       0x90
 .text.vTaskPriorityDisinheritAfterTimeout
                0x00000f2c       0x90 ./build/tasks.o
                0x00000f2c                vTaskPriorityDisinheritAfterTimeout

.text.pvTaskIncrementMutexHeldCount
                0x00000fbc       0x14
 .text.pvTaskIncrementMutexHeldCount
                0x00000fbc       0x14 ./build/tasks.o
                0x00000fbc                pvTaskIncrementMutexHeldCount

.iplt           0x00000fd0        0x0
 .iplt          0x00000fd0        0x0 ./build/tasks.o

.text.prvIsQueueEmpty
                0x00000fd0       0x16
 .text.prvIsQueueEmpty
                0x00000fd0       0x16 ./build/queue.o

.text.prvCopyDataToQueue
                0x00000fe6       0x66
 .text.prvCopyDataToQueue
                0x00000fe6       0x66 ./build/queue.o

.text.prvNotifyQueueSetContainer
                0x0000104c       0x64
 .text.prvNotifyQueueSetContainer
                0x0000104c       0x64 ./build/queue.o

.text.prvUnlockQueue
                0x000010b0       0x78
 .text.prvUnlockQueue
                0x000010b0       0x78 ./build/queue.o

.text.xQueueGenericReset
                0x00001128       0x7a
 .text.xQueueGenericReset
                0x00001128       0x7a ./build/queue.o
                0x00001128                xQueueGenericReset

.text.xQueueGenericCreate
                0x000011a2       0x42
 .text.xQueueGenericCreate
                0x000011a2       0x42 ./build/queue.o
                0x000011a2                xQueueGenericCreate

.text.xQueueCreateCountingSemaphore
                0x000011e4       0x1a
 .text.xQueueCreateCountingSemaphore
                0x000011e4       0x1a ./build/queue.o
                0x000011e4                xQueueCreateCountingSemaphore

.text.xQueueGenericSend
                0x000011fe      0x13c
 .text.xQueueGenericSend
                0x000011fe      0x13c ./build/queue.o
                0x000011fe                xQueueGenericSend

.text.xQueueSemaphoreTake
                0x0000133a      0x13c
 .text.xQueueSemaphoreTake
                0x0000133a      0x13c ./build/queue.o
                0x0000133a                xQueueSemaphoreTake

.text.pvPortMalloc
                0x00001478      0x130
 .text.pvPortMalloc
                0x00001478      0x130 ./build/heap_4.o
                0x00001478                pvPortMalloc

.text.vPortFree
                0x000015a8       0xbc
 .text.vPortFree
                0x000015a8       0xbc ./build/heap_4.o
                0x000015a8                vPortFree

.text.prvTaskExitError
                0x00001664       0x30
 .text.prvTaskExitError
                0x00001664       0x30 ./build/port.o

.text.vPortSVCHandler
                0x00001694       0x24
 .text.vPortSVCHandler
                0x00001694       0x24 ./build/port.o
                0x00001694                vPortSVCHandler

.text.prvPortStartFirstTask
                0x000016b8       0x20
 .text.prvPortStartFirstTask
                0x000016b8       0x20 ./build/port.o

.text.xPortPendSVHandler
                0x000016d8       0x44
 .text.xPortPendSVHandler
                0x000016d8       0x44 ./build/port.o
                0x000016d8                xPortPendSVHandler

.text.pxPortInitialiseStack
                0x0000171c       0x24
 .text.pxPortInitialiseStack
                0x0000171c       0x24 ./build/port.o
                0x0000171c                pxPortInitialiseStack

.text.vPortEnterCritical
                0x00001740       0x30
 .text.vPortEnterCritical
                0x00001740       0x30 ./build/port.o
                0x00001740                vPortEnterCritical

.text.vPortExitCritical
                0x00001770       0x18
 .text.vPortExitCritical
                0x00001770       0x18 ./build/port.o
                0x00001770                vPortExitCritical

.text.xPortSysTickHandler
                0x00001788       0x2c
 .text.xPortSysTickHandler
                0x00001788       0x2c ./build/port.o
                0x00001788                xPortSysTickHandler

.text.vPortSetupTimerInterrupt
                0x000017b4       0x16
 .text.vPortSetupTimerInterrupt
                0x000017b4       0x16 ./build/port.o
                0x000017b4                vPortSetupTimerInterrupt

.text.xPortStartScheduler
                0x000017cc       0xe4
 .text.xPortStartScheduler
                0x000017cc       0xe4 ./build/port.o
                0x000017cc                xPortStartScheduler

.text.producer  0x000018b0       0xb4
 .text.producer
                0x000018b0       0xb4 ./build/main.o
                0x000018b0                producer

.text.consumer  0x00001964       0xa0
 .text.consumer
                0x00001964       0xa0 ./build/main.o
                0x00001964                consumer

.text.startup.main
                0x00001a04       0x64
 .text.startup.main
                0x00001a04       0x64 ./build/main.o
                0x00001a04                main

.text.UART_init
                0x00001a68        0xe
 .text.UART_init
                0x00001a68        0xe ./build/uart.o
                0x00001a68                UART_init

.text.UART_printf
                0x00001a76       0x12
 .text.UART_printf
                0x00001a76       0x12 ./build/uart.o
                0x00001a76                UART_printf

.text.Default_Handler
                0x00001b00        0xc
 .text.Default_Handler
                0x00001b00        0xc ./build/startup.o

.text.HardFault_Handler
                0x00001c00       0x18
 .text.HardFault_Handler
                0x00001c00       0x18 ./build/startup.o

.text.Reset_Handler
                0x00001c18        0x4
 .text.Reset_Handler
                0x00001c18        0x4 ./build/startup.o
                0x00001c18                Reset_Handler

.text.prvGetRegistersFromStack
                0x00001c1c       0x60
 .text.prvGetRegistersFromStack
                0x00001c1c       0x60 ./build/startup.o
                0x00001c1c                prvGetRegistersFromStack

.text.rand      0x00001c7c       0x7c
 .text.rand     0x00001c7c       0x7c /usr/lib/gcc/arm-none-eabi/14.1.0/../../../../arm-none-eabi/lib/thumb/v7-m/nofp/libc_nano.a(libc_a-rand.o)
                0x00001c7c                rand

.text.sprintf   0x00001cf8       0x44
 .text.sprintf  0x00001cf8       0x44 /usr/lib/gcc/arm-none-eabi/14.1.0/../../../../arm-none-eabi/lib/thumb/v7-m/nofp/libc_nano.a(libc_a-sprintf.o)
                0x00001cf8                sprintf
                0x00001cf8                siprintf

.text.memset    0x00001d3c       0x10
 .text.memset   0x00001d3c       0x10 /usr/lib/gcc/arm-none-eabi/14.1.0/../../../../arm-none-eabi/lib/thumb/v7-m/nofp/libc_nano.a(libc_a-memset.o)
                0x00001d3c                memset

.text.memcpy    0x00001d4c       0x1c
 .text.memcpy   0x00001d4c       0x1c /usr/lib/gcc/arm-none-eabi/14.1.0/../../../../arm-none-eabi/lib/thumb/v7-m/nofp/libc_nano.a(libc_a-memcpy-stub.o)
                0x00001d4c                memcpy

.text.__assert_func
                0x00001d68       0x3c
 .text.__assert_func
                0x00001d68       0x3c /usr/lib/gcc/arm-none-eabi/14.1.0/../../../../arm-none-eabi/lib/thumb/v7-m/nofp/libc_nano.a(libc_a-assert.o)
                0x00001d68                __assert_func

.text.malloc    0x00001da4       0x10
 .text.malloc   0x00001da4       0x10 /usr/lib/gcc/arm-none-eabi/14.1.0/../../../../arm-none-eabi/lib/thumb/v7-m/nofp/libc_nano.a(libc_a-malloc.o)
                0x00001da4                malloc

.text.sbrk_aligned
                0x00001db4       0x44
 .text.sbrk_aligned
                0x00001db4       0x44 /usr/lib/gcc/arm-none-eabi/14.1.0/../../../../arm-none-eabi/lib/thumb/v7-m/nofp/libc_nano.a(libc_a-mallocr.o)

.text._malloc_r
                0x00001df8      0x100
 .text._malloc_r
                0x00001df8      0x100 /usr/lib/gcc/arm-none-eabi/14.1.0/../../../../arm-none-eabi/lib/thumb/v7-m/nofp/libc_nano.a(libc_a-mallocr.o)
                0x00001df8                _malloc_r

.text.__malloc_lock
                0x00001ef8        0xc
 .text.__malloc_lock
                0x00001ef8        0xc /usr/lib/gcc/arm-none-eabi/14.1.0/../../../../arm-none-eabi/lib/thumb/v7-m/nofp/libc_nano.a(libc_a-mlock.o)
                0x00001ef8                __malloc_lock

.text.__malloc_unlock
                0x00001f04        0xc
 .text.__malloc_unlock
                0x00001f04        0xc /usr/lib/gcc/arm-none-eabi/14.1.0/../../../../arm-none-eabi/lib/thumb/v7-m/nofp/libc_nano.a(libc_a-mlock.o)
                0x00001f04                __malloc_unlock

.text.__ssputs_r
                0x00001f10       0xc0
 .text.__ssputs_r
                0x00001f10       0xc0 /usr/lib/gcc/arm-none-eabi/14.1.0/../../../../arm-none-eabi/lib/thumb/v7-m/nofp/libc_nano.a(libc_a-nano-svfprintf.o)
                0x00001f10                __ssputs_r

.text._svfprintf_r
                0x00001fd0      0x1f8
 .text._svfprintf_r
                0x00001fd0      0x1f8 /usr/lib/gcc/arm-none-eabi/14.1.0/../../../../arm-none-eabi/lib/thumb/v7-m/nofp/libc_nano.a(libc_a-nano-svfprintf.o)
                0x00001fd0                _svfprintf_r
                0x00001fd0                _svfiprintf_r

.text._printf_common
                0x000021c8       0xe4
 .text._printf_common
                0x000021c8       0xe4 /usr/lib/gcc/arm-none-eabi/14.1.0/../../../../arm-none-eabi/lib/thumb/v7-m/nofp/libc_nano.a(libc_a-nano-vfprintf_i.o)
                0x000021c8                _printf_common

.text._printf_i
                0x000022ac      0x240
 .text._printf_i
                0x000022ac      0x240 /usr/lib/gcc/arm-none-eabi/14.1.0/../../../../arm-none-eabi/lib/thumb/v7-m/nofp/libc_nano.a(libc_a-nano-vfprintf_i.o)
                0x000022ac                _printf_i

.text.fprintf   0x000024ec       0x24
 .text.fprintf  0x000024ec       0x24 /usr/lib/gcc/arm-none-eabi/14.1.0/../../../../arm-none-eabi/lib/thumb/v7-m/nofp/libc_nano.a(libc_a-fprintf.o)
                0x000024ec                fprintf
                0x000024ec                fiprintf

.text.memmove   0x00002510       0x32
 .text.memmove  0x00002510       0x32 /usr/lib/gcc/arm-none-eabi/14.1.0/../../../../arm-none-eabi/lib/thumb/v7-m/nofp/libc_nano.a(libc_a-memmove.o)
                0x00002510                memmove

.text._sbrk_r   0x00002544       0x20
 .text._sbrk_r  0x00002544       0x20 /usr/lib/gcc/arm-none-eabi/14.1.0/../../../../arm-none-eabi/lib/thumb/v7-m/nofp/libc_nano.a(libc_a-sbrkr.o)
                0x00002544                _sbrk_r

.text.__retarget_lock_init_recursive
                0x00002564        0x2
 .text.__retarget_lock_init_recursive
                0x00002564        0x2 /usr/lib/gcc/arm-none-eabi/14.1.0/../../../../arm-none-eabi/lib/thumb/v7-m/nofp/libc_nano.a(libc_a-lock.o)
                0x00002564                __retarget_lock_init_recursive

.text.__retarget_lock_acquire_recursive
                0x00002566        0x2
 .text.__retarget_lock_acquire_recursive
                0x00002566        0x2 /usr/lib/gcc/arm-none-eabi/14.1.0/../../../../arm-none-eabi/lib/thumb/v7-m/nofp/libc_nano.a(libc_a-lock.o)
                0x00002566                __retarget_lock_acquire_recursive

.text.__retarget_lock_release_recursive
                0x00002568        0x2
 .text.__retarget_lock_release_recursive
                0x00002568        0x2 /usr/lib/gcc/arm-none-eabi/14.1.0/../../../../arm-none-eabi/lib/thumb/v7-m/nofp/libc_nano.a(libc_a-lock.o)
                0x00002568                __retarget_lock_release_recursive

.text.memchr    0x0000256a       0x1c
 .text.memchr   0x0000256a       0x1c /usr/lib/gcc/arm-none-eabi/14.1.0/../../../../arm-none-eabi/lib/thumb/v7-m/nofp/libc_nano.a(libc_a-memchr-stub.o)
                0x0000256a                memchr

.text.abort     0x00002586        0xe
 .text.abort    0x00002586        0xe /usr/lib/gcc/arm-none-eabi/14.1.0/../../../../arm-none-eabi/lib/thumb/v7-m/nofp/libc_nano.a(libc_a-abort.o)
                0x00002586                abort

.text._free_r   0x00002594       0x90
 .text._free_r  0x00002594       0x90 /usr/lib/gcc/arm-none-eabi/14.1.0/../../../../arm-none-eabi/lib/thumb/v7-m/nofp/libc_nano.a(libc_a-freer.o)
                0x00002594                _free_r

.text._realloc_r
                0x00002624       0x5c
 .text._realloc_r
                0x00002624       0x5c /usr/lib/gcc/arm-none-eabi/14.1.0/../../../../arm-none-eabi/lib/thumb/v7-m/nofp/libc_nano.a(libc_a-reallocr.o)
                0x00002624                _realloc_r

.text.__sfputc_r
                0x00002680       0x2a
 .text.__sfputc_r
                0x00002680       0x2a /usr/lib/gcc/arm-none-eabi/14.1.0/../../../../arm-none-eabi/lib/thumb/v7-m/nofp/libc_nano.a(libc_a-nano-vfprintf.o)

.text.__sfputs_r
                0x000026aa       0x24
 .text.__sfputs_r
                0x000026aa       0x24 /usr/lib/gcc/arm-none-eabi/14.1.0/../../../../arm-none-eabi/lib/thumb/v7-m/nofp/libc_nano.a(libc_a-nano-vfprintf.o)
                0x000026aa                __sfputs_r

.text._vfprintf_r
                0x000026d0      0x230
 .text._vfprintf_r
                0x000026d0      0x230 /usr/lib/gcc/arm-none-eabi/14.1.0/../../../../arm-none-eabi/lib/thumb/v7-m/nofp/libc_nano.a(libc_a-nano-vfprintf.o)
                0x000026d0                _vfiprintf_r
                0x000026d0                _vfprintf_r

.text.std       0x00002900       0x6c
 .text.std      0x00002900       0x6c /usr/lib/gcc/arm-none-eabi/14.1.0/../../../../arm-none-eabi/lib/thumb/v7-m/nofp/libc_nano.a(libc_a-findfp.o)

.text.stdio_exit_handler
                0x0000296c       0x18
 .text.stdio_exit_handler
                0x0000296c       0x18 /usr/lib/gcc/arm-none-eabi/14.1.0/../../../../arm-none-eabi/lib/thumb/v7-m/nofp/libc_nano.a(libc_a-findfp.o)

.text.cleanup_stdio
                0x00002984       0x40
 .text.cleanup_stdio
                0x00002984       0x40 /usr/lib/gcc/arm-none-eabi/14.1.0/../../../../arm-none-eabi/lib/thumb/v7-m/nofp/libc_nano.a(libc_a-findfp.o)

.text.global_stdio_init.part.0
                0x000029c4       0x40
 .text.global_stdio_init.part.0
                0x000029c4       0x40 /usr/lib/gcc/arm-none-eabi/14.1.0/../../../../arm-none-eabi/lib/thumb/v7-m/nofp/libc_nano.a(libc_a-findfp.o)

.text.__sfp_lock_acquire
                0x00002a04        0xc
 .text.__sfp_lock_acquire
                0x00002a04        0xc /usr/lib/gcc/arm-none-eabi/14.1.0/../../../../arm-none-eabi/lib/thumb/v7-m/nofp/libc_nano.a(libc_a-findfp.o)
                0x00002a04                __sfp_lock_acquire

.text.__sfp_lock_release
                0x00002a10        0xc
 .text.__sfp_lock_release
                0x00002a10        0xc /usr/lib/gcc/arm-none-eabi/14.1.0/../../../../arm-none-eabi/lib/thumb/v7-m/nofp/libc_nano.a(libc_a-findfp.o)
                0x00002a10                __sfp_lock_release

.text.__sinit   0x00002a1c       0x30
 .text.__sinit  0x00002a1c       0x30 /usr/lib/gcc/arm-none-eabi/14.1.0/../../../../arm-none-eabi/lib/thumb/v7-m/nofp/libc_nano.a(libc_a-findfp.o)
                0x00002a1c                __sinit

.text._fwalk_sglue
                0x00002a4c       0x3c
 .text._fwalk_sglue
                0x00002a4c       0x3c /usr/lib/gcc/arm-none-eabi/14.1.0/../../../../arm-none-eabi/lib/thumb/v7-m/nofp/libc_nano.a(libc_a-fwalk.o)
                0x00002a4c                _fwalk_sglue

.text.__sread   0x00002a88       0x22
 .text.__sread  0x00002a88       0x22 /usr/lib/gcc/arm-none-eabi/14.1.0/../../../../arm-none-eabi/lib/thumb/v7-m/nofp/libc_nano.a(libc_a-stdio.o)
                0x00002a88                __sread

.text.__swrite  0x00002aaa       0x38
 .text.__swrite
                0x00002aaa       0x38 /usr/lib/gcc/arm-none-eabi/14.1.0/../../../../arm-none-eabi/lib/thumb/v7-m/nofp/libc_nano.a(libc_a-stdio.o)
                0x00002aaa                __swrite

.text.__sseek   0x00002ae2       0x26
 .text.__sseek  0x00002ae2       0x26 /usr/lib/gcc/arm-none-eabi/14.1.0/../../../../arm-none-eabi/lib/thumb/v7-m/nofp/libc_nano.a(libc_a-stdio.o)
                0x00002ae2                __sseek

.text.__sclose  0x00002b08        0x8
 .text.__sclose
                0x00002b08        0x8 /usr/lib/gcc/arm-none-eabi/14.1.0/../../../../arm-none-eabi/lib/thumb/v7-m/nofp/libc_nano.a(libc_a-stdio.o)
                0x00002b08                __sclose

.text.__swbuf_r
                0x00002b10       0x7c
 .text.__swbuf_r
                0x00002b10       0x7c /usr/lib/gcc/arm-none-eabi/14.1.0/../../../../arm-none-eabi/lib/thumb/v7-m/nofp/libc_nano.a(libc_a-wbuf.o)
                0x00002b10                __swbuf_r

.text.__swsetup_r
                0x00002b8c       0xa8
 .text.__swsetup_r
                0x00002b8c       0xa8 /usr/lib/gcc/arm-none-eabi/14.1.0/../../../../arm-none-eabi/lib/thumb/v7-m/nofp/libc_nano.a(libc_a-wsetup.o)
                0x00002b8c                __swsetup_r

.text._raise_r  0x00002c34       0x50
 .text._raise_r
                0x00002c34       0x50 /usr/lib/gcc/arm-none-eabi/14.1.0/../../../../arm-none-eabi/lib/thumb/v7-m/nofp/libc_nano.a(libc_a-signal.o)
                0x00002c34                _raise_r

.text.raise     0x00002c84       0x10
 .text.raise    0x00002c84       0x10 /usr/lib/gcc/arm-none-eabi/14.1.0/../../../../arm-none-eabi/lib/thumb/v7-m/nofp/libc_nano.a(libc_a-signal.o)
                0x00002c84                raise

.text._close_r  0x00002c94       0x20
 .text._close_r
                0x00002c94       0x20 /usr/lib/gcc/arm-none-eabi/14.1.0/../../../../arm-none-eabi/lib/thumb/v7-m/nofp/libc_nano.a(libc_a-closer.o)
                0x00002c94                _close_r

.text._lseek_r  0x00002cb4       0x24
 .text._lseek_r
                0x00002cb4       0x24 /usr/lib/gcc/arm-none-eabi/14.1.0/../../../../arm-none-eabi/lib/thumb/v7-m/nofp/libc_nano.a(libc_a-lseekr.o)
                0x00002cb4                _lseek_r

.text._read_r   0x00002cd8       0x24
 .text._read_r  0x00002cd8       0x24 /usr/lib/gcc/arm-none-eabi/14.1.0/../../../../arm-none-eabi/lib/thumb/v7-m/nofp/libc_nano.a(libc_a-readr.o)
                0x00002cd8                _read_r

.text._kill_r   0x00002cfc       0x24
 .text._kill_r  0x00002cfc       0x24 /usr/lib/gcc/arm-none-eabi/14.1.0/../../../../arm-none-eabi/lib/thumb/v7-m/nofp/libc_nano.a(libc_a-signalr.o)
                0x00002cfc                _kill_r

.text._getpid_r
                0x00002d20        0x4
 .text._getpid_r
                0x00002d20        0x4 /usr/lib/gcc/arm-none-eabi/14.1.0/../../../../arm-none-eabi/lib/thumb/v7-m/nofp/libc_nano.a(libc_a-signalr.o)
                0x00002d20                _getpid_r

.text._write_r  0x00002d24       0x24
 .text._write_r
                0x00002d24       0x24 /usr/lib/gcc/arm-none-eabi/14.1.0/../../../../arm-none-eabi/lib/thumb/v7-m/nofp/libc_nano.a(libc_a-writer.o)
                0x00002d24                _write_r

.text._malloc_usable_size_r
                0x00002d48       0x10
 .text._malloc_usable_size_r
                0x00002d48       0x10 /usr/lib/gcc/arm-none-eabi/14.1.0/../../../../arm-none-eabi/lib/thumb/v7-m/nofp/libc_nano.a(libc_a-msizer.o)
                0x00002d48                _malloc_usable_size_r

.text.__sflush_r
                0x00002d58       0xfc
 .text.__sflush_r
                0x00002d58       0xfc /usr/lib/gcc/arm-none-eabi/14.1.0/../../../../arm-none-eabi/lib/thumb/v7-m/nofp/libc_nano.a(libc_a-fflush.o)
                0x00002d58                __sflush_r

.text._fflush_r
                0x00002e54       0x50
 .text._fflush_r
                0x00002e54       0x50 /usr/lib/gcc/arm-none-eabi/14.1.0/../../../../arm-none-eabi/lib/thumb/v7-m/nofp/libc_nano.a(libc_a-fflush.o)
                0x00002e54                _fflush_r

.text.__swhatbuf_r
                0x00002ea4       0x48
 .text.__swhatbuf_r
                0x00002ea4       0x48 /usr/lib/gcc/arm-none-eabi/14.1.0/../../../../arm-none-eabi/lib/thumb/v7-m/nofp/libc_nano.a(libc_a-makebuf.o)
                0x00002ea4                __swhatbuf_r

.text.__smakebuf_r
                0x00002eec       0x72
 .text.__smakebuf_r
                0x00002eec       0x72 /usr/lib/gcc/arm-none-eabi/14.1.0/../../../../arm-none-eabi/lib/thumb/v7-m/nofp/libc_nano.a(libc_a-makebuf.o)
                0x00002eec                __smakebuf_r

.text._fstat_r  0x00002f60       0x24
 .text._fstat_r
                0x00002f60       0x24 /usr/lib/gcc/arm-none-eabi/14.1.0/../../../../arm-none-eabi/lib/thumb/v7-m/nofp/libc_nano.a(libc_a-fstatr.o)
                0x00002f60                _fstat_r

.text._isatty_r
                0x00002f84       0x20
 .text._isatty_r
                0x00002f84       0x20 /usr/lib/gcc/arm-none-eabi/14.1.0/../../../../arm-none-eabi/lib/thumb/v7-m/nofp/libc_nano.a(libc_a-isattyr.o)
                0x00002f84                _isatty_r

.text._close    0x00002fa4       0x10
 .text._close   0x00002fa4       0x10 /usr/lib/gcc/arm-none-eabi/14.1.0/../../../../arm-none-eabi/lib/thumb/v7-m/nofp/libnosys.a(close.o)
                0x00002fa4                _close

.text._fstat    0x00002fb4       0x10
 .text._fstat   0x00002fb4       0x10 /usr/lib/gcc/arm-none-eabi/14.1.0/../../../../arm-none-eabi/lib/thumb/v7-m/nofp/libnosys.a(fstat.o)
                0x00002fb4                _fstat

.text._getpid   0x00002fc4       0x10
 .text._getpid  0x00002fc4       0x10 /usr/lib/gcc/arm-none-eabi/14.1.0/../../../../arm-none-eabi/lib/thumb/v7-m/nofp/libnosys.a(getpid.o)
                0x00002fc4                _getpid

.text._isatty   0x00002fd4       0x10
 .text._isatty  0x00002fd4       0x10 /usr/lib/gcc/arm-none-eabi/14.1.0/../../../../arm-none-eabi/lib/thumb/v7-m/nofp/libnosys.a(isatty.o)
                0x00002fd4                _isatty

.text._kill     0x00002fe4       0x10
 .text._kill    0x00002fe4       0x10 /usr/lib/gcc/arm-none-eabi/14.1.0/../../../../arm-none-eabi/lib/thumb/v7-m/nofp/libnosys.a(kill.o)
                0x00002fe4                _kill

.text._lseek    0x00002ff4       0x10
 .text._lseek   0x00002ff4       0x10 /usr/lib/gcc/arm-none-eabi/14.1.0/../../../../arm-none-eabi/lib/thumb/v7-m/nofp/libnosys.a(lseek.o)
                0x00002ff4                _lseek

.text._read     0x00003004       0x10
 .text._read    0x00003004       0x10 /usr/lib/gcc/arm-none-eabi/14.1.0/../../../../arm-none-eabi/lib/thumb/v7-m/nofp/libnosys.a(read.o)
                0x00003004                _read

.text._sbrk     0x00003014       0x1c
 .text._sbrk    0x00003014       0x1c /usr/lib/gcc/arm-none-eabi/14.1.0/../../../../arm-none-eabi/lib/thumb/v7-m/nofp/libnosys.a(sbrk.o)
                0x00003014                _sbrk

.text._write    0x00003030       0x10
 .text._write   0x00003030       0x10 /usr/lib/gcc/arm-none-eabi/14.1.0/../../../../arm-none-eabi/lib/thumb/v7-m/nofp/libnosys.a(write.o)
                0x00003030                _write

.text._exit     0x00003040        0x4
 .text._exit    0x00003040        0x4 /usr/lib/gcc/arm-none-eabi/14.1.0/../../../../arm-none-eabi/lib/thumb/v7-m/nofp/libnosys.a(_exit.o)
                0x00003040                _exit

.rel.dyn        0x00003044        0x0
 .rel.iplt      0x00003044        0x0 ./build/tasks.o

.ARM.exidx      0x00003044        0x8
 .ARM.exidx     0x00003044        0x8 /usr/lib/gcc/arm-none-eabi/14.1.0/thumb/v7-m/nofp/libgcc.a(_udivmoddi4.o)

.data           0x20000000        0x0
                0x20000000                        . = ALIGN (0x8)
                0x20000000                        _data = .
                0x20000000                        _sdata = .
 *(vtable)
 *(.data)
                0x20000000                        _edata = .

.igot.plt       0x20000000        0x0
 .igot.plt      0x20000000        0x0 ./build/tasks.o

.data.uxCriticalNesting
                0x20000000        0x4
 .data.uxCriticalNesting
                0x20000000        0x4 ./build/port.o

.data._impure_ptr
                0x20000004        0x4
 .data._impure_ptr
                0x20000004        0x4 /usr/lib/gcc/arm-none-eabi/14.1.0/../../../../arm-none-eabi/lib/thumb/v7-m/nofp/libc_nano.a(libc_a-impure.o)
                0x20000004                _impure_ptr

.data._impure_data
                0x20000008       0x4c
 .data._impure_data
                0x20000008       0x4c /usr/lib/gcc/arm-none-eabi/14.1.0/../../../../arm-none-eabi/lib/thumb/v7-m/nofp/libc_nano.a(libc_a-impure.o)
                0x20000008                _impure_data

.data.__sglue   0x20000054        0xc
 .data.__sglue  0x20000054        0xc /usr/lib/gcc/arm-none-eabi/14.1.0/../../../../arm-none-eabi/lib/thumb/v7-m/nofp/libc_nano.a(libc_a-findfp.o)
                0x20000054                __sglue

.bss            0x20000060        0x0
                0x20000060                        . = ALIGN (0x8)
                0x20000060                        _bss = .
                0x20000060                        _sbss = .
 *(.bss)
                0x20000060                        _ebss = .

.bss.uxSchedulerSuspended
                0x20000060        0x4
 .bss.uxSchedulerSuspended
                0x20000060        0x4 ./build/tasks.o

.bss.xIdleTaskHandles
                0x20000064        0x4
 .bss.xIdleTaskHandles
                0x20000064        0x4 ./build/tasks.o

.bss.xNextTaskUnblockTime
                0x20000068        0x4
 .bss.xNextTaskUnblockTime
                0x20000068        0x4 ./build/tasks.o

.bss.uxTaskNumber
                0x2000006c        0x4
 .bss.uxTaskNumber
                0x2000006c        0x4 ./build/tasks.o

.bss.xNumOfOverflows
                0x20000070        0x4
 .bss.xNumOfOverflows
                0x20000070        0x4 ./build/tasks.o

.bss.xYieldPendings
                0x20000074        0x4
 .bss.xYieldPendings
                0x20000074        0x4 ./build/tasks.o

.bss.xPendedTicks
                0x20000078        0x4
 .bss.xPendedTicks
                0x20000078        0x4 ./build/tasks.o

.bss.xSchedulerRunning
                0x2000007c        0x4
 .bss.xSchedulerRunning
                0x2000007c        0x4 ./build/tasks.o

.bss.uxTopReadyPriority
                0x20000080        0x4
 .bss.uxTopReadyPriority
                0x20000080        0x4 ./build/tasks.o

.bss.xTickCount
                0x20000084        0x4
 .bss.xTickCount
                0x20000084        0x4 ./build/tasks.o

.bss.uxCurrentNumberOfTasks
                0x20000088        0x4
 .bss.uxCurrentNumberOfTasks
                0x20000088        0x4 ./build/tasks.o

.bss.xSuspendedTaskList
                0x2000008c       0x14
 .bss.xSuspendedTaskList
                0x2000008c       0x14 ./build/tasks.o

.bss.uxDeletedTasksWaitingCleanUp
                0x200000a0        0x4
 .bss.uxDeletedTasksWaitingCleanUp
                0x200000a0        0x4 ./build/tasks.o

.bss.xTasksWaitingTermination
                0x200000a4       0x14
 .bss.xTasksWaitingTermination
                0x200000a4       0x14 ./build/tasks.o

.bss.xPendingReadyList
                0x200000b8       0x14
 .bss.xPendingReadyList
                0x200000b8       0x14 ./build/tasks.o

.bss.pxOverflowDelayedTaskList
                0x200000cc        0x4
 .bss.pxOverflowDelayedTaskList
                0x200000cc        0x4 ./build/tasks.o

.bss.pxDelayedTaskList
                0x200000d0        0x4
 .bss.pxDelayedTaskList
                0x200000d0        0x4 ./build/tasks.o

.bss.xDelayedTaskList2
                0x200000d4       0x14
 .bss.xDelayedTaskList2
                0x200000d4       0x14 ./build/tasks.o

.bss.xDelayedTaskList1
                0x200000e8       0x14
 .bss.xDelayedTaskList1
                0x200000e8       0x14 ./build/tasks.o

.bss.pxReadyTasksLists
                0x200000fc       0xb4
 .bss.pxReadyTasksLists
                0x200000fc       0xb4 ./build/tasks.o

.bss.pxCurrentTCB
                0x200001b0        0x4
 .bss.pxCurrentTCB
                0x200001b0        0x4 ./build/tasks.o
                0x200001b0                pxCurrentTCB

.bss.xNumberOfSuccessfulFrees
                0x200001b4        0x4
 .bss.xNumberOfSuccessfulFrees
                0x200001b4        0x4 ./build/heap_4.o

.bss.xNumberOfSuccessfulAllocations
                0x200001b8        0x4
 .bss.xNumberOfSuccessfulAllocations
                0x200001b8        0x4 ./build/heap_4.o

.bss.xMinimumEverFreeBytesRemaining
                0x200001bc        0x4
 .bss.xMinimumEverFreeBytesRemaining
                0x200001bc        0x4 ./build/heap_4.o

.bss.xFreeBytesRemaining
                0x200001c0        0x4
 .bss.xFreeBytesRemaining
                0x200001c0        0x4 ./build/heap_4.o

.bss.pxEnd      0x200001c4        0x4
 .bss.pxEnd     0x200001c4        0x4 ./build/heap_4.o

.bss.xStart     0x200001c8        0x8
 .bss.xStart    0x200001c8        0x8 ./build/heap_4.o

.bss.ucHeap     0x200001d0     0xf000
 .bss.ucHeap    0x200001d0     0xf000 ./build/heap_4.o

.bss.ulMaxPRIGROUPValue
                0x2000f1d0        0x4
 .bss.ulMaxPRIGROUPValue
                0x2000f1d0        0x4 ./build/port.o

.bss.ucMaxSysCallPriority
                0x2000f1d4        0x1
 .bss.ucMaxSysCallPriority
                0x2000f1d4        0x1 ./build/port.o

.bss.tail       0x2000f1d6        0x2
 .bss.tail      0x2000f1d6        0x2 ./build/main.o
                0x2000f1d6                tail

.bss.head       0x2000f1d8        0x2
 .bss.head      0x2000f1d8        0x2 ./build/main.o
                0x2000f1d8                head

.bss.buffer     0x2000f1da       0x14
 .bss.buffer    0x2000f1da       0x14 ./build/main.o
                0x2000f1da                buffer

.bss.xWrite     0x2000f1f0        0x4
 .bss.xWrite    0x2000f1f0        0x4 ./build/main.o
                0x2000f1f0                xWrite

.bss.xRead      0x2000f1f4        0x4
 .bss.xRead     0x2000f1f4        0x4 ./build/main.o
                0x2000f1f4                xRead

.bss.psr        0x2000f1f8        0x4
 .bss.psr       0x2000f1f8        0x4 ./build/startup.o
                0x2000f1f8                psr

.bss.pc         0x2000f1fc        0x4
 .bss.pc        0x2000f1fc        0x4 ./build/startup.o
                0x2000f1fc                pc

.bss.lr         0x2000f200        0x4
 .bss.lr        0x2000f200        0x4 ./build/startup.o
                0x2000f200                lr

.bss.r12        0x2000f204        0x4
 .bss.r12       0x2000f204        0x4 ./build/startup.o
                0x2000f204                r12

.bss.r3         0x2000f208        0x4
 .bss.r3        0x2000f208        0x4 ./build/startup.o
                0x2000f208                r3

.bss.r2         0x2000f20c        0x4
 .bss.r2        0x2000f20c        0x4 ./build/startup.o
                0x2000f20c                r2

.bss.r1         0x2000f210        0x4
 .bss.r1        0x2000f210        0x4 ./build/startup.o
                0x2000f210                r1

.bss.r0         0x2000f214        0x4
 .bss.r0        0x2000f214        0x4 ./build/startup.o
                0x2000f214                r0

.bss.__malloc_sbrk_start
                0x2000f218        0x4
 .bss.__malloc_sbrk_start
                0x2000f218        0x4 /usr/lib/gcc/arm-none-eabi/14.1.0/../../../../arm-none-eabi/lib/thumb/v7-m/nofp/libc_nano.a(libc_a-mallocr.o)
                0x2000f218                __malloc_sbrk_start

.bss.__malloc_free_list
                0x2000f21c        0x4
 .bss.__malloc_free_list
                0x2000f21c        0x4 /usr/lib/gcc/arm-none-eabi/14.1.0/../../../../arm-none-eabi/lib/thumb/v7-m/nofp/libc_nano.a(libc_a-mallocr.o)
                0x2000f21c                __malloc_free_list

.bss.__lock___malloc_recursive_mutex
                0x2000f220        0x1
 .bss.__lock___malloc_recursive_mutex
                0x2000f220        0x1 /usr/lib/gcc/arm-none-eabi/14.1.0/../../../../arm-none-eabi/lib/thumb/v7-m/nofp/libc_nano.a(libc_a-lock.o)
                0x2000f220                __lock___malloc_recursive_mutex

.bss.__lock___sfp_recursive_mutex
                0x2000f221        0x1
 .bss.__lock___sfp_recursive_mutex
                0x2000f221        0x1 /usr/lib/gcc/arm-none-eabi/14.1.0/../../../../arm-none-eabi/lib/thumb/v7-m/nofp/libc_nano.a(libc_a-lock.o)
                0x2000f221                __lock___sfp_recursive_mutex

.bss.__sf       0x2000f224      0x138
 .bss.__sf      0x2000f224      0x138 /usr/lib/gcc/arm-none-eabi/14.1.0/../../../../arm-none-eabi/lib/thumb/v7-m/nofp/libc_nano.a(libc_a-findfp.o)
                0x2000f224                __sf

.bss.__stdio_exit_handler
                0x2000f35c        0x4
 .bss.__stdio_exit_handler
                0x2000f35c        0x4 /usr/lib/gcc/arm-none-eabi/14.1.0/../../../../arm-none-eabi/lib/thumb/v7-m/nofp/libc_nano.a(libc_a-findfp.o)
                0x2000f35c                __stdio_exit_handler

.bss.errno      0x2000f360        0x4
 .bss.errno     0x2000f360        0x4 /usr/lib/gcc/arm-none-eabi/14.1.0/../../../../arm-none-eabi/lib/thumb/v7-m/nofp/libc_nano.a(libc_a-reent.o)
                0x2000f360                errno

.bss.heap_end.0
                0x2000f364        0x4
 .bss.heap_end.0
                0x2000f364        0x4 /usr/lib/gcc/arm-none-eabi/14.1.0/../../../../arm-none-eabi/lib/thumb/v7-m/nofp/libnosys.a(sbrk.o)

.heap           0x2000f368      0x408
                0x2000f368                        . = ALIGN (0x8)
                0x2000f368                        PROVIDE (end = .)
                [!provide]                        PROVIDE (_end = .)
                0x2000f368                        _heap_bottom = .
                0x2000f370                        . = (. + _Min_Heap_Size)
 *fill*         0x2000f368        0x8 
                0x2000f370                        _heap_top = .
                0x2000f770                        . = (. + _Min_Stack_Size)
 *fill*         0x2000f370      0x400 
                0x2000f770                        . = ALIGN (0x8)
                0x20400000                        __StackTop = (ORIGIN (RAM) + LENGTH (RAM))
                0x203ffc00                        __StackLimit = (__StackTop - _Min_Stack_Size)
                [!provide]                        PROVIDE (__stack = __StackTop)
                0x00000001                        ASSERT ((__StackLimit >= _heap_top), region RAM overflowed with stack)
OUTPUT(./build/demo.elf elf32-littlearm)
LOAD linker stubs

.debug_info     0x00000000    0x1a371
 .debug_info    0x00000000      0x2b2 ./build/list.o
 .debug_info    0x000002b2     0x302b ./build/tasks.o
 .debug_info    0x000032dd     0x2284 ./build/queue.o
 .debug_info    0x00005561      0x5e8 ./build/heap_4.o
 .debug_info    0x00005b49      0x465 ./build/port.o
 .debug_info    0x00005fae      0x5c3 ./build/main.o
 .debug_info    0x00006571       0xd1 ./build/uart.o
 .debug_info    0x00006642      0x1fb ./build/startup.o
 .debug_info    0x0000683d       0x24 /usr/lib/gcc/arm-none-eabi/14.1.0/thumb/v7-m/nofp/libgcc.a(_aeabi_uldivmod.o)
 .debug_info    0x00006861      0x6f5 /usr/lib/gcc/arm-none-eabi/14.1.0/thumb/v7-m/nofp/libgcc.a(_udivmoddi4.o)
 .debug_info    0x00006f56       0x3c /usr/lib/gcc/arm-none-eabi/14.1.0/thumb/v7-m/nofp/libgcc.a(_dvmd_tls.o)
 .debug_info    0x00006f92      0x867 /usr/lib/gcc/arm-none-eabi/14.1.0/../../../../arm-none-eabi/lib/thumb/v7-m/nofp/libc_nano.a(libc_a-rand.o)
 .debug_info    0x000077f9      0x885 /usr/lib/gcc/arm-none-eabi/14.1.0/../../../../arm-none-eabi/lib/thumb/v7-m/nofp/libc_nano.a(libc_a-sprintf.o)
 .debug_info    0x0000807e       0xe0 /usr/lib/gcc/arm-none-eabi/14.1.0/../../../../arm-none-eabi/lib/thumb/v7-m/nofp/libc_nano.a(libc_a-memset.o)
 .debug_info    0x0000815e      0x715 /usr/lib/gcc/arm-none-eabi/14.1.0/../../../../arm-none-eabi/lib/thumb/v7-m/nofp/libc_nano.a(libc_a-impure.o)
 .debug_info    0x00008873      0x121 /usr/lib/gcc/arm-none-eabi/14.1.0/../../../../arm-none-eabi/lib/thumb/v7-m/nofp/libc_nano.a(libc_a-memcpy-stub.o)
 .debug_info    0x00008994      0x836 /usr/lib/gcc/arm-none-eabi/14.1.0/../../../../arm-none-eabi/lib/thumb/v7-m/nofp/libc_nano.a(libc_a-assert.o)
 .debug_info    0x000091ca      0x7a0 /usr/lib/gcc/arm-none-eabi/14.1.0/../../../../arm-none-eabi/lib/thumb/v7-m/nofp/libc_nano.a(libc_a-malloc.o)
 .debug_info    0x0000996a      0x9bc /usr/lib/gcc/arm-none-eabi/14.1.0/../../../../arm-none-eabi/lib/thumb/v7-m/nofp/libc_nano.a(libc_a-mallocr.o)
 .debug_info    0x0000a326      0x76b /usr/lib/gcc/arm-none-eabi/14.1.0/../../../../arm-none-eabi/lib/thumb/v7-m/nofp/libc_nano.a(libc_a-mlock.o)
 .debug_info    0x0000aa91     0x10b3 /usr/lib/gcc/arm-none-eabi/14.1.0/../../../../arm-none-eabi/lib/thumb/v7-m/nofp/libc_nano.a(libc_a-nano-svfprintf.o)
 .debug_info    0x0000bb44      0xde2 /usr/lib/gcc/arm-none-eabi/14.1.0/../../../../arm-none-eabi/lib/thumb/v7-m/nofp/libc_nano.a(libc_a-nano-vfprintf_i.o)
 .debug_info    0x0000c926      0x867 /usr/lib/gcc/arm-none-eabi/14.1.0/../../../../arm-none-eabi/lib/thumb/v7-m/nofp/libc_nano.a(libc_a-fprintf.o)
 .debug_info    0x0000d18d      0x10f /usr/lib/gcc/arm-none-eabi/14.1.0/../../../../arm-none-eabi/lib/thumb/v7-m/nofp/libc_nano.a(libc_a-memmove.o)
 .debug_info    0x0000d29c      0x782 /usr/lib/gcc/arm-none-eabi/14.1.0/../../../../arm-none-eabi/lib/thumb/v7-m/nofp/libc_nano.a(libc_a-sbrkr.o)
 .debug_info    0x0000da1e      0x218 /usr/lib/gcc/arm-none-eabi/14.1.0/../../../../arm-none-eabi/lib/thumb/v7-m/nofp/libc_nano.a(libc_a-lock.o)
 .debug_info    0x0000dc36      0x110 /usr/lib/gcc/arm-none-eabi/14.1.0/../../../../arm-none-eabi/lib/thumb/v7-m/nofp/libc_nano.a(libc_a-memchr-stub.o)
 .debug_info    0x0000dd46       0xd8 /usr/lib/gcc/arm-none-eabi/14.1.0/../../../../arm-none-eabi/lib/thumb/v7-m/nofp/libc_nano.a(libc_a-abort.o)
 .debug_info    0x0000de1e      0x851 /usr/lib/gcc/arm-none-eabi/14.1.0/../../../../arm-none-eabi/lib/thumb/v7-m/nofp/libc_nano.a(libc_a-freer.o)
 .debug_info    0x0000e66f      0x8cd /usr/lib/gcc/arm-none-eabi/14.1.0/../../../../arm-none-eabi/lib/thumb/v7-m/nofp/libc_nano.a(libc_a-reallocr.o)
 .debug_info    0x0000ef3c     0x1094 /usr/lib/gcc/arm-none-eabi/14.1.0/../../../../arm-none-eabi/lib/thumb/v7-m/nofp/libc_nano.a(libc_a-nano-vfprintf.o)
 .debug_info    0x0000ffd0      0xfb2 /usr/lib/gcc/arm-none-eabi/14.1.0/../../../../arm-none-eabi/lib/thumb/v7-m/nofp/libc_nano.a(libc_a-findfp.o)
 .debug_info    0x00010f82      0x7d2 /usr/lib/gcc/arm-none-eabi/14.1.0/../../../../arm-none-eabi/lib/thumb/v7-m/nofp/libc_nano.a(libc_a-fwalk.o)
 .debug_info    0x00011754      0xa90 /usr/lib/gcc/arm-none-eabi/14.1.0/../../../../arm-none-eabi/lib/thumb/v7-m/nofp/libc_nano.a(libc_a-stdio.o)
 .debug_info    0x000121e4      0x874 /usr/lib/gcc/arm-none-eabi/14.1.0/../../../../arm-none-eabi/lib/thumb/v7-m/nofp/libc_nano.a(libc_a-wbuf.o)
 .debug_info    0x00012a58      0x7bb /usr/lib/gcc/arm-none-eabi/14.1.0/../../../../arm-none-eabi/lib/thumb/v7-m/nofp/libc_nano.a(libc_a-wsetup.o)
 .debug_info    0x00013213      0xa13 /usr/lib/gcc/arm-none-eabi/14.1.0/../../../../arm-none-eabi/lib/thumb/v7-m/nofp/libc_nano.a(libc_a-signal.o)
 .debug_info    0x00013c26      0x75c /usr/lib/gcc/arm-none-eabi/14.1.0/../../../../arm-none-eabi/lib/thumb/v7-m/nofp/libc_nano.a(libc_a-closer.o)
 .debug_info    0x00014382      0x8a1 /usr/lib/gcc/arm-none-eabi/14.1.0/../../../../arm-none-eabi/lib/thumb/v7-m/nofp/libc_nano.a(libc_a-reent.o)
 .debug_info    0x00014c23      0x7a8 /usr/lib/gcc/arm-none-eabi/14.1.0/../../../../arm-none-eabi/lib/thumb/v7-m/nofp/libc_nano.a(libc_a-lseekr.o)
 .debug_info    0x000153cb      0x7bf /usr/lib/gcc/arm-none-eabi/14.1.0/../../../../arm-none-eabi/lib/thumb/v7-m/nofp/libc_nano.a(libc_a-readr.o)
 .debug_info    0x00015b8a      0x7e9 /usr/lib/gcc/arm-none-eabi/14.1.0/../../../../arm-none-eabi/lib/thumb/v7-m/nofp/libc_nano.a(libc_a-signalr.o)
 .debug_info    0x00016373      0x7c5 /usr/lib/gcc/arm-none-eabi/14.1.0/../../../../arm-none-eabi/lib/thumb/v7-m/nofp/libc_nano.a(libc_a-writer.o)
 .debug_info    0x00016b38      0x794 /usr/lib/gcc/arm-none-eabi/14.1.0/../../../../arm-none-eabi/lib/thumb/v7-m/nofp/libc_nano.a(libc_a-msizer.o)
 .debug_info    0x000172cc      0x9ef /usr/lib/gcc/arm-none-eabi/14.1.0/../../../../arm-none-eabi/lib/thumb/v7-m/nofp/libc_nano.a(libc_a-fflush.o)
 .debug_info    0x00017cbb      0xb15 /usr/lib/gcc/arm-none-eabi/14.1.0/../../../../arm-none-eabi/lib/thumb/v7-m/nofp/libc_nano.a(libc_a-makebuf.o)
 .debug_info    0x000187d0      0x981 /usr/lib/gcc/arm-none-eabi/14.1.0/../../../../arm-none-eabi/lib/thumb/v7-m/nofp/libc_nano.a(libc_a-fstatr.o)
 .debug_info    0x00019151      0x75c /usr/lib/gcc/arm-none-eabi/14.1.0/../../../../arm-none-eabi/lib/thumb/v7-m/nofp/libc_nano.a(libc_a-isattyr.o)
 .debug_info    0x000198ad       0xde /usr/lib/gcc/arm-none-eabi/14.1.0/../../../../arm-none-eabi/lib/thumb/v7-m/nofp/libnosys.a(close.o)
 .debug_info    0x0001998b      0x2f7 /usr/lib/gcc/arm-none-eabi/14.1.0/../../../../arm-none-eabi/lib/thumb/v7-m/nofp/libnosys.a(fstat.o)
 .debug_info    0x00019c82       0xc9 /usr/lib/gcc/arm-none-eabi/14.1.0/../../../../arm-none-eabi/lib/thumb/v7-m/nofp/libnosys.a(getpid.o)
 .debug_info    0x00019d4b       0xde /usr/lib/gcc/arm-none-eabi/14.1.0/../../../../arm-none-eabi/lib/thumb/v7-m/nofp/libnosys.a(isatty.o)
 .debug_info    0x00019e29       0xec /usr/lib/gcc/arm-none-eabi/14.1.0/../../../../arm-none-eabi/lib/thumb/v7-m/nofp/libnosys.a(kill.o)
 .debug_info    0x00019f15      0x100 /usr/lib/gcc/arm-none-eabi/14.1.0/../../../../arm-none-eabi/lib/thumb/v7-m/nofp/libnosys.a(lseek.o)
 .debug_info    0x0001a015      0x106 /usr/lib/gcc/arm-none-eabi/14.1.0/../../../../arm-none-eabi/lib/thumb/v7-m/nofp/libnosys.a(read.o)
 .debug_info    0x0001a11b       0xac /usr/lib/gcc/arm-none-eabi/14.1.0/../../../../arm-none-eabi/lib/thumb/v7-m/nofp/libnosys.a(sbrk.o)
 .debug_info    0x0001a1c7      0x106 /usr/lib/gcc/arm-none-eabi/14.1.0/../../../../arm-none-eabi/lib/thumb/v7-m/nofp/libnosys.a(write.o)
 .debug_info    0x0001a2cd       0xa4 /usr/lib/gcc/arm-none-eabi/14.1.0/../../../../arm-none-eabi/lib/thumb/v7-m/nofp/libnosys.a(_exit.o)

.debug_abbrev   0x00000000     0x61e1
 .debug_abbrev  0x00000000      0x105 ./build/list.o
 .debug_abbrev  0x00000105      0x4ff ./build/tasks.o
 .debug_abbrev  0x00000604      0x464 ./build/queue.o
 .debug_abbrev  0x00000a68      0x2d2 ./build/heap_4.o
 .debug_abbrev  0x00000d3a      0x2a7 ./build/port.o
 .debug_abbrev  0x00000fe1      0x1e3 ./build/main.o
 .debug_abbrev  0x000011c4       0x93 ./build/uart.o
 .debug_abbrev  0x00001257      0x165 ./build/startup.o
 .debug_abbrev  0x000013bc       0x14 /usr/lib/gcc/arm-none-eabi/14.1.0/thumb/v7-m/nofp/libgcc.a(_aeabi_uldivmod.o)
 .debug_abbrev  0x000013d0      0x16a /usr/lib/gcc/arm-none-eabi/14.1.0/thumb/v7-m/nofp/libgcc.a(_udivmoddi4.o)
 .debug_abbrev  0x0000153a       0x26 /usr/lib/gcc/arm-none-eabi/14.1.0/thumb/v7-m/nofp/libgcc.a(_dvmd_tls.o)
 .debug_abbrev  0x00001560      0x219 /usr/lib/gcc/arm-none-eabi/14.1.0/../../../../arm-none-eabi/lib/thumb/v7-m/nofp/libc_nano.a(libc_a-rand.o)
 .debug_abbrev  0x00001779      0x21c /usr/lib/gcc/arm-none-eabi/14.1.0/../../../../arm-none-eabi/lib/thumb/v7-m/nofp/libc_nano.a(libc_a-sprintf.o)
 .debug_abbrev  0x00001995       0x9e /usr/lib/gcc/arm-none-eabi/14.1.0/../../../../arm-none-eabi/lib/thumb/v7-m/nofp/libc_nano.a(libc_a-memset.o)
 .debug_abbrev  0x00001a33      0x149 /usr/lib/gcc/arm-none-eabi/14.1.0/../../../../arm-none-eabi/lib/thumb/v7-m/nofp/libc_nano.a(libc_a-impure.o)
 .debug_abbrev  0x00001b7c       0xc1 /usr/lib/gcc/arm-none-eabi/14.1.0/../../../../arm-none-eabi/lib/thumb/v7-m/nofp/libc_nano.a(libc_a-memcpy-stub.o)
 .debug_abbrev  0x00001c3d      0x1ea /usr/lib/gcc/arm-none-eabi/14.1.0/../../../../arm-none-eabi/lib/thumb/v7-m/nofp/libc_nano.a(libc_a-assert.o)
 .debug_abbrev  0x00001e27      0x1cf /usr/lib/gcc/arm-none-eabi/14.1.0/../../../../arm-none-eabi/lib/thumb/v7-m/nofp/libc_nano.a(libc_a-malloc.o)
 .debug_abbrev  0x00001ff6      0x24a /usr/lib/gcc/arm-none-eabi/14.1.0/../../../../arm-none-eabi/lib/thumb/v7-m/nofp/libc_nano.a(libc_a-mallocr.o)
 .debug_abbrev  0x00002240      0x1bf /usr/lib/gcc/arm-none-eabi/14.1.0/../../../../arm-none-eabi/lib/thumb/v7-m/nofp/libc_nano.a(libc_a-mlock.o)
 .debug_abbrev  0x000023ff      0x31e /usr/lib/gcc/arm-none-eabi/14.1.0/../../../../arm-none-eabi/lib/thumb/v7-m/nofp/libc_nano.a(libc_a-nano-svfprintf.o)
 .debug_abbrev  0x0000271d      0x28e /usr/lib/gcc/arm-none-eabi/14.1.0/../../../../arm-none-eabi/lib/thumb/v7-m/nofp/libc_nano.a(libc_a-nano-vfprintf_i.o)
 .debug_abbrev  0x000029ab      0x21d /usr/lib/gcc/arm-none-eabi/14.1.0/../../../../arm-none-eabi/lib/thumb/v7-m/nofp/libc_nano.a(libc_a-fprintf.o)
 .debug_abbrev  0x00002bc8       0xac /usr/lib/gcc/arm-none-eabi/14.1.0/../../../../arm-none-eabi/lib/thumb/v7-m/nofp/libc_nano.a(libc_a-memmove.o)
 .debug_abbrev  0x00002c74      0x1da /usr/lib/gcc/arm-none-eabi/14.1.0/../../../../arm-none-eabi/lib/thumb/v7-m/nofp/libc_nano.a(libc_a-sbrkr.o)
 .debug_abbrev  0x00002e4e      0x115 /usr/lib/gcc/arm-none-eabi/14.1.0/../../../../arm-none-eabi/lib/thumb/v7-m/nofp/libc_nano.a(libc_a-lock.o)
 .debug_abbrev  0x00002f63       0xb1 /usr/lib/gcc/arm-none-eabi/14.1.0/../../../../arm-none-eabi/lib/thumb/v7-m/nofp/libc_nano.a(libc_a-memchr-stub.o)
 .debug_abbrev  0x00003014       0x99 /usr/lib/gcc/arm-none-eabi/14.1.0/../../../../arm-none-eabi/lib/thumb/v7-m/nofp/libc_nano.a(libc_a-abort.o)
 .debug_abbrev  0x000030ad      0x236 /usr/lib/gcc/arm-none-eabi/14.1.0/../../../../arm-none-eabi/lib/thumb/v7-m/nofp/libc_nano.a(libc_a-freer.o)
 .debug_abbrev  0x000032e3      0x217 /usr/lib/gcc/arm-none-eabi/14.1.0/../../../../arm-none-eabi/lib/thumb/v7-m/nofp/libc_nano.a(libc_a-reallocr.o)
 .debug_abbrev  0x000034fa      0x316 /usr/lib/gcc/arm-none-eabi/14.1.0/../../../../arm-none-eabi/lib/thumb/v7-m/nofp/libc_nano.a(libc_a-nano-vfprintf.o)
 .debug_abbrev  0x00003810      0x424 /usr/lib/gcc/arm-none-eabi/14.1.0/../../../../arm-none-eabi/lib/thumb/v7-m/nofp/libc_nano.a(libc_a-findfp.o)
 .debug_abbrev  0x00003c34      0x19b /usr/lib/gcc/arm-none-eabi/14.1.0/../../../../arm-none-eabi/lib/thumb/v7-m/nofp/libc_nano.a(libc_a-fwalk.o)
 .debug_abbrev  0x00003dcf      0x221 /usr/lib/gcc/arm-none-eabi/14.1.0/../../../../arm-none-eabi/lib/thumb/v7-m/nofp/libc_nano.a(libc_a-stdio.o)
 .debug_abbrev  0x00003ff0      0x22d /usr/lib/gcc/arm-none-eabi/14.1.0/../../../../arm-none-eabi/lib/thumb/v7-m/nofp/libc_nano.a(libc_a-wbuf.o)
 .debug_abbrev  0x0000421d      0x1e2 /usr/lib/gcc/arm-none-eabi/14.1.0/../../../../arm-none-eabi/lib/thumb/v7-m/nofp/libc_nano.a(libc_a-wsetup.o)
 .debug_abbrev  0x000043ff      0x24e /usr/lib/gcc/arm-none-eabi/14.1.0/../../../../arm-none-eabi/lib/thumb/v7-m/nofp/libc_nano.a(libc_a-signal.o)
 .debug_abbrev  0x0000464d      0x1b0 /usr/lib/gcc/arm-none-eabi/14.1.0/../../../../arm-none-eabi/lib/thumb/v7-m/nofp/libc_nano.a(libc_a-closer.o)
 .debug_abbrev  0x000047fd      0x1f7 /usr/lib/gcc/arm-none-eabi/14.1.0/../../../../arm-none-eabi/lib/thumb/v7-m/nofp/libc_nano.a(libc_a-reent.o)
 .debug_abbrev  0x000049f4      0x1c4 /usr/lib/gcc/arm-none-eabi/14.1.0/../../../../arm-none-eabi/lib/thumb/v7-m/nofp/libc_nano.a(libc_a-lseekr.o)
 .debug_abbrev  0x00004bb8      0x1b0 /usr/lib/gcc/arm-none-eabi/14.1.0/../../../../arm-none-eabi/lib/thumb/v7-m/nofp/libc_nano.a(libc_a-readr.o)
 .debug_abbrev  0x00004d68      0x1fd /usr/lib/gcc/arm-none-eabi/14.1.0/../../../../arm-none-eabi/lib/thumb/v7-m/nofp/libc_nano.a(libc_a-signalr.o)
 .debug_abbrev  0x00004f65      0x1b5 /usr/lib/gcc/arm-none-eabi/14.1.0/../../../../arm-none-eabi/lib/thumb/v7-m/nofp/libc_nano.a(libc_a-writer.o)
 .debug_abbrev  0x0000511a      0x196 /usr/lib/gcc/arm-none-eabi/14.1.0/../../../../arm-none-eabi/lib/thumb/v7-m/nofp/libc_nano.a(libc_a-msizer.o)
 .debug_abbrev  0x000052b0      0x2a8 /usr/lib/gcc/arm-none-eabi/14.1.0/../../../../arm-none-eabi/lib/thumb/v7-m/nofp/libc_nano.a(libc_a-fflush.o)
 .debug_abbrev  0x00005558      0x290 /usr/lib/gcc/arm-none-eabi/14.1.0/../../../../arm-none-eabi/lib/thumb/v7-m/nofp/libc_nano.a(libc_a-makebuf.o)
 .debug_abbrev  0x000057e8      0x1c3 /usr/lib/gcc/arm-none-eabi/14.1.0/../../../../arm-none-eabi/lib/thumb/v7-m/nofp/libc_nano.a(libc_a-fstatr.o)
 .debug_abbrev  0x000059ab      0x1b0 /usr/lib/gcc/arm-none-eabi/14.1.0/../../../../arm-none-eabi/lib/thumb/v7-m/nofp/libc_nano.a(libc_a-isattyr.o)
 .debug_abbrev  0x00005b5b       0x96 /usr/lib/gcc/arm-none-eabi/14.1.0/../../../../arm-none-eabi/lib/thumb/v7-m/nofp/libnosys.a(close.o)
 .debug_abbrev  0x00005bf1       0xe4 /usr/lib/gcc/arm-none-eabi/14.1.0/../../../../arm-none-eabi/lib/thumb/v7-m/nofp/libnosys.a(fstat.o)
 .debug_abbrev  0x00005cd5       0x82 /usr/lib/gcc/arm-none-eabi/14.1.0/../../../../arm-none-eabi/lib/thumb/v7-m/nofp/libnosys.a(getpid.o)
 .debug_abbrev  0x00005d57       0x96 /usr/lib/gcc/arm-none-eabi/14.1.0/../../../../arm-none-eabi/lib/thumb/v7-m/nofp/libnosys.a(isatty.o)
 .debug_abbrev  0x00005ded       0xa7 /usr/lib/gcc/arm-none-eabi/14.1.0/../../../../arm-none-eabi/lib/thumb/v7-m/nofp/libnosys.a(kill.o)
 .debug_abbrev  0x00005e94       0xbb /usr/lib/gcc/arm-none-eabi/14.1.0/../../../../arm-none-eabi/lib/thumb/v7-m/nofp/libnosys.a(lseek.o)
 .debug_abbrev  0x00005f4f       0xc4 /usr/lib/gcc/arm-none-eabi/14.1.0/../../../../arm-none-eabi/lib/thumb/v7-m/nofp/libnosys.a(read.o)
 .debug_abbrev  0x00006013       0xa1 /usr/lib/gcc/arm-none-eabi/14.1.0/../../../../arm-none-eabi/lib/thumb/v7-m/nofp/libnosys.a(sbrk.o)
 .debug_abbrev  0x000060b4       0xc4 /usr/lib/gcc/arm-none-eabi/14.1.0/../../../../arm-none-eabi/lib/thumb/v7-m/nofp/libnosys.a(write.o)
 .debug_abbrev  0x00006178       0x69 /usr/lib/gcc/arm-none-eabi/14.1.0/../../../../arm-none-eabi/lib/thumb/v7-m/nofp/libnosys.a(_exit.o)

.debug_loclists
                0x00000000     0x6740
 .debug_loclists
                0x00000000       0x77 ./build/list.o
 .debug_loclists
                0x00000077     0x1b23 ./build/tasks.o
 .debug_loclists
                0x00001b9a     0x101f ./build/queue.o
 .debug_loclists
                0x00002bb9      0x370 ./build/heap_4.o
 .debug_loclists
                0x00002f29       0xb1 ./build/port.o
 .debug_loclists
                0x00002fda       0x82 ./build/main.o
 .debug_loclists
                0x0000305c       0x29 ./build/uart.o
 .debug_loclists
                0x00003085       0x29 ./build/startup.o
 .debug_loclists
                0x000030ae      0xac3 /usr/lib/gcc/arm-none-eabi/14.1.0/thumb/v7-m/nofp/libgcc.a(_udivmoddi4.o)
 .debug_loclists
                0x00003b71       0x6a /usr/lib/gcc/arm-none-eabi/14.1.0/../../../../arm-none-eabi/lib/thumb/v7-m/nofp/libc_nano.a(libc_a-rand.o)
 .debug_loclists
                0x00003bdb       0x9b /usr/lib/gcc/arm-none-eabi/14.1.0/../../../../arm-none-eabi/lib/thumb/v7-m/nofp/libc_nano.a(libc_a-sprintf.o)
 .debug_loclists
                0x00003c76       0x3b /usr/lib/gcc/arm-none-eabi/14.1.0/../../../../arm-none-eabi/lib/thumb/v7-m/nofp/libc_nano.a(libc_a-memset.o)
 .debug_loclists
                0x00003cb1       0xad /usr/lib/gcc/arm-none-eabi/14.1.0/../../../../arm-none-eabi/lib/thumb/v7-m/nofp/libc_nano.a(libc_a-memcpy-stub.o)
 .debug_loclists
                0x00003d5e      0x110 /usr/lib/gcc/arm-none-eabi/14.1.0/../../../../arm-none-eabi/lib/thumb/v7-m/nofp/libc_nano.a(libc_a-assert.o)
 .debug_loclists
                0x00003e6e       0x54 /usr/lib/gcc/arm-none-eabi/14.1.0/../../../../arm-none-eabi/lib/thumb/v7-m/nofp/libc_nano.a(libc_a-malloc.o)
 .debug_loclists
                0x00003ec2      0x23a /usr/lib/gcc/arm-none-eabi/14.1.0/../../../../arm-none-eabi/lib/thumb/v7-m/nofp/libc_nano.a(libc_a-mallocr.o)
 .debug_loclists
                0x000040fc       0x46 /usr/lib/gcc/arm-none-eabi/14.1.0/../../../../arm-none-eabi/lib/thumb/v7-m/nofp/libc_nano.a(libc_a-mlock.o)
 .debug_loclists
                0x00004142      0x4c3 /usr/lib/gcc/arm-none-eabi/14.1.0/../../../../arm-none-eabi/lib/thumb/v7-m/nofp/libc_nano.a(libc_a-nano-svfprintf.o)
 .debug_loclists
                0x00004605      0x473 /usr/lib/gcc/arm-none-eabi/14.1.0/../../../../arm-none-eabi/lib/thumb/v7-m/nofp/libc_nano.a(libc_a-nano-vfprintf_i.o)
 .debug_loclists
                0x00004a78       0x80 /usr/lib/gcc/arm-none-eabi/14.1.0/../../../../arm-none-eabi/lib/thumb/v7-m/nofp/libc_nano.a(libc_a-fprintf.o)
 .debug_loclists
                0x00004af8      0x149 /usr/lib/gcc/arm-none-eabi/14.1.0/../../../../arm-none-eabi/lib/thumb/v7-m/nofp/libc_nano.a(libc_a-memmove.o)
 .debug_loclists
                0x00004c41       0x58 /usr/lib/gcc/arm-none-eabi/14.1.0/../../../../arm-none-eabi/lib/thumb/v7-m/nofp/libc_nano.a(libc_a-sbrkr.o)
 .debug_loclists
                0x00004c99       0x29 /usr/lib/gcc/arm-none-eabi/14.1.0/../../../../arm-none-eabi/lib/thumb/v7-m/nofp/libc_nano.a(libc_a-lock.o)
 .debug_loclists
                0x00004cc2       0xf7 /usr/lib/gcc/arm-none-eabi/14.1.0/../../../../arm-none-eabi/lib/thumb/v7-m/nofp/libc_nano.a(libc_a-memchr-stub.o)
 .debug_loclists
                0x00004db9       0xe0 /usr/lib/gcc/arm-none-eabi/14.1.0/../../../../arm-none-eabi/lib/thumb/v7-m/nofp/libc_nano.a(libc_a-freer.o)
 .debug_loclists
                0x00004e99      0x13e /usr/lib/gcc/arm-none-eabi/14.1.0/../../../../arm-none-eabi/lib/thumb/v7-m/nofp/libc_nano.a(libc_a-reallocr.o)
 .debug_loclists
                0x00004fd7      0x428 /usr/lib/gcc/arm-none-eabi/14.1.0/../../../../arm-none-eabi/lib/thumb/v7-m/nofp/libc_nano.a(libc_a-nano-vfprintf.o)
 .debug_loclists
                0x000053ff      0x2b6 /usr/lib/gcc/arm-none-eabi/14.1.0/../../../../arm-none-eabi/lib/thumb/v7-m/nofp/libc_nano.a(libc_a-findfp.o)
 .debug_loclists
                0x000056b5       0x91 /usr/lib/gcc/arm-none-eabi/14.1.0/../../../../arm-none-eabi/lib/thumb/v7-m/nofp/libc_nano.a(libc_a-fwalk.o)
 .debug_loclists
                0x00005746      0x25d /usr/lib/gcc/arm-none-eabi/14.1.0/../../../../arm-none-eabi/lib/thumb/v7-m/nofp/libc_nano.a(libc_a-stdio.o)
 .debug_loclists
                0x000059a3       0xf5 /usr/lib/gcc/arm-none-eabi/14.1.0/../../../../arm-none-eabi/lib/thumb/v7-m/nofp/libc_nano.a(libc_a-wbuf.o)
 .debug_loclists
                0x00005a98       0x41 /usr/lib/gcc/arm-none-eabi/14.1.0/../../../../arm-none-eabi/lib/thumb/v7-m/nofp/libc_nano.a(libc_a-wsetup.o)
 .debug_loclists
                0x00005ad9      0x2b1 /usr/lib/gcc/arm-none-eabi/14.1.0/../../../../arm-none-eabi/lib/thumb/v7-m/nofp/libc_nano.a(libc_a-signal.o)
 .debug_loclists
                0x00005d8a       0x58 /usr/lib/gcc/arm-none-eabi/14.1.0/../../../../arm-none-eabi/lib/thumb/v7-m/nofp/libc_nano.a(libc_a-closer.o)
 .debug_loclists
                0x00005de2       0x9c /usr/lib/gcc/arm-none-eabi/14.1.0/../../../../arm-none-eabi/lib/thumb/v7-m/nofp/libc_nano.a(libc_a-reent.o)
 .debug_loclists
                0x00005e7e       0xa0 /usr/lib/gcc/arm-none-eabi/14.1.0/../../../../arm-none-eabi/lib/thumb/v7-m/nofp/libc_nano.a(libc_a-lseekr.o)
 .debug_loclists
                0x00005f1e       0xa0 /usr/lib/gcc/arm-none-eabi/14.1.0/../../../../arm-none-eabi/lib/thumb/v7-m/nofp/libc_nano.a(libc_a-readr.o)
 .debug_loclists
                0x00005fbe       0x99 /usr/lib/gcc/arm-none-eabi/14.1.0/../../../../arm-none-eabi/lib/thumb/v7-m/nofp/libc_nano.a(libc_a-signalr.o)
 .debug_loclists
                0x00006057       0xa0 /usr/lib/gcc/arm-none-eabi/14.1.0/../../../../arm-none-eabi/lib/thumb/v7-m/nofp/libc_nano.a(libc_a-writer.o)
 .debug_loclists
                0x000060f7       0x68 /usr/lib/gcc/arm-none-eabi/14.1.0/../../../../arm-none-eabi/lib/thumb/v7-m/nofp/libc_nano.a(libc_a-msizer.o)
 .debug_loclists
                0x0000615f      0x209 /usr/lib/gcc/arm-none-eabi/14.1.0/../../../../arm-none-eabi/lib/thumb/v7-m/nofp/libc_nano.a(libc_a-fflush.o)
 .debug_loclists
                0x00006368      0x13f /usr/lib/gcc/arm-none-eabi/14.1.0/../../../../arm-none-eabi/lib/thumb/v7-m/nofp/libc_nano.a(libc_a-makebuf.o)
 .debug_loclists
                0x000064a7       0x7c /usr/lib/gcc/arm-none-eabi/14.1.0/../../../../arm-none-eabi/lib/thumb/v7-m/nofp/libc_nano.a(libc_a-fstatr.o)
 .debug_loclists
                0x00006523       0x58 /usr/lib/gcc/arm-none-eabi/14.1.0/../../../../arm-none-eabi/lib/thumb/v7-m/nofp/libc_nano.a(libc_a-isattyr.o)
 .debug_loclists
                0x0000657b       0x29 /usr/lib/gcc/arm-none-eabi/14.1.0/../../../../arm-none-eabi/lib/thumb/v7-m/nofp/libnosys.a(close.o)
 .debug_loclists
                0x000065a4       0x29 /usr/lib/gcc/arm-none-eabi/14.1.0/../../../../arm-none-eabi/lib/thumb/v7-m/nofp/libnosys.a(fstat.o)
 .debug_loclists
                0x000065cd       0x29 /usr/lib/gcc/arm-none-eabi/14.1.0/../../../../arm-none-eabi/lib/thumb/v7-m/nofp/libnosys.a(isatty.o)
 .debug_loclists
                0x000065f6       0x29 /usr/lib/gcc/arm-none-eabi/14.1.0/../../../../arm-none-eabi/lib/thumb/v7-m/nofp/libnosys.a(kill.o)
 .debug_loclists
                0x0000661f       0x46 /usr/lib/gcc/arm-none-eabi/14.1.0/../../../../arm-none-eabi/lib/thumb/v7-m/nofp/libnosys.a(lseek.o)
 .debug_loclists
                0x00006665       0x46 /usr/lib/gcc/arm-none-eabi/14.1.0/../../../../arm-none-eabi/lib/thumb/v7-m/nofp/libnosys.a(read.o)
 .debug_loclists
                0x000066ab       0x38 /usr/lib/gcc/arm-none-eabi/14.1.0/../../../../arm-none-eabi/lib/thumb/v7-m/nofp/libnosys.a(sbrk.o)
 .debug_loclists
                0x000066e3       0x46 /usr/lib/gcc/arm-none-eabi/14.1.0/../../../../arm-none-eabi/lib/thumb/v7-m/nofp/libnosys.a(write.o)
 .debug_loclists
                0x00006729       0x17 /usr/lib/gcc/arm-none-eabi/14.1.0/../../../../arm-none-eabi/lib/thumb/v7-m/nofp/libnosys.a(_exit.o)

.debug_aranges  0x00000000      0xca0
 .debug_aranges
                0x00000000       0x40 ./build/list.o
 .debug_aranges
                0x00000040      0x1f0 ./build/tasks.o
 .debug_aranges
                0x00000230      0x140 ./build/queue.o
 .debug_aranges
                0x00000370       0x60 ./build/heap_4.o
 .debug_aranges
                0x000003d0       0x78 ./build/port.o
 .debug_aranges
                0x00000448       0x30 ./build/main.o
 .debug_aranges
                0x00000478       0x28 ./build/uart.o
 .debug_aranges
                0x000004a0       0x38 ./build/startup.o
 .debug_aranges
                0x000004d8       0x20 /usr/lib/gcc/arm-none-eabi/14.1.0/thumb/v7-m/nofp/libgcc.a(_aeabi_uldivmod.o)
 .debug_aranges
                0x000004f8       0x20 /usr/lib/gcc/arm-none-eabi/14.1.0/thumb/v7-m/nofp/libgcc.a(_udivmoddi4.o)
 .debug_aranges
                0x00000518       0x20 /usr/lib/gcc/arm-none-eabi/14.1.0/thumb/v7-m/nofp/libgcc.a(_dvmd_tls.o)
 .debug_aranges
                0x00000538       0x28 /usr/lib/gcc/arm-none-eabi/14.1.0/../../../../arm-none-eabi/lib/thumb/v7-m/nofp/libc_nano.a(libc_a-rand.o)
 .debug_aranges
                0x00000560       0x28 /usr/lib/gcc/arm-none-eabi/14.1.0/../../../../arm-none-eabi/lib/thumb/v7-m/nofp/libc_nano.a(libc_a-sprintf.o)
 .debug_aranges
                0x00000588       0x20 /usr/lib/gcc/arm-none-eabi/14.1.0/../../../../arm-none-eabi/lib/thumb/v7-m/nofp/libc_nano.a(libc_a-memset.o)
 .debug_aranges
                0x000005a8       0x18 /usr/lib/gcc/arm-none-eabi/14.1.0/../../../../arm-none-eabi/lib/thumb/v7-m/nofp/libc_nano.a(libc_a-impure.o)
 .debug_aranges
                0x000005c0       0x20 /usr/lib/gcc/arm-none-eabi/14.1.0/../../../../arm-none-eabi/lib/thumb/v7-m/nofp/libc_nano.a(libc_a-memcpy-stub.o)
 .debug_aranges
                0x000005e0       0x28 /usr/lib/gcc/arm-none-eabi/14.1.0/../../../../arm-none-eabi/lib/thumb/v7-m/nofp/libc_nano.a(libc_a-assert.o)
 .debug_aranges
                0x00000608       0x28 /usr/lib/gcc/arm-none-eabi/14.1.0/../../../../arm-none-eabi/lib/thumb/v7-m/nofp/libc_nano.a(libc_a-malloc.o)
 .debug_aranges
                0x00000630       0x28 /usr/lib/gcc/arm-none-eabi/14.1.0/../../../../arm-none-eabi/lib/thumb/v7-m/nofp/libc_nano.a(libc_a-mallocr.o)
 .debug_aranges
                0x00000658       0x28 /usr/lib/gcc/arm-none-eabi/14.1.0/../../../../arm-none-eabi/lib/thumb/v7-m/nofp/libc_nano.a(libc_a-mlock.o)
 .debug_aranges
                0x00000680       0x30 /usr/lib/gcc/arm-none-eabi/14.1.0/../../../../arm-none-eabi/lib/thumb/v7-m/nofp/libc_nano.a(libc_a-nano-svfprintf.o)
 .debug_aranges
                0x000006b0       0x28 /usr/lib/gcc/arm-none-eabi/14.1.0/../../../../arm-none-eabi/lib/thumb/v7-m/nofp/libc_nano.a(libc_a-nano-vfprintf_i.o)
 .debug_aranges
                0x000006d8       0x28 /usr/lib/gcc/arm-none-eabi/14.1.0/../../../../arm-none-eabi/lib/thumb/v7-m/nofp/libc_nano.a(libc_a-fprintf.o)
 .debug_aranges
                0x00000700       0x20 /usr/lib/gcc/arm-none-eabi/14.1.0/../../../../arm-none-eabi/lib/thumb/v7-m/nofp/libc_nano.a(libc_a-memmove.o)
 .debug_aranges
                0x00000720       0x20 /usr/lib/gcc/arm-none-eabi/14.1.0/../../../../arm-none-eabi/lib/thumb/v7-m/nofp/libc_nano.a(libc_a-sbrkr.o)
 .debug_aranges
                0x00000740       0x68 /usr/lib/gcc/arm-none-eabi/14.1.0/../../../../arm-none-eabi/lib/thumb/v7-m/nofp/libc_nano.a(libc_a-lock.o)
 .debug_aranges
                0x000007a8       0x20 /usr/lib/gcc/arm-none-eabi/14.1.0/../../../../arm-none-eabi/lib/thumb/v7-m/nofp/libc_nano.a(libc_a-memchr-stub.o)
 .debug_aranges
                0x000007c8       0x20 /usr/lib/gcc/arm-none-eabi/14.1.0/../../../../arm-none-eabi/lib/thumb/v7-m/nofp/libc_nano.a(libc_a-abort.o)
 .debug_aranges
                0x000007e8       0x20 /usr/lib/gcc/arm-none-eabi/14.1.0/../../../../arm-none-eabi/lib/thumb/v7-m/nofp/libc_nano.a(libc_a-freer.o)
 .debug_aranges
                0x00000808       0x20 /usr/lib/gcc/arm-none-eabi/14.1.0/../../../../arm-none-eabi/lib/thumb/v7-m/nofp/libc_nano.a(libc_a-reallocr.o)
 .debug_aranges
                0x00000828       0x40 /usr/lib/gcc/arm-none-eabi/14.1.0/../../../../arm-none-eabi/lib/thumb/v7-m/nofp/libc_nano.a(libc_a-nano-vfprintf.o)
 .debug_aranges
                0x00000868       0x78 /usr/lib/gcc/arm-none-eabi/14.1.0/../../../../arm-none-eabi/lib/thumb/v7-m/nofp/libc_nano.a(libc_a-findfp.o)
 .debug_aranges
                0x000008e0       0x20 /usr/lib/gcc/arm-none-eabi/14.1.0/../../../../arm-none-eabi/lib/thumb/v7-m/nofp/libc_nano.a(libc_a-fwalk.o)
 .debug_aranges
                0x00000900       0x40 /usr/lib/gcc/arm-none-eabi/14.1.0/../../../../arm-none-eabi/lib/thumb/v7-m/nofp/libc_nano.a(libc_a-stdio.o)
 .debug_aranges
                0x00000940       0x28 /usr/lib/gcc/arm-none-eabi/14.1.0/../../../../arm-none-eabi/lib/thumb/v7-m/nofp/libc_nano.a(libc_a-wbuf.o)
 .debug_aranges
                0x00000968       0x20 /usr/lib/gcc/arm-none-eabi/14.1.0/../../../../arm-none-eabi/lib/thumb/v7-m/nofp/libc_nano.a(libc_a-wsetup.o)
 .debug_aranges
                0x00000988       0x58 /usr/lib/gcc/arm-none-eabi/14.1.0/../../../../arm-none-eabi/lib/thumb/v7-m/nofp/libc_nano.a(libc_a-signal.o)
 .debug_aranges
                0x000009e0       0x20 /usr/lib/gcc/arm-none-eabi/14.1.0/../../../../arm-none-eabi/lib/thumb/v7-m/nofp/libc_nano.a(libc_a-closer.o)
 .debug_aranges
                0x00000a00       0x20 /usr/lib/gcc/arm-none-eabi/14.1.0/../../../../arm-none-eabi/lib/thumb/v7-m/nofp/libc_nano.a(libc_a-reent.o)
 .debug_aranges
                0x00000a20       0x20 /usr/lib/gcc/arm-none-eabi/14.1.0/../../../../arm-none-eabi/lib/thumb/v7-m/nofp/libc_nano.a(libc_a-lseekr.o)
 .debug_aranges
                0x00000a40       0x20 /usr/lib/gcc/arm-none-eabi/14.1.0/../../../../arm-none-eabi/lib/thumb/v7-m/nofp/libc_nano.a(libc_a-readr.o)
 .debug_aranges
                0x00000a60       0x28 /usr/lib/gcc/arm-none-eabi/14.1.0/../../../../arm-none-eabi/lib/thumb/v7-m/nofp/libc_nano.a(libc_a-signalr.o)
 .debug_aranges
                0x00000a88       0x20 /usr/lib/gcc/arm-none-eabi/14.1.0/../../../../arm-none-eabi/lib/thumb/v7-m/nofp/libc_nano.a(libc_a-writer.o)
 .debug_aranges
                0x00000aa8       0x20 /usr/lib/gcc/arm-none-eabi/14.1.0/../../../../arm-none-eabi/lib/thumb/v7-m/nofp/libc_nano.a(libc_a-msizer.o)
 .debug_aranges
                0x00000ac8       0x30 /usr/lib/gcc/arm-none-eabi/14.1.0/../../../../arm-none-eabi/lib/thumb/v7-m/nofp/libc_nano.a(libc_a-fflush.o)
 .debug_aranges
                0x00000af8       0x28 /usr/lib/gcc/arm-none-eabi/14.1.0/../../../../arm-none-eabi/lib/thumb/v7-m/nofp/libc_nano.a(libc_a-makebuf.o)
 .debug_aranges
                0x00000b20       0x20 /usr/lib/gcc/arm-none-eabi/14.1.0/../../../../arm-none-eabi/lib/thumb/v7-m/nofp/libc_nano.a(libc_a-fstatr.o)
 .debug_aranges
                0x00000b40       0x20 /usr/lib/gcc/arm-none-eabi/14.1.0/../../../../arm-none-eabi/lib/thumb/v7-m/nofp/libc_nano.a(libc_a-isattyr.o)
 .debug_aranges
                0x00000b60       0x20 /usr/lib/gcc/arm-none-eabi/14.1.0/../../../../arm-none-eabi/lib/thumb/v7-m/nofp/libnosys.a(close.o)
 .debug_aranges
                0x00000b80       0x20 /usr/lib/gcc/arm-none-eabi/14.1.0/../../../../arm-none-eabi/lib/thumb/v7-m/nofp/libnosys.a(fstat.o)
 .debug_aranges
                0x00000ba0       0x20 /usr/lib/gcc/arm-none-eabi/14.1.0/../../../../arm-none-eabi/lib/thumb/v7-m/nofp/libnosys.a(getpid.o)
 .debug_aranges
                0x00000bc0       0x20 /usr/lib/gcc/arm-none-eabi/14.1.0/../../../../arm-none-eabi/lib/thumb/v7-m/nofp/libnosys.a(isatty.o)
 .debug_aranges
                0x00000be0       0x20 /usr/lib/gcc/arm-none-eabi/14.1.0/../../../../arm-none-eabi/lib/thumb/v7-m/nofp/libnosys.a(kill.o)
 .debug_aranges
                0x00000c00       0x20 /usr/lib/gcc/arm-none-eabi/14.1.0/../../../../arm-none-eabi/lib/thumb/v7-m/nofp/libnosys.a(lseek.o)
 .debug_aranges
                0x00000c20       0x20 /usr/lib/gcc/arm-none-eabi/14.1.0/../../../../arm-none-eabi/lib/thumb/v7-m/nofp/libnosys.a(read.o)
 .debug_aranges
                0x00000c40       0x20 /usr/lib/gcc/arm-none-eabi/14.1.0/../../../../arm-none-eabi/lib/thumb/v7-m/nofp/libnosys.a(sbrk.o)
 .debug_aranges
                0x00000c60       0x20 /usr/lib/gcc/arm-none-eabi/14.1.0/../../../../arm-none-eabi/lib/thumb/v7-m/nofp/libnosys.a(write.o)
 .debug_aranges
                0x00000c80       0x20 /usr/lib/gcc/arm-none-eabi/14.1.0/../../../../arm-none-eabi/lib/thumb/v7-m/nofp/libnosys.a(_exit.o)

.debug_rnglists
                0x00000000      0xc80
 .debug_rnglists
                0x00000000       0x2b ./build/list.o
 .debug_rnglists
                0x0000002b      0x306 ./build/tasks.o
 .debug_rnglists
                0x00000331      0x1cc ./build/queue.o
 .debug_rnglists
                0x000004fd       0x52 ./build/heap_4.o
 .debug_rnglists
                0x0000054f       0x6e ./build/port.o
 .debug_rnglists
                0x000005bd       0x43 ./build/main.o
 .debug_rnglists
                0x00000600       0x19 ./build/uart.o
 .debug_rnglists
                0x00000619       0x25 ./build/startup.o
 .debug_rnglists
                0x0000063e       0x93 /usr/lib/gcc/arm-none-eabi/14.1.0/thumb/v7-m/nofp/libgcc.a(_udivmoddi4.o)
 .debug_rnglists
                0x000006d1       0x19 /usr/lib/gcc/arm-none-eabi/14.1.0/../../../../arm-none-eabi/lib/thumb/v7-m/nofp/libc_nano.a(libc_a-rand.o)
 .debug_rnglists
                0x000006ea       0x19 /usr/lib/gcc/arm-none-eabi/14.1.0/../../../../arm-none-eabi/lib/thumb/v7-m/nofp/libc_nano.a(libc_a-sprintf.o)
 .debug_rnglists
                0x00000703       0x13 /usr/lib/gcc/arm-none-eabi/14.1.0/../../../../arm-none-eabi/lib/thumb/v7-m/nofp/libc_nano.a(libc_a-memset.o)
 .debug_rnglists
                0x00000716       0x13 /usr/lib/gcc/arm-none-eabi/14.1.0/../../../../arm-none-eabi/lib/thumb/v7-m/nofp/libc_nano.a(libc_a-memcpy-stub.o)
 .debug_rnglists
                0x00000729       0x19 /usr/lib/gcc/arm-none-eabi/14.1.0/../../../../arm-none-eabi/lib/thumb/v7-m/nofp/libc_nano.a(libc_a-assert.o)
 .debug_rnglists
                0x00000742       0x19 /usr/lib/gcc/arm-none-eabi/14.1.0/../../../../arm-none-eabi/lib/thumb/v7-m/nofp/libc_nano.a(libc_a-malloc.o)
 .debug_rnglists
                0x0000075b       0x2c /usr/lib/gcc/arm-none-eabi/14.1.0/../../../../arm-none-eabi/lib/thumb/v7-m/nofp/libc_nano.a(libc_a-mallocr.o)
 .debug_rnglists
                0x00000787       0x19 /usr/lib/gcc/arm-none-eabi/14.1.0/../../../../arm-none-eabi/lib/thumb/v7-m/nofp/libc_nano.a(libc_a-mlock.o)
 .debug_rnglists
                0x000007a0       0x40 /usr/lib/gcc/arm-none-eabi/14.1.0/../../../../arm-none-eabi/lib/thumb/v7-m/nofp/libc_nano.a(libc_a-nano-svfprintf.o)
 .debug_rnglists
                0x000007e0       0x68 /usr/lib/gcc/arm-none-eabi/14.1.0/../../../../arm-none-eabi/lib/thumb/v7-m/nofp/libc_nano.a(libc_a-nano-vfprintf_i.o)
 .debug_rnglists
                0x00000848       0x19 /usr/lib/gcc/arm-none-eabi/14.1.0/../../../../arm-none-eabi/lib/thumb/v7-m/nofp/libc_nano.a(libc_a-fprintf.o)
 .debug_rnglists
                0x00000861       0x13 /usr/lib/gcc/arm-none-eabi/14.1.0/../../../../arm-none-eabi/lib/thumb/v7-m/nofp/libc_nano.a(libc_a-memmove.o)
 .debug_rnglists
                0x00000874       0x13 /usr/lib/gcc/arm-none-eabi/14.1.0/../../../../arm-none-eabi/lib/thumb/v7-m/nofp/libc_nano.a(libc_a-sbrkr.o)
 .debug_rnglists
                0x00000887       0x49 /usr/lib/gcc/arm-none-eabi/14.1.0/../../../../arm-none-eabi/lib/thumb/v7-m/nofp/libc_nano.a(libc_a-lock.o)
 .debug_rnglists
                0x000008d0       0x13 /usr/lib/gcc/arm-none-eabi/14.1.0/../../../../arm-none-eabi/lib/thumb/v7-m/nofp/libc_nano.a(libc_a-memchr-stub.o)
 .debug_rnglists
                0x000008e3       0x13 /usr/lib/gcc/arm-none-eabi/14.1.0/../../../../arm-none-eabi/lib/thumb/v7-m/nofp/libc_nano.a(libc_a-abort.o)
 .debug_rnglists
                0x000008f6       0x14 /usr/lib/gcc/arm-none-eabi/14.1.0/../../../../arm-none-eabi/lib/thumb/v7-m/nofp/libc_nano.a(libc_a-freer.o)
 .debug_rnglists
                0x0000090a       0x13 /usr/lib/gcc/arm-none-eabi/14.1.0/../../../../arm-none-eabi/lib/thumb/v7-m/nofp/libc_nano.a(libc_a-reallocr.o)
 .debug_rnglists
                0x0000091d       0x3b /usr/lib/gcc/arm-none-eabi/14.1.0/../../../../arm-none-eabi/lib/thumb/v7-m/nofp/libc_nano.a(libc_a-nano-vfprintf.o)
 .debug_rnglists
                0x00000958       0x7a /usr/lib/gcc/arm-none-eabi/14.1.0/../../../../arm-none-eabi/lib/thumb/v7-m/nofp/libc_nano.a(libc_a-findfp.o)
 .debug_rnglists
                0x000009d2       0x13 /usr/lib/gcc/arm-none-eabi/14.1.0/../../../../arm-none-eabi/lib/thumb/v7-m/nofp/libc_nano.a(libc_a-fwalk.o)
 .debug_rnglists
                0x000009e5       0x2b /usr/lib/gcc/arm-none-eabi/14.1.0/../../../../arm-none-eabi/lib/thumb/v7-m/nofp/libc_nano.a(libc_a-stdio.o)
 .debug_rnglists
                0x00000a10       0x25 /usr/lib/gcc/arm-none-eabi/14.1.0/../../../../arm-none-eabi/lib/thumb/v7-m/nofp/libc_nano.a(libc_a-wbuf.o)
 .debug_rnglists
                0x00000a35       0x26 /usr/lib/gcc/arm-none-eabi/14.1.0/../../../../arm-none-eabi/lib/thumb/v7-m/nofp/libc_nano.a(libc_a-wsetup.o)
 .debug_rnglists
                0x00000a5b       0x3d /usr/lib/gcc/arm-none-eabi/14.1.0/../../../../arm-none-eabi/lib/thumb/v7-m/nofp/libc_nano.a(libc_a-signal.o)
 .debug_rnglists
                0x00000a98       0x13 /usr/lib/gcc/arm-none-eabi/14.1.0/../../../../arm-none-eabi/lib/thumb/v7-m/nofp/libc_nano.a(libc_a-closer.o)
 .debug_rnglists
                0x00000aab       0x2c /usr/lib/gcc/arm-none-eabi/14.1.0/../../../../arm-none-eabi/lib/thumb/v7-m/nofp/libc_nano.a(libc_a-reent.o)
 .debug_rnglists
                0x00000ad7       0x13 /usr/lib/gcc/arm-none-eabi/14.1.0/../../../../arm-none-eabi/lib/thumb/v7-m/nofp/libc_nano.a(libc_a-lseekr.o)
 .debug_rnglists
                0x00000aea       0x13 /usr/lib/gcc/arm-none-eabi/14.1.0/../../../../arm-none-eabi/lib/thumb/v7-m/nofp/libc_nano.a(libc_a-readr.o)
 .debug_rnglists
                0x00000afd       0x19 /usr/lib/gcc/arm-none-eabi/14.1.0/../../../../arm-none-eabi/lib/thumb/v7-m/nofp/libc_nano.a(libc_a-signalr.o)
 .debug_rnglists
                0x00000b16       0x13 /usr/lib/gcc/arm-none-eabi/14.1.0/../../../../arm-none-eabi/lib/thumb/v7-m/nofp/libc_nano.a(libc_a-writer.o)
 .debug_rnglists
                0x00000b29       0x13 /usr/lib/gcc/arm-none-eabi/14.1.0/../../../../arm-none-eabi/lib/thumb/v7-m/nofp/libc_nano.a(libc_a-msizer.o)
 .debug_rnglists
                0x00000b3c       0x3b /usr/lib/gcc/arm-none-eabi/14.1.0/../../../../arm-none-eabi/lib/thumb/v7-m/nofp/libc_nano.a(libc_a-fflush.o)
 .debug_rnglists
                0x00000b77       0x25 /usr/lib/gcc/arm-none-eabi/14.1.0/../../../../arm-none-eabi/lib/thumb/v7-m/nofp/libc_nano.a(libc_a-makebuf.o)
 .debug_rnglists
                0x00000b9c       0x13 /usr/lib/gcc/arm-none-eabi/14.1.0/../../../../arm-none-eabi/lib/thumb/v7-m/nofp/libc_nano.a(libc_a-fstatr.o)
 .debug_rnglists
                0x00000baf       0x13 /usr/lib/gcc/arm-none-eabi/14.1.0/../../../../arm-none-eabi/lib/thumb/v7-m/nofp/libc_nano.a(libc_a-isattyr.o)
 .debug_rnglists
                0x00000bc2       0x13 /usr/lib/gcc/arm-none-eabi/14.1.0/../../../../arm-none-eabi/lib/thumb/v7-m/nofp/libnosys.a(close.o)
 .debug_rnglists
                0x00000bd5       0x13 /usr/lib/gcc/arm-none-eabi/14.1.0/../../../../arm-none-eabi/lib/thumb/v7-m/nofp/libnosys.a(fstat.o)
 .debug_rnglists
                0x00000be8       0x13 /usr/lib/gcc/arm-none-eabi/14.1.0/../../../../arm-none-eabi/lib/thumb/v7-m/nofp/libnosys.a(getpid.o)
 .debug_rnglists
                0x00000bfb       0x13 /usr/lib/gcc/arm-none-eabi/14.1.0/../../../../arm-none-eabi/lib/thumb/v7-m/nofp/libnosys.a(isatty.o)
 .debug_rnglists
                0x00000c0e       0x13 /usr/lib/gcc/arm-none-eabi/14.1.0/../../../../arm-none-eabi/lib/thumb/v7-m/nofp/libnosys.a(kill.o)
 .debug_rnglists
                0x00000c21       0x13 /usr/lib/gcc/arm-none-eabi/14.1.0/../../../../arm-none-eabi/lib/thumb/v7-m/nofp/libnosys.a(lseek.o)
 .debug_rnglists
                0x00000c34       0x13 /usr/lib/gcc/arm-none-eabi/14.1.0/../../../../arm-none-eabi/lib/thumb/v7-m/nofp/libnosys.a(read.o)
 .debug_rnglists
                0x00000c47       0x13 /usr/lib/gcc/arm-none-eabi/14.1.0/../../../../arm-none-eabi/lib/thumb/v7-m/nofp/libnosys.a(sbrk.o)
 .debug_rnglists
                0x00000c5a       0x13 /usr/lib/gcc/arm-none-eabi/14.1.0/../../../../arm-none-eabi/lib/thumb/v7-m/nofp/libnosys.a(write.o)
 .debug_rnglists
                0x00000c6d       0x13 /usr/lib/gcc/arm-none-eabi/14.1.0/../../../../arm-none-eabi/lib/thumb/v7-m/nofp/libnosys.a(_exit.o)

.debug_macro    0x00000000     0x4115
 .debug_macro   0x00000000      0x17b ./build/list.o
 .debug_macro   0x0000017b      0xac0 ./build/list.o
 .debug_macro   0x00000c3b       0x24 ./build/list.o
 .debug_macro   0x00000c5f       0x22 ./build/list.o
 .debug_macro   0x00000c81       0x67 ./build/list.o
 .debug_macro   0x00000ce8       0x94 ./build/list.o
 .debug_macro   0x00000d7c       0x3c ./build/list.o
 .debug_macro   0x00000db8       0x34 ./build/list.o
 .debug_macro   0x00000dec       0x16 ./build/list.o
 .debug_macro   0x00000e02      0x11c ./build/list.o
 .debug_macro   0x00000f1e       0x9b ./build/list.o
 .debug_macro   0x00000fb9       0x57 ./build/list.o
 .debug_macro   0x00001010      0x364 ./build/list.o
 .debug_macro   0x00001374       0x16 ./build/list.o
 .debug_macro   0x0000138a       0x4a ./build/list.o
 .debug_macro   0x000013d4       0x34 ./build/list.o
 .debug_macro   0x00001408       0x10 ./build/list.o
 .debug_macro   0x00001418       0x58 ./build/list.o
 .debug_macro   0x00001470      0x1de ./build/list.o
 .debug_macro   0x0000164e       0x16 ./build/list.o
 .debug_macro   0x00001664       0x29 ./build/list.o
 .debug_macro   0x0000168d      0x34e ./build/list.o
 .debug_macro   0x000019db       0x16 ./build/list.o
 .debug_macro   0x000019f1      0x164 ./build/list.o
 .debug_macro   0x00001b55       0x22 ./build/list.o
 .debug_macro   0x00001b77      0x182 ./build/list.o
 .debug_macro   0x00001cf9       0xe7 ./build/list.o
 .debug_macro   0x00001de0       0x3a ./build/list.o
 .debug_macro   0x00001e1a       0x1f ./build/list.o
 .debug_macro   0x00001e39       0x12 ./build/list.o
 .debug_macro   0x00001e4b      0xfde ./build/list.o
 .debug_macro   0x00002e29       0xc3 ./build/list.o
 .debug_macro   0x00002eec      0x293 ./build/tasks.o
 .debug_macro   0x0000317f       0x16 ./build/tasks.o
 .debug_macro   0x00003195       0x3c ./build/tasks.o
 .debug_macro   0x000031d1      0x14f ./build/tasks.o
 .debug_macro   0x00003320       0x98 ./build/tasks.o
 .debug_macro   0x000033b8       0x17 ./build/tasks.o
 .debug_macro   0x000033cf      0x20d ./build/queue.o
 .debug_macro   0x000035dc       0x80 ./build/queue.o
 .debug_macro   0x0000365c      0x20b ./build/heap_4.o
 .debug_macro   0x00003867      0x16c ./build/port.o
 .debug_macro   0x000039d3      0x190 ./build/port.o
 .debug_macro   0x00003b63      0x1f3 ./build/main.o
 .debug_macro   0x00003d56       0x85 ./build/main.o
 .debug_macro   0x00003ddb       0x16 ./build/main.o
 .debug_macro   0x00003df1       0x10 ./build/main.o
 .debug_macro   0x00003e01       0x16 ./build/main.o
 .debug_macro   0x00003e17       0x16 ./build/main.o
 .debug_macro   0x00003e2d      0x170 ./build/main.o
 .debug_macro   0x00003f9d       0x28 ./build/main.o
 .debug_macro   0x00003fc5       0x97 ./build/uart.o
 .debug_macro   0x0000405c       0x22 ./build/uart.o
 .debug_macro   0x0000407e       0x97 ./build/startup.o

.debug_line     0x00000000     0xc6bb
 .debug_line    0x00000000      0x49a ./build/list.o
 .debug_line    0x0000049a     0x2b23 ./build/tasks.o
 .debug_line    0x00002fbd     0x1adb ./build/queue.o
 .debug_line    0x00004a98      0x890 ./build/heap_4.o
 .debug_line    0x00005328      0x555 ./build/port.o
 .debug_line    0x0000587d      0x484 ./build/main.o
 .debug_line    0x00005d01      0x1c6 ./build/uart.o
 .debug_line    0x00005ec7      0x222 ./build/startup.o
 .debug_line    0x000060e9       0x4e /usr/lib/gcc/arm-none-eabi/14.1.0/thumb/v7-m/nofp/libgcc.a(_aeabi_uldivmod.o)
 .debug_line    0x00006137      0x5e3 /usr/lib/gcc/arm-none-eabi/14.1.0/thumb/v7-m/nofp/libgcc.a(_udivmoddi4.o)
 .debug_line    0x0000671a       0x4a /usr/lib/gcc/arm-none-eabi/14.1.0/thumb/v7-m/nofp/libgcc.a(_dvmd_tls.o)
 .debug_line    0x00006764      0x230 /usr/lib/gcc/arm-none-eabi/14.1.0/../../../../arm-none-eabi/lib/thumb/v7-m/nofp/libc_nano.a(libc_a-rand.o)
 .debug_line    0x00006994      0x230 /usr/lib/gcc/arm-none-eabi/14.1.0/../../../../arm-none-eabi/lib/thumb/v7-m/nofp/libc_nano.a(libc_a-sprintf.o)
 .debug_line    0x00006bc4      0x103 /usr/lib/gcc/arm-none-eabi/14.1.0/../../../../arm-none-eabi/lib/thumb/v7-m/nofp/libc_nano.a(libc_a-memset.o)
 .debug_line    0x00006cc7       0xe8 /usr/lib/gcc/arm-none-eabi/14.1.0/../../../../arm-none-eabi/lib/thumb/v7-m/nofp/libc_nano.a(libc_a-impure.o)
 .debug_line    0x00006daf      0x160 /usr/lib/gcc/arm-none-eabi/14.1.0/../../../../arm-none-eabi/lib/thumb/v7-m/nofp/libc_nano.a(libc_a-memcpy-stub.o)
 .debug_line    0x00006f0f      0x1af /usr/lib/gcc/arm-none-eabi/14.1.0/../../../../arm-none-eabi/lib/thumb/v7-m/nofp/libc_nano.a(libc_a-assert.o)
 .debug_line    0x000070be      0x174 /usr/lib/gcc/arm-none-eabi/14.1.0/../../../../arm-none-eabi/lib/thumb/v7-m/nofp/libc_nano.a(libc_a-malloc.o)
 .debug_line    0x00007232      0x452 /usr/lib/gcc/arm-none-eabi/14.1.0/../../../../arm-none-eabi/lib/thumb/v7-m/nofp/libc_nano.a(libc_a-mallocr.o)
 .debug_line    0x00007684      0x160 /usr/lib/gcc/arm-none-eabi/14.1.0/../../../../arm-none-eabi/lib/thumb/v7-m/nofp/libc_nano.a(libc_a-mlock.o)
 .debug_line    0x000077e4      0x7fd /usr/lib/gcc/arm-none-eabi/14.1.0/../../../../arm-none-eabi/lib/thumb/v7-m/nofp/libc_nano.a(libc_a-nano-svfprintf.o)
 .debug_line    0x00007fe1      0x67c /usr/lib/gcc/arm-none-eabi/14.1.0/../../../../arm-none-eabi/lib/thumb/v7-m/nofp/libc_nano.a(libc_a-nano-vfprintf_i.o)
 .debug_line    0x0000865d      0x1b1 /usr/lib/gcc/arm-none-eabi/14.1.0/../../../../arm-none-eabi/lib/thumb/v7-m/nofp/libc_nano.a(libc_a-fprintf.o)
 .debug_line    0x0000880e      0x140 /usr/lib/gcc/arm-none-eabi/14.1.0/../../../../arm-none-eabi/lib/thumb/v7-m/nofp/libc_nano.a(libc_a-memmove.o)
 .debug_line    0x0000894e      0x192 /usr/lib/gcc/arm-none-eabi/14.1.0/../../../../arm-none-eabi/lib/thumb/v7-m/nofp/libc_nano.a(libc_a-sbrkr.o)
 .debug_line    0x00008ae0      0x15d /usr/lib/gcc/arm-none-eabi/14.1.0/../../../../arm-none-eabi/lib/thumb/v7-m/nofp/libc_nano.a(libc_a-lock.o)
 .debug_line    0x00008c3d      0x157 /usr/lib/gcc/arm-none-eabi/14.1.0/../../../../arm-none-eabi/lib/thumb/v7-m/nofp/libc_nano.a(libc_a-memchr-stub.o)
 .debug_line    0x00008d94      0x117 /usr/lib/gcc/arm-none-eabi/14.1.0/../../../../arm-none-eabi/lib/thumb/v7-m/nofp/libc_nano.a(libc_a-abort.o)
 .debug_line    0x00008eab      0x289 /usr/lib/gcc/arm-none-eabi/14.1.0/../../../../arm-none-eabi/lib/thumb/v7-m/nofp/libc_nano.a(libc_a-freer.o)
 .debug_line    0x00009134      0x1e7 /usr/lib/gcc/arm-none-eabi/14.1.0/../../../../arm-none-eabi/lib/thumb/v7-m/nofp/libc_nano.a(libc_a-reallocr.o)
 .debug_line    0x0000931b      0x623 /usr/lib/gcc/arm-none-eabi/14.1.0/../../../../arm-none-eabi/lib/thumb/v7-m/nofp/libc_nano.a(libc_a-nano-vfprintf.o)
 .debug_line    0x0000993e      0x556 /usr/lib/gcc/arm-none-eabi/14.1.0/../../../../arm-none-eabi/lib/thumb/v7-m/nofp/libc_nano.a(libc_a-findfp.o)
 .debug_line    0x00009e94      0x1b0 /usr/lib/gcc/arm-none-eabi/14.1.0/../../../../arm-none-eabi/lib/thumb/v7-m/nofp/libc_nano.a(libc_a-fwalk.o)
 .debug_line    0x0000a044      0x268 /usr/lib/gcc/arm-none-eabi/14.1.0/../../../../arm-none-eabi/lib/thumb/v7-m/nofp/libc_nano.a(libc_a-stdio.o)
 .debug_line    0x0000a2ac      0x242 /usr/lib/gcc/arm-none-eabi/14.1.0/../../../../arm-none-eabi/lib/thumb/v7-m/nofp/libc_nano.a(libc_a-wbuf.o)
 .debug_line    0x0000a4ee      0x25f /usr/lib/gcc/arm-none-eabi/14.1.0/../../../../arm-none-eabi/lib/thumb/v7-m/nofp/libc_nano.a(libc_a-wsetup.o)
 .debug_line    0x0000a74d      0x3cb /usr/lib/gcc/arm-none-eabi/14.1.0/../../../../arm-none-eabi/lib/thumb/v7-m/nofp/libc_nano.a(libc_a-signal.o)
 .debug_line    0x0000ab18      0x192 /usr/lib/gcc/arm-none-eabi/14.1.0/../../../../arm-none-eabi/lib/thumb/v7-m/nofp/libc_nano.a(libc_a-closer.o)
 .debug_line    0x0000acaa      0x26a /usr/lib/gcc/arm-none-eabi/14.1.0/../../../../arm-none-eabi/lib/thumb/v7-m/nofp/libc_nano.a(libc_a-reent.o)
 .debug_line    0x0000af14      0x18c /usr/lib/gcc/arm-none-eabi/14.1.0/../../../../arm-none-eabi/lib/thumb/v7-m/nofp/libc_nano.a(libc_a-lseekr.o)
 .debug_line    0x0000b0a0      0x18b /usr/lib/gcc/arm-none-eabi/14.1.0/../../../../arm-none-eabi/lib/thumb/v7-m/nofp/libc_nano.a(libc_a-readr.o)
 .debug_line    0x0000b22b      0x1c3 /usr/lib/gcc/arm-none-eabi/14.1.0/../../../../arm-none-eabi/lib/thumb/v7-m/nofp/libc_nano.a(libc_a-signalr.o)
 .debug_line    0x0000b3ee      0x18c /usr/lib/gcc/arm-none-eabi/14.1.0/../../../../arm-none-eabi/lib/thumb/v7-m/nofp/libc_nano.a(libc_a-writer.o)
 .debug_line    0x0000b57a      0x178 /usr/lib/gcc/arm-none-eabi/14.1.0/../../../../arm-none-eabi/lib/thumb/v7-m/nofp/libc_nano.a(libc_a-msizer.o)
 .debug_line    0x0000b6f2      0x3d1 /usr/lib/gcc/arm-none-eabi/14.1.0/../../../../arm-none-eabi/lib/thumb/v7-m/nofp/libc_nano.a(libc_a-fflush.o)
 .debug_line    0x0000bac3      0x309 /usr/lib/gcc/arm-none-eabi/14.1.0/../../../../arm-none-eabi/lib/thumb/v7-m/nofp/libc_nano.a(libc_a-makebuf.o)
 .debug_line    0x0000bdcc      0x214 /usr/lib/gcc/arm-none-eabi/14.1.0/../../../../arm-none-eabi/lib/thumb/v7-m/nofp/libc_nano.a(libc_a-fstatr.o)
 .debug_line    0x0000bfe0      0x193 /usr/lib/gcc/arm-none-eabi/14.1.0/../../../../arm-none-eabi/lib/thumb/v7-m/nofp/libc_nano.a(libc_a-isattyr.o)
 .debug_line    0x0000c173       0x72 /usr/lib/gcc/arm-none-eabi/14.1.0/../../../../arm-none-eabi/lib/thumb/v7-m/nofp/libnosys.a(close.o)
 .debug_line    0x0000c1e5      0x150 /usr/lib/gcc/arm-none-eabi/14.1.0/../../../../arm-none-eabi/lib/thumb/v7-m/nofp/libnosys.a(fstat.o)
 .debug_line    0x0000c335       0x73 /usr/lib/gcc/arm-none-eabi/14.1.0/../../../../arm-none-eabi/lib/thumb/v7-m/nofp/libnosys.a(getpid.o)
 .debug_line    0x0000c3a8       0x73 /usr/lib/gcc/arm-none-eabi/14.1.0/../../../../arm-none-eabi/lib/thumb/v7-m/nofp/libnosys.a(isatty.o)
 .debug_line    0x0000c41b       0x71 /usr/lib/gcc/arm-none-eabi/14.1.0/../../../../arm-none-eabi/lib/thumb/v7-m/nofp/libnosys.a(kill.o)
 .debug_line    0x0000c48c       0x73 /usr/lib/gcc/arm-none-eabi/14.1.0/../../../../arm-none-eabi/lib/thumb/v7-m/nofp/libnosys.a(lseek.o)
 .debug_line    0x0000c4ff       0x72 /usr/lib/gcc/arm-none-eabi/14.1.0/../../../../arm-none-eabi/lib/thumb/v7-m/nofp/libnosys.a(read.o)
 .debug_line    0x0000c571       0x76 /usr/lib/gcc/arm-none-eabi/14.1.0/../../../../arm-none-eabi/lib/thumb/v7-m/nofp/libnosys.a(sbrk.o)
 .debug_line    0x0000c5e7       0x73 /usr/lib/gcc/arm-none-eabi/14.1.0/../../../../arm-none-eabi/lib/thumb/v7-m/nofp/libnosys.a(write.o)
 .debug_line    0x0000c65a       0x61 /usr/lib/gcc/arm-none-eabi/14.1.0/../../../../arm-none-eabi/lib/thumb/v7-m/nofp/libnosys.a(_exit.o)

.debug_str      0x00000000    0x1875e
 .debug_str     0x00000000    0x1875e ./build/list.o
                              0x10050 (size before relaxing)
 .debug_str     0x0001875e    0x13785 ./build/tasks.o
 .debug_str     0x0001875e    0x129cd ./build/queue.o
 .debug_str     0x0001875e    0x11b69 ./build/heap_4.o
 .debug_str     0x0001875e     0xed49 ./build/port.o
 .debug_str     0x0001875e    0x12b9d ./build/main.o
 .debug_str     0x0001875e     0xc573 ./build/uart.o
 .debug_str     0x0001875e     0xc619 ./build/startup.o
 .debug_str     0x0001875e       0xac /usr/lib/gcc/arm-none-eabi/14.1.0/thumb/v7-m/nofp/libgcc.a(_aeabi_uldivmod.o)
 .debug_str     0x0001875e      0x681 /usr/lib/gcc/arm-none-eabi/14.1.0/thumb/v7-m/nofp/libgcc.a(_udivmoddi4.o)
 .debug_str     0x0001875e       0xcc /usr/lib/gcc/arm-none-eabi/14.1.0/thumb/v7-m/nofp/libgcc.a(_dvmd_tls.o)